<html>
<body>
<pre>
<h1>µVision Build Log</h1>
<h2>Tool Versions:</h2>
IDE-Version: µVision V5.12.0.0
Copyright (C) 2014 ARM Ltd and ARM Germany GmbH. All rights reserved.
License Information: Karol Rejnowicz, AGH, LIC=Z3CQD-8KHKZ-D0FN3-ADK7G-HCEL8-KXJF4
 
Tool Versions:
Toolchain:       MDK-ARM Professional  Version: 5.12.0.0
Toolchain Path:  D:\Programy\Na Studia!!\TMP2\Keil_v5/Core\ARM\ARMCC\Bin
C Compiler:      Armcc.exe V5.05 (build 41)
Assembler:       Armasm.exe V5.05 (build 41)
Linker/Locator:  ArmLink.exe V5.05 (build 41)
Library Manager: ArmAr.exe V5.05 (build 41)
Hex Converter:   FromElf.exe V5.05 (build 41)
CPU DLL:         SARMCM3.DLL V5.12.0.0
Dialog DLL:      DCM.DLL V1.13.0.0
Target DLL:      UL2CM3.DLL V1.153.0.0
Dialog DLL:      TCM.DLL V1.14.2.0
 
<h2>Project:</h2>
C:\Users\Karol\Documents\AuK\Projekt I2C + sensory\pierwszy.uvproj
Project File Date:  05/22/2015

<h2>Output:</h2>
Rebuild target 'Target 1'
compiling main.c...
main.c(6): warning:  #550-D: variable "data" was set but never used
        uint8_t data[] = {0, 1, 2};
main.c: 1 warning, 0 errors
compiling I2C.c...
compiling stm32f4xx_hal.c...
compiling stm32f4xx_hal_cortex.c...
compiling stm32f4xx_hal_gpio.c...
compiling stm32f4xx_hal_pwr.c...
compiling stm32f4xx_hal_pwr_ex.c...
compiling stm32f4xx_hal_rcc.c...
compiling stm32f4xx_hal_rcc_ex.c...
assembling startup_stm32f401xc.s...
compiling system_stm32f4xx.c...
compiling stm32f4xx_hal_dma.c...
compiling stm32f4xx_hal_dma_ex.c...
compiling stm32f4xx_hal_i2c.c...
compiling stm32f4xx_hal_i2c_ex.c...
linking...
Program Size: Code=2672 RO-data=436 RW-data=28 ZI-data=1636  
".\Objects\pierwszy.axf" - 0 Error(s), 1 Warning(s).

<h2>Software Packages used:</h2>

Package Vendor: ARM
                http://www.keil.com/pack/ARM.CMSIS.4.2.0.pack
                ARM::CMSIS:CORE:3.40.0
                CMSIS (Cortex Microcontroller Software Interface Standard)
   * Component: CORE Version: 3.40.0

Package Vendor: Keil
                http://www.keil.com/pack/Keil.STM32F4xx_DFP.2.3.0.pack
                Keil::Device:STM32Cube Framework:Classic:1.1.0
                STMicroelectronics STM32F4 Series Device Support, Drivers and Examples
   * Component: Classic Version: 1.1.0
   * Component: STM32Cube Framework Version: 
   * Component: Common Version: 1.1.0
   * Component: Cortex Version: 1.1.0
   * Component: Startup Version: 2.1.0
   * Component: DMA Version: 1.1.0
   * Component: PWR Version: 1.1.0
   * Component: GPIO Version: 1.1.0
   * Component: I2C Version: 1.1.0
   * Component: RCC Version: 1.1.0

<h2>Collection of Component include folders:</h2>
  C:\Users\Karol\Documents\AuK\Projekt I2C + sensory\RTE
  C:\Users\Karol\Documents\AuK\Projekt I2C + sensory\RTE\Device\STM32F401VCTx
  D:\Programy\Na Studia!!\TMP2\Keil_v5\Pack\ARM\CMSIS\4.2.0\CMSIS\Include
  D:\Programy\Na Studia!!\TMP2\Keil_v5\Pack\Keil\STM32F4xx_DFP\2.3.0\Drivers\CMSIS\Device\ST\STM32F4xx\Include
  D:\Programy\Na Studia!!\TMP2\Keil_v5\Pack\Keil\STM32F4xx_DFP\2.3.0\Drivers\STM32F4xx_HAL_Driver\Inc

<h2>Collection of Component Files used:</h2>

   * Component: ARM::CMSIS:CORE:3.40.0
      Source file:   CMSIS\UserCodeTemplates\ARM\ITM_Retarget.c

   * Component: Keil::Device:STM32Cube Framework:Classic:1.1.0
      Include file:  MDK\Templates\Inc\main.h
      Include file:  MDK\Templates\Inc\stm32f4xx_it.h
      Include file:  CMSIS\Driver\Config\RTE_Device.h
      Source file:   MDK\Templates\Src\stm32f4xx_hal_msp.c
      Source file:   MDK\Templates\Src\main.c
      Include file:  MDK\Templates\Inc\stm32f4xx_hal_conf.h
      Source file:   MDK\Templates\Src\stm32f4xx_it.c

   * Component: ::Device:STM32Cube Framework (API)

   * Component: Keil::Device:STM32Cube HAL:Common:1.1.0
      Include file:  Drivers\STM32F4xx_HAL_Driver\Inc\stm32f4xx_hal.h
      Source file:   Drivers\STM32F4xx_HAL_Driver\Src\stm32f4xx_hal.c

   * Component: Keil::Device:STM32Cube HAL:Cortex:1.1.0
      Source file:   Drivers\STM32F4xx_HAL_Driver\Src\stm32f4xx_hal_cortex.c

   * Component: Keil::Device:Startup:2.1.0
      Source file:   MDK\Device\Source\ARM\STM32F401xx_OPT.s
      Source file:   MDK\Device\Source\ARM\STM32F4xx_OTP.s
      Include file:  Drivers\CMSIS\Device\ST\STM32F4xx\Include\stm32f4xx.h
      Source file:   Drivers\CMSIS\Device\ST\STM32F4xx\Source\Templates\arm\startup_stm32f401xc.s
      Source file:   MDK\Device\Source\ARM\system_stm32f4xx.c

   * Component: Keil::Device:STM32Cube HAL:DMA:1.1.0
      Source file:   Drivers\STM32F4xx_HAL_Driver\Src\stm32f4xx_hal_dma.c
      Source file:   Drivers\STM32F4xx_HAL_Driver\Src\stm32f4xx_hal_dma_ex.c

   * Component: Keil::Device:STM32Cube HAL:PWR:1.1.0
      Source file:   Drivers\STM32F4xx_HAL_Driver\Src\stm32f4xx_hal_pwr.c
      Source file:   Drivers\STM32F4xx_HAL_Driver\Src\stm32f4xx_hal_pwr_ex.c

   * Component: Keil::Device:STM32Cube HAL:GPIO:1.1.0
      Source file:   Drivers\STM32F4xx_HAL_Driver\Src\stm32f4xx_hal_gpio.c

   * Component: Keil::Device:STM32Cube HAL:I2C:1.1.0
      Source file:   Drivers\STM32F4xx_HAL_Driver\Src\stm32f4xx_hal_i2c.c
      Source file:   Drivers\STM32F4xx_HAL_Driver\Src\stm32f4xx_hal_i2c_ex.c

   * Component: Keil::Device:STM32Cube HAL:RCC:1.1.0
      Source file:   Drivers\STM32F4xx_HAL_Driver\Src\stm32f4xx_hal_rcc_ex.c
      Source file:   Drivers\STM32F4xx_HAL_Driver\Src\stm32f4xx_hal_rcc.c
Load "C:\\Users\\Karol\\Documents\\AuK\\Projekt I2C + sensory\\Objects\\pierwszy.axf" 
Internal DLL Error
Error: Flash Download failed  -  Target DLL has been cancelled
Load "C:\\Users\\Karol\\Documents\\AuK\\Projekt I2C + sensory\\Objects\\pierwszy.axf" 
Internal DLL Error
Error: Flash Download failed  -  Target DLL has been cancelled
Load "C:\\Users\\Karol\\Documents\\AuK\\Projekt I2C + sensory\\Objects\\pierwszy.axf" 
Erase Done.
Programming Done.
Verify OK.
Application running ...
ler Software Interface Standard)
   * Component: CORE Version: 3.40.0

Package Vendor: Keil
                http://www.keil.com/pack/Keil.STM32F4xx_DFP.2.3.0.pack
                Keil::Device:STM32Cube Framework:Classic:1.1.0
                STMicroelectronics STM32F4 Series Device Support, Drivers and Examples
   * Component: Classic Version: 1.1.0
   * Component: STM32Cube Framework Version: 
   * Component: Common Version: 1.1.0
   * Component: Cortex Version: 1.1.0
   * Component: Startup Version: 2.1.0
   * Component: DMA Version: 1.1.0
   * Component: PWR Version: 1.1.0
   * Component: GPIO Version: 1.1.0
   * Component: I2C Version: 1.1.0
   * Component: RCC Version: 1.1.0

<h2>Collection of Component include folders:</h2>
  C:\Users\Karol\Documents\AuK\Projekt I2C + sensory\RTE
  C:\Users\Karol\Documents\AuK\Projekt I2C + sensory\RTE\Device\STM32F401VCTx
  D:\Programy\Na Studia!!\TMP2\Keil_v5\Pack\ARM\CMSIS\4.2.0\CMSIS\Include
  D:\Programy\Na Studia!!\TMP2\Keil_v5\Pack\Keil\STM32F4xx_DFP\2.3.0\Drivers\CMSIS\Device\ST\STM32F4xx\Include
  D:\Programy\Na Studia!!\TMP2\Keil_v5\Pack\Keil\STM32F4xx_DFP\2.3.0\Drivers\STM32F4xx_HAL_Driver\Inc

<h2>Collection of Component Files used:</h2>

   * Component: ARM::CMSIS:CORE:3.40.0
      Source file:   CMSIS\UserCodeTemplates\ARM\ITM_Retarget.c

   * Component: Keil::Device:STM32Cube Framework:Classic:1.1.0
      Include file:  MDK\Templates\Inc\main.h
      Include file:  MDK\Templates\Inc\stm32f4xx_it.h
      Include file:  CMSIS\Driver\Config\RTE_Device.h
      Source file:   MDK\Templates\Src\stm32f4xx_hal_msp.c
      Source file:   MDK\Templates\Src\main.c
      Include file:  MDK\Templates\Inc\stm32f4xx_hal_conf.h
      Source file:   MDK\Templates\Src\stm32f4xx_it.c

   * Component: ::Device:STM32Cube Framework (API)

   * Component: Keil::Device:STM32Cube HAL:Common:1.1.0
      Include file:  Drivers\STM32F4xx_HAL_Driver\Inc\stm32f4xx_hal.h
      Source file:   Drivers\STM32F4xx_HAL_Driver\Src\stm32f4xx_hal.c

   * Component: Keil::Device:STM32Cube HAL:Cortex:1.1.0
      Source file:   Drivers\STM32F4xx_HAL_Driver\Src\stm32f4xx_hal_cortex.c

   * Component: Keil::Device:Startup:2.1.0
      Source file:   MDK\Device\Source\ARM\STM32F401xx_OPT.s
      Source file:   MDK\Device\Source\ARM\STM32F4xx_OTP.s
      Include file:  Drivers\CMSIS\Device\ST\STM32F4xx\Include\stm32f4xx.h
      Source file:   Drivers\CMSIS\Device\ST\STM32F4xx\Source\Templates\arm\startup_stm32f401xc.s
      Source file:   MDK\Device\Source\ARM\system_stm32f4xx.c

   * Component: Keil::Device:STM32Cube HAL:DMA:1.1.0
      Source file:   Drivers\STM32F4xx_HAL_Driver\Src\stm32f4xx_hal_dma.c
      Source file:   Drivers\STM32F4xx_HAL_Driver\Src\stm32f4xx_hal_dma_ex.c

   * Component: Keil::Device:STM32Cube HAL:PWR:1.1.0
      Source file:   Drivers\STM32F4xx_HAL_Driver\Src\stm32f4xx_hal_pwr.c
      Source file:   Drivers\STM32F4xx_HAL_Driver\Src\stm32f4xx_hal_pwr_ex.c

   * Component: Keil::Device:STM32Cube HAL:GPIO:1.1.0
      Source file:   Drivers\STM32F4xx_HAL_Driver\Src\stm32f4xx_hal_gpio.c

   * Component: Keil::Device:STM32Cube HAL:I2C:1.1.0
      Source file:   Drivers\STM32F4xx_HAL_Driver\Src\stm32f4xx_hal_i2c.c
      Source file:   Drivers\STM32F4xx_HAL_Driver\Src\stm32f4xx_hal_i2c_ex.c

   * Component: Keil::Device:STM32Cube HAL:RCC:1.1.0
      Source file:   Drivers\STM32F4xx_HAL_Driver\Src\stm32f4xx_hal_rcc_ex.c
      Source file:   Drivers\STM32F4xx_HAL_Driver\Src\stm32f4xx_hal_rcc.c
Target not created.
