Component: ARM Compiler 5.05 (build 41) Tool: armlink [4d0eb9]

==============================================================================

Section Cross References

    main.o(.text) refers to stm32f4xx_hal_gpio.o(.text) for HAL_GPIO_Init
    main.o(.text) refers to stm32f4xx_hal.o(.text) for HAL_Init
    main.o(.text) refers to mag_accel.o(.text) for accel_gyro_Init
    main.o(.text) refers to main.o(.data) for tick
    stm32f401_discovery.o(.text) refers to stm32f4xx_hal_gpio.o(.text) for HAL_GPIO_Init
    stm32f401_discovery.o(.text) refers to stm32f4xx_hal_cortex.o(.text) for HAL_NVIC_SetPriority
    stm32f401_discovery.o(.text) refers to stm32f4xx_hal_i2c.o(.text) for HAL_I2C_GetState
    stm32f401_discovery.o(.text) refers to stm32f4xx_hal_spi.o(.text) for HAL_SPI_GetState
    stm32f401_discovery.o(.text) refers to stm32f401_discovery.o(.constdata) for GPIO_PIN
    stm32f401_discovery.o(.text) refers to stm32f401_discovery.o(.data) for GPIO_PORT
    stm32f401_discovery.o(.text) refers to stm32f401_discovery.o(.bss) for I2cHandle
    stm32f401_discovery.o(.text) refers to stm32f4xx_hal.o(.text) for HAL_Delay
    stm32f401_discovery_accelerometer.o(.text) refers to lsm303dlhc.o(.text) for LSM303DLHC_MagReadID
    stm32f401_discovery_accelerometer.o(.text) refers to lsm303dlhc.o(.data) for Lsm303dlhcDrv
    stm32f401_discovery_accelerometer.o(.text) refers to stm32f401_discovery_accelerometer.o(.data) for AccelerometerDrv
    lsm303dlhc.o(.text) refers to stm32f401_discovery.o(.text) for COMPASSACCELERO_IO_Init
    lsm303dlhc.o(.data) refers to lsm303dlhc.o(.text) for LSM303DLHC_AccInit
    l3gd20.o(.text) refers to stm32f401_discovery.o(.text) for GYRO_IO_Init
    l3gd20.o(.data) refers to l3gd20.o(.text) for L3GD20_Init
    stm32f401_discovery_gyroscope.o(.text) refers to l3gd20.o(.data) for L3gd20Drv
    stm32f401_discovery_gyroscope.o(.text) refers to stm32f401_discovery_gyroscope.o(.data) for GyroscopeDrv
    mag_accel.o(.text) refers to stm32f401_discovery_accelerometer.o(.text) for BSP_ACCELERO_Init
    mag_accel.o(.text) refers to stm32f401_discovery_gyroscope.o(.text) for BSP_GYRO_Init
    mag_accel.o(.text) refers to main.o(.text) for delay
    mag_accel.o(.text) refers to tim_pwm.o(.text) for timer_init
    mag_accel.o(.text) refers to atan2f.o(i.__hardfp_atan2f) for __hardfp_atan2f
    mag_accel.o(.text) refers to sinf.o(i.__hardfp_sinf) for __hardfp_sinf
    mag_accel.o(.text) refers to cosf.o(i.__hardfp_cosf) for __hardfp_cosf
    mag_accel.o(.text) refers to mag_accel.o(.bss) for gyroBias
    mag_accel.o(.text) refers to mag_accel.o(.data) for Data
    tim_pwm.o(.text) refers to stm32f4xx_hal_tim.o(.text) for HAL_TIM_Base_Init
    tim_pwm.o(.text) refers to system_stm32f4xx.o(.data) for SystemCoreClock
    tim_pwm.o(.text) refers to tim_pwm.o(.data) for PrescalerValue
    tim_pwm.o(.text) refers to tim_pwm.o(.bss) for TIM4_Handle
    stm32f4xx_hal.o(.text) refers to stm32f4xx_hal_rcc.o(.text) for HAL_RCC_GetHCLKFreq
    stm32f4xx_hal.o(.text) refers to stm32f4xx_hal_cortex.o(.text) for HAL_SYSTICK_Config
    stm32f4xx_hal.o(.text) refers to stm32f4xx_hal.o(.data) for uwTick
    stm32f4xx_hal_pwr_ex.o(.text) refers to stm32f4xx_hal.o(.text) for HAL_GetTick
    stm32f4xx_hal_rcc.o(.text) refers to stm32f4xx_hal.o(.text) for HAL_GetTick
    stm32f4xx_hal_rcc.o(.text) refers to stm32f4xx_hal_gpio.o(.text) for HAL_GPIO_Init
    stm32f4xx_hal_rcc.o(.text) refers to stm32f4xx_hal_rcc.o(.constdata) for APBAHBPrescTable
    stm32f4xx_hal_rcc.o(.text) refers to system_stm32f4xx.o(.data) for SystemCoreClock
    stm32f4xx_hal_rcc_ex.o(.text) refers to stm32f4xx_hal.o(.text) for HAL_GetTick
    startup_stm32f401xc.o(STACK) refers (Special) to heapauxi.o(.text) for __use_two_region_memory
    startup_stm32f401xc.o(HEAP) refers (Special) to heapauxi.o(.text) for __use_two_region_memory
    startup_stm32f401xc.o(RESET) refers (Special) to heapauxi.o(.text) for __use_two_region_memory
    startup_stm32f401xc.o(RESET) refers to startup_stm32f401xc.o(STACK) for __initial_sp
    startup_stm32f401xc.o(RESET) refers to startup_stm32f401xc.o(.text) for Reset_Handler
    startup_stm32f401xc.o(RESET) refers to main.o(.text) for SysTick_Handler
    startup_stm32f401xc.o(.text) refers (Special) to heapauxi.o(.text) for __use_two_region_memory
    startup_stm32f401xc.o(.text) refers to system_stm32f4xx.o(.text) for SystemInit
    startup_stm32f401xc.o(.text) refers to __main.o(!!!main) for __main
    startup_stm32f401xc.o(.text) refers to startup_stm32f401xc.o(HEAP) for Heap_Mem
    startup_stm32f401xc.o(.text) refers to startup_stm32f401xc.o(STACK) for Stack_Mem
    system_stm32f4xx.o(.text) refers to system_stm32f4xx.o(.data) for SystemCoreClock
    stm32f4xx_hal_dma.o(.text) refers to stm32f4xx_hal.o(.text) for HAL_GetTick
    stm32f4xx_hal_i2c.o(.text) refers to stm32f4xx_hal_rcc.o(.text) for HAL_RCC_GetPCLK1Freq
    stm32f4xx_hal_i2c.o(.text) refers to stm32f4xx_hal.o(.text) for HAL_GetTick
[...]
    RTE\Device\STM32F401VCTx\startup_stm32f401xc.s 0x00000000   Number         0  startup_stm32f401xc.o ABSOLUTE
    RTE\Device\STM32F401VCTx\system_stm32f4xx.c 0x00000000   Number         0  system_stm32f4xx.o ABSOLUTE
    RTE\\Device\\STM32F401VCTx\\system_stm32f4xx.c 0x00000000   Number         0  system_stm32f4xx.o ABSOLUTE
    STM32F401-Discovery\\stm32f401_discovery.c 0x00000000   Number         0  stm32f401_discovery.o ABSOLUTE
    STM32F401-Discovery\\stm32f401_discovery_accelerometer.c 0x00000000   Number         0  stm32f401_discovery_accelerometer.o ABSOLUTE
    STM32F401-Discovery\\stm32f401_discovery_gyroscope.c 0x00000000   Number         0  stm32f401_discovery_gyroscope.o ABSOLUTE
    STM32F401-Discovery\stm32f401_discovery.c 0x00000000   Number         0  stm32f401_discovery.o ABSOLUTE
    STM32F401-Discovery\stm32f401_discovery_accelerometer.c 0x00000000   Number         0  stm32f401_discovery_accelerometer.o ABSOLUTE
    STM32F401-Discovery\stm32f401_discovery_gyroscope.c 0x00000000   Number         0  stm32f401_discovery_gyroscope.o ABSOLUTE
    dc.s                                     0x00000000   Number         0  dc.o ABSOLUTE
    l3gd20.c                                 0x00000000   Number         0  l3gd20.o ABSOLUTE
    lsm303dlhc.c                             0x00000000   Number         0  lsm303dlhc.o ABSOLUTE
    lsm303dlhc.c                             0x00000000   Number         0  lsm303dlhc.o ABSOLUTE
    mag_accel.c                              0x00000000   Number         0  mag_accel.o ABSOLUTE
    mag_accel.c                              0x00000000   Number         0  mag_accel.o ABSOLUTE
    main.c                                   0x00000000   Number         0  main.o ABSOLUTE
    main.c                                   0x00000000   Number         0  main.o ABSOLUTE
    tim_pwm.c                                0x00000000   Number         0  tim_pwm.o ABSOLUTE
    tim_pwm.c                                0x00000000   Number         0  tim_pwm.o ABSOLUTE
    tim_pwm_functions.c                      0x00000000   Number         0  tim_pwm_functions.o ABSOLUTE
    tim_pwm_functions.c                      0x00000000   Number         0  tim_pwm_functions.o ABSOLUTE
    RESET                                    0x08000000   Section      404  startup_stm32f401xc.o(RESET)
    !!!main                                  0x08000194   Section        8  __main.o(!!!main)
    !!!scatter                               0x0800019c   Section       52  __scatter.o(!!!scatter)
    !!handler_copy                           0x080001d0   Section       26  __scatter_copy.o(!!handler_copy)
    !!handler_zi                             0x080001ec   Section       28  __scatter_zi.o(!!handler_zi)
    .ARM.Collect$$libinit$$00000000          0x08000208   Section        2  libinit.o(.ARM.Collect$$libinit$$00000000)
    .ARM.Collect$$libinit$$00000001          0x0800020a   Section        4  libinit2.o(.ARM.Collect$$libinit$$00000001)
    .ARM.Collect$$libinit$$00000004          0x0800020e   Section        0  libinit2.o(.ARM.Collect$$libinit$$00000004)
    .ARM.Collect$$libinit$$0000000A          0x0800020e   Section        0  libinit2.o(.ARM.Collect$$libinit$$0000000A)
    .ARM.Collect$$libinit$$0000000C          0x0800020e   Section        0  libinit2.o(.ARM.Collect$$libinit$$0000000C)
    .ARM.Collect$$libinit$$0000000E          0x0800020e   Section        0  libinit2.o(.ARM.Collect$$libinit$$0000000E)
    .ARM.Collect$$libinit$$00000011          0x0800020e   Section        0  libinit2.o(.ARM.Collect$$libinit$$00000011)
    .ARM.Collect$$libinit$$00000013          0x0800020e   Section        0  libinit2.o(.ARM.Collect$$libinit$$00000013)
    .ARM.Collect$$libinit$$00000015          0x0800020e   Section        0  libinit2.o(.ARM.Collect$$libinit$$00000015)
    .ARM.Collect$$libinit$$00000017          0x0800020e   Section        0  libinit2.o(.ARM.Collect$$libinit$$00000017)
    .ARM.Collect$$libinit$$00000019          0x0800020e   Section        0  libinit2.o(.ARM.Collect$$libinit$$00000019)
    .ARM.Collect$$libinit$$0000001B          0x0800020e   Section        0  libinit2.o(.ARM.Collect$$libinit$$0000001B)
    .ARM.Collect$$libinit$$0000001D          0x0800020e   Section        0  libinit2.o(.ARM.Collect$$libinit$$0000001D)
    .ARM.Collect$$libinit$$0000001F          0x0800020e   Section        0  libinit2.o(.ARM.Collect$$libinit$$0000001F)
    .ARM.Collect$$libinit$$00000021          0x0800020e   Section        0  libinit2.o(.ARM.Collect$$libinit$$00000021)
    .ARM.Collect$$libinit$$00000023          0x0800020e   Section        0  libinit2.o(.ARM.Collect$$libinit$$00000023)
    .ARM.Collect$$libinit$$00000025          0x0800020e   Section        0  libinit2.o(.ARM.Collect$$libinit$$00000025)
    .ARM.Collect$$libinit$$0000002C          0x0800020e   Section        0  libinit2.o(.ARM.Collect$$libinit$$0000002C)
    .ARM.Collect$$libinit$$0000002E          0x0800020e   Section        0  libinit2.o(.ARM.Collect$$libinit$$0000002E)
    .ARM.Collect$$libinit$$00000030          0x0800020e   Section        0  libinit2.o(.ARM.Collect$$libinit$$00000030)
    .ARM.Collect$$libinit$$00000032          0x0800020e   Section        0  libinit2.o(.ARM.Collect$$libinit$$00000032)
    .ARM.Collect$$libinit$$00000033          0x0800020e   Section        2  libinit2.o(.ARM.Collect$$libinit$$00000033)
    .ARM.Collect$$libshutdown$$00000000      0x08000210   Section        2  libshutdown.o(.ARM.Collect$$libshutdown$$00000000)
    .ARM.Collect$$libshutdown$$00000003      0x08000212   Section        0  libshutdown2.o(.ARM.Collect$$libshutdown$$00000003)
    .ARM.Collect$$libshutdown$$00000006      0x08000212   Section        0  libshutdown2.o(.ARM.Collect$$libshutdown$$00000006)
    .ARM.Collect$$libshutdown$$00000009      0x08000212   Section        0  libshutdown2.o(.ARM.Collect$$libshutdown$$00000009)
    .ARM.Collect$$libshutdown$$0000000B      0x08000212   Section        0  libshutdown2.o(.ARM.Collect$$libshutdown$$0000000B)
    .ARM.Collect$$libshutdown$$0000000E      0x08000212   Section        0  libshutdown2.o(.ARM.Collect$$libshutdown$$0000000E)
    .ARM.Collect$$libshutdown$$0000000F      0x08000212   Section        2  libshutdown2.o(.ARM.Collect$$libshutdown$$0000000F)
    .ARM.Collect$$rtentry$$00000000          0x08000214   Section        0  __rtentry.o(.ARM.Collect$$rtentry$$00000000)
    .ARM.Collect$$rtentry$$00000002          0x08000214   Section        0  __rtentry2.o(.ARM.Collect$$rtentry$$00000002)
    .ARM.Collect$$rtentry$$00000004          0x08000214   Section        6  __rtentry4.o(.ARM.Collect$$rtentry$$00000004)
    .ARM.Collect$$rtentry$$00000009          0x0800021a   Section        0  __rtentry2.o(.ARM.Collect$$rtentry$$00000009)
    .ARM.Collect$$rtentry$$0000000A          0x0800021a   Section        4  __rtentry2.o(.ARM.Collect$$rtentry$$0000000A)
    .ARM.Collect$$rtentry$$0000000C          0x0800021e   Section        0  __rtentry2.o(.ARM.Collect$$rtentry$$0000000C)
    .ARM.Collect$$rtentry$$0000000D          0x0800021e   Section        8  __rtentry2.o(.ARM.Collect$$rtentry$$0000000D)
    .ARM.Collect$$rtexit$$00000000           0x08000226   Section        2  rtexit.o(.ARM.Collect$$rtexit$$00000000)
    .ARM.Collect$$rtexit$$00000002           0x08000228   Section        0  rtexit2.o(.ARM.Collect$$rtexit$$00000002)
    .ARM.Collect$$rtexit$$00000003           0x08000228   Section        4  rtexit2.o(.ARM.Collect$$rtexit$$00000003)
    .ARM.Collect$$rtexit$$00000004           0x0800022c   Section        6  rtexit2.o(.ARM.Collect$$rtexit$$00000004)
    .text                                    0x08000234   Section        0  main.o(.text)
    .text                                    0x080002c0   Section        0  stm32f401_discovery.o(.text)
    I2Cx_MspInit                             0x0800041d   Thumb Code   126  stm32f401_discovery.o(.text)
    I2Cx_Init                                0x0800049b   Thumb Code    62  stm32f401_discovery.o(.text)
    I2Cx_Error                               0x080004d9   Thumb Code    14  stm32f401_discovery.o(.text)
    I2Cx_WriteData                           0x080004e7   Thumb Code    48  stm32f401_discovery.o(.text)
    I2Cx_ReadData                            0x08000517   Thumb Code    54  stm32f401_discovery.o(.text)
    SPIx_MspInit                             0x0800054d   Thumb Code    64  stm32f401_discovery.o(.text)
    SPIx_Init                                0x0800058d   Thumb Code    74  stm32f401_discovery.o(.text)
    SPIx_Error                               0x080005d7   Thumb Code    14  stm32f401_discovery.o(.text)
    SPIx_WriteRead                           0x080005e5   Thumb Code    38  stm32f401_discovery.o(.text)
    .text                                    0x08000844   Section        0  stm32f401_discovery_accelerometer.o(.text)
    .text                                    0x080009a0   Section        0  lsm303dlhc.o(.text)
    .text                                    0x08000df0   Section        0  l3gd20.o(.text)
    .text                                    0x080010ac   Section        0  stm32f401_discovery_gyroscope.o(.text)
    .text                                    0x080011fc   Section        0  mag_accel.o(.text)
    .text                                    0x080015b0   Section        0  tim_pwm.o(.text)
    .text                                    0x080016f4   Section        0  stm32f4xx_hal.o(.text)
    .text                                    0x08001874   Section        0  stm32f4xx_hal_cortex.o(.text)
    NVIC_SetPriority                         0x08001875   Thumb Code    32  stm32f4xx_hal_cortex.o(.text)
    NVIC_GetPriorityGrouping                 0x08001afd   Thumb Code    12  stm32f4xx_hal_cortex.o(.text)
    .text                                    0x08001b1c   Section        0  stm32f4xx_hal_gpio.o(.text)
    .text                                    0x08001e58   Section        0  stm32f4xx_hal_rcc.o(.text)
    .text                                    0x08002894   Section       64  startup_stm32f401xc.o(.text)
    $v0                                      0x08002894   Number         0  startup_stm32f401xc.o(.text)
    .text                                    0x080028d4   Section        0  system_stm32f4xx.o(.text)
    .text                                    0x080029f4   Section        0  stm32f4xx_hal_dma.o(.text)
    DMA_SetConfig                            0x080039dd   Thumb Code    32  stm32f4xx_hal_dma.o(.text)
    .text                                    0x080088dc   Section        0  stm32f4xx_hal_i2c.o(.text)
    I2C_WaitOnFlagUntilTimeout               0x08008a2b   Thumb Code   222  stm32f4xx_hal_i2c.o(.text)
    I2C_WaitOnMasterAddressFlagUntilTimeout  0x08008b09   Thumb Code   172  stm32f4xx_hal_i2c.o(.text)
    I2C_MasterRequestWrite                   0x08008bb5   Thumb Code   140  stm32f4xx_hal_i2c.o(.text)
    I2C_MasterRequestRead                    0x08008d61   Thumb Code   244  stm32f4xx_hal_i2c.o(.text)
    I2C_DMAError                             0x08009583   Thumb Code    48  stm32f4xx_hal_i2c.o(.text)
    I2C_DMAMasterTransmitCplt                0x080095b5   Thumb Code   114  stm32f4xx_hal_i2c.o(.text)
    I2C_DMAMasterReceiveCplt                 0x080096f1   Thumb Code   112  stm32f4xx_hal_i2c.o(.text)
    I2C_DMASlaveTransmitCplt                 0x08009849   Thumb Code   124  stm32f4xx_hal_i2c.o(.text)
    I2C_DMASlaveReceiveCplt                  0x080099cb   Thumb Code   134  stm32f4xx_hal_i2c.o(.text)
    I2C_RequestMemoryWrite                   0x08009b05   Thumb Code   170  stm32f4xx_hal_i2c.o(.text)
    I2C_RequestMemoryRead                    0x08009cbd   Thumb Code   292  stm32f4xx_hal_i2c.o(.text)
    I2C_DMAMemTransmitCplt                   0x0800a1cd   Thumb Code   116  stm32f4xx_hal_i2c.o(.text)
    I2C_DMAMemReceiveCplt                    0x0800a31b   Thumb Code   112  stm32f4xx_hal_i2c.o(.text)
    I2C_SlaveReceive_BTF                     0x0800a5e5   Thumb Code    30  stm32f4xx_hal_i2c.o(.text)
    I2C_SlaveReceive_RXNE                    0x0800a603   Thumb Code    30  stm32f4xx_hal_i2c.o(.text)
    I2C_SlaveTransmit_BTF                    0x0800a621   Thumb Code    28  stm32f4xx_hal_i2c.o(.text)
    I2C_SlaveTransmit_TXE                    0x0800a63d   Thumb Code    28  stm32f4xx_hal_i2c.o(.text)
    I2C_Slave_STOPF                          0x0800a659   Thumb Code    82  stm32f4xx_hal_i2c.o(.text)
    I2C_Slave_ADDR                           0x0800a6ab   Thumb Code    18  stm32f4xx_hal_i2c.o(.text)
    I2C_MasterReceive_BTF                    0x0800a6bd   Thumb Code   204  stm32f4xx_hal_i2c.o(.text)
    I2C_MasterReceive_RXNE                   0x0800a789   Thumb Code   144  stm32f4xx_hal_i2c.o(.text)
    I2C_MasterTransmit_BTF                   0x0800a819   Thumb Code   108  stm32f4xx_hal_i2c.o(.text)
    I2C_MasterTransmit_TXE                   0x0800a885   Thumb Code    40  stm32f4xx_hal_i2c.o(.text)
    I2C_Slave_AF                             0x0800aa1f   Thumb Code    70  stm32f4xx_hal_i2c.o(.text)
    .text                                    0x0800ab60   Section        0  stm32f4xx_hal_spi.o(.text)
    SPI_WaitOnFlagUntilTimeout               0x0800ac1b   Thumb Code   278  stm32f4xx_hal_spi.o(.text)
    SPI_TxCloseIRQHandler                    0x0800b49b   Thumb Code   162  stm32f4xx_hal_spi.o(.text)
    SPI_TxISR                                0x0800b53d   Thumb Code    74  stm32f4xx_hal_spi.o(.text)
    SPI_RxCloseIRQHandler                    0x0800b651   Thumb Code   248  stm32f4xx_hal_spi.o(.text)
    SPI_2LinesRxISR                          0x0800b749   Thumb Code    56  stm32f4xx_hal_spi.o(.text)
    SPI_RxISR                                0x0800b843   Thumb Code    82  stm32f4xx_hal_spi.o(.text)
    SPI_DMAError                             0x0800b975   Thumb Code    48  stm32f4xx_hal_spi.o(.text)
    SPI_DMATransmitCplt                      0x0800b9a5   Thumb Code   128  stm32f4xx_hal_spi.o(.text)
    SPI_DMAHalfTransmitCplt                  0x0800ba27   Thumb Code    14  stm32f4xx_hal_spi.o(.text)
    SPI_DMAReceiveCplt                       0x0800bb11   Thumb Code   216  stm32f4xx_hal_spi.o(.text)
    SPI_DMAHalfReceiveCplt                   0x0800bbeb   Thumb Code    14  stm32f4xx_hal_spi.o(.text)
    SPI_DMATransmitReceiveCplt               0x0800bbf9   Thumb Code   222  stm32f4xx_hal_spi.o(.text)
    SPI_DMAHalfTransmitReceiveCplt           0x0800bcd9   Thumb Code    14  stm32f4xx_hal_spi.o(.text)
    .text                                    0x0800c10c   Section        0  stm32f4xx_hal_tim.o(.text)
    TIM_DMAPeriodElapsedCplt                 0x0800c2dd   Thumb Code    20  stm32f4xx_hal_tim.o(.text)
    TIM_OC4_SetConfig                        0x0800d88f   Thumb Code    82  stm32f4xx_hal_tim.o(.text)
    TIM_OC3_SetConfig                        0x0800d8e1   Thumb Code   112  stm32f4xx_hal_tim.o(.text)
    TIM_OC1_SetConfig                        0x0800d9bb   Thumb Code    96  stm32f4xx_hal_tim.o(.text)
    TIM_TI4_SetConfig                        0x0800da8f   Thumb Code    52  stm32f4xx_hal_tim.o(.text)
    TIM_TI3_SetConfig                        0x0800dac3   Thumb Code    50  stm32f4xx_hal_tim.o(.text)
    TIM_TI2_SetConfig                        0x0800daf5   Thumb Code    52  stm32f4xx_hal_tim.o(.text)
    TIM_DMATriggerCplt                       0x0800deab   Thumb Code    20  stm32f4xx_hal_tim.o(.text)
    TIM_ETR_SetConfig                        0x0800e1f1   Thumb Code    24  stm32f4xx_hal_tim.o(.text)
    TIM_ITRx_SetConfig                       0x0800e2eb   Thumb Code    46  stm32f4xx_hal_tim.o(.text)
    TIM_TI1_ConfigInputStage                 0x0800e319   Thumb Code    42  stm32f4xx_hal_tim.o(.text)
    TIM_TI2_ConfigInputStage                 0x0800e343   Thumb Code    44  stm32f4xx_hal_tim.o(.text)
    .text                                    0x0800e610   Section        0  stm32f4xx_hal_tim_ex.o(.text)
    TIM_CCxNChannelCmd                       0x0800e891   Thumb Code    28  stm32f4xx_hal_tim_ex.o(.text)
    .text                                    0x0800f368   Section        0  heapauxi.o(.text)
    .text                                    0x0800f36e   Section        0  _rserrno.o(.text)
    .text                                    0x0800f384   Section        8  rt_errno_addr_intlibspace.o(.text)
    .text                                    0x0800f38c   Section        8  libspace.o(.text)
    .text                                    0x0800f394   Section       74  sys_stackheap_outer.o(.text)
    .text                                    0x0800f3de   Section        0  exit.o(.text)
    .text                                    0x0800f3ec   Section        0  sys_exit.o(.text)
    .text                                    0x0800f3f8   Section        2  use_no_semi.o(.text)
    .text                                    0x0800f3fa   Section        0  indicate_semi.o(.text)
    i.__ARM_fpclassifyf                      0x0800f3fa   Section        0  fpclassifyf.o(i.__ARM_fpclassifyf)
    i.__hardfp_atan2f                        0x0800f420   Section        0  atan2f.o(i.__hardfp_atan2f)
    i.__hardfp_cosf                          0x0800f670   Section        0  cosf.o(i.__hardfp_cosf)
    i.__hardfp_sinf                          0x0800f7c0   Section        0  sinf.o(i.__hardfp_sinf)
    i.__mathlib_flt_infnan                   0x0800f950   Section        0  funder.o(i.__mathlib_flt_infnan)
    i.__mathlib_flt_infnan2                  0x0800f956   Section        0  funder.o(i.__mathlib_flt_infnan2)
    i.__mathlib_flt_invalid                  0x0800f95c   Section        0  funder.o(i.__mathlib_flt_invalid)
    i.__mathlib_flt_underflow                0x0800f96c   Section        0  funder.o(i.__mathlib_flt_underflow)
    i.__mathlib_rredf2                       0x0800f97c   Section        0  rredf.o(i.__mathlib_rredf2)
    x$fpl$fpinit                             0x0800fad0   Section       10  fpinit.o(x$fpl$fpinit)
    $v0                                      0x0800fad0   Number         0  fpinit.o(x$fpl$fpinit)
    .constdata                               0x0800fada   Section       11  stm32f401_discovery.o(.constdata)
    x$fpl$usenofp                            0x0800fada   Section        0  usenofp.o(x$fpl$usenofp)
    .constdata                               0x0800fae5   Section       16  stm32f4xx_hal_rcc.o(.constdata)
    .constdata                               0x0800faf8   Section       32  rredf.o(.constdata)
    twooverpi                                0x0800faf8   Data          32  rredf.o(.constdata)
    .data                                    0x20000000   Section        4  main.o(.data)
    .data                                    0x20000004   Section       28  stm32f401_discovery.o(.data)
    .data                                    0x20000020   Section        4  stm32f401_discovery_accelerometer.o(.data)
    AccelerometerDrv                         0x20000020   Data           4  stm32f401_discovery_accelerometer.o(.data)
    .data                                    0x20000024   Section       54  lsm303dlhc.o(.data)
    .data                                    0x2000005c   Section       44  l3gd20.o(.data)
    .data                                    0x20000088   Section        4  stm32f401_discovery_gyroscope.o(.data)
    GyroscopeDrv                             0x20000088   Data           4  stm32f401_discovery_gyroscope.o(.data)
    .data                                    0x2000008c   Section       20  mag_accel.o(.data)
    Data                                     0x2000008c   Data           6  mag_accel.o(.data)
    sinAngle                                 0x20000094   Data           4  mag_accel.o(.data)
    cosAngle                                 0x20000098   Data           4  mag_accel.o(.data)
    temp                                     0x2000009c   Data           4  mag_accel.o(.data)
    .data                                    0x200000a0   Section        8  tim_pwm.o(.data)
    .data                                    0x200000a8   Section        4  stm32f4xx_hal.o(.data)
    uwTick                                   0x200000a8   Data           4  stm32f4xx_hal.o(.data)
    .data                                    0x200000ac   Section       20  system_stm32f4xx.o(.data)
    .bss                                     0x200000c0   Section      140  stm32f401_discovery.o(.bss)
    I2cHandle                                0x200000c0   Data          56  stm32f401_discovery.o(.bss)
    SpiHandle                                0x200000f8   Data          84  stm32f401_discovery.o(.bss)
    .bss                                     0x2000014c   Section       84  mag_accel.o(.bss)
    gyroBias                                 0x2000014c   Data          12  mag_accel.o(.bss)
    rawGyro                                  0x20000158   Data          12  mag_accel.o(.bss)
    lastValue                                0x20000164   Data          12  mag_accel.o(.bss)
    ACC_XYZ                                  0x20000170   Data          12  mag_accel.o(.bss)
    angle2                                   0x2000017c   Data          12  mag_accel.o(.bss)
    currentValue                             0x20000188   Data          12  mag_accel.o(.bss)
    angleDelta                               0x20000194   Data          12  mag_accel.o(.bss)
    .bss                                     0x200001a0   Section      108  tim_pwm.o(.bss)
    .bss                                     0x2000020c   Section       96  libspace.o(.bss)
    HEAP                                     0x20000270   Section      512  startup_stm32f401xc.o(HEAP)
    Heap_Mem                                 0x20000270   Data         512  startup_stm32f401xc.o(HEAP)
    STACK                                    0x20000470   Section     1024  startup_stm32f401xc.o(STACK)
    Stack_Mem                                0x20000470   Data        1024  startup_stm32f401xc.o(STACK)
    __initial_sp                             0x20000870   Data           0  startup_stm32f401xc.o(STACK)

    Global Symbols

    Symbol Name                              Value     Ov Type        Size  Object(Section)

    BuildAttributes$$THM_ISAv4$E$P$D$K$B$S$7EM$VFPi3$EXTD16$VFPS$VFMA$PE$A:L22UL41UL21$X:L11$S22US41US21$IEEE1$IW$USESV6$~STKCKD$USESV7$~SHL$OTIME$ROPI$IEEEX$EBA8$UX$STANDARDLIB$REQ8$PRES8$EABIv2 0x00000000   Number         0  anon$$obj.o ABSOLUTE
    __ARM_use_no_argv                        0x00000000   Number         0  main.o ABSOLUTE
    __ARM_exceptions_init                     - Undefined Weak Reference
    __alloca_initialize                       - Undefined Weak Reference
    __arm_preinit_                            - Undefined Weak Reference
    __cpp_initialize__aeabi_                  - Undefined Weak Reference
    __cxa_finalize                            - Undefined Weak Reference
    __rt_locale                               - Undefined Weak Reference
    __sigvec_lookup                           - Undefined Weak Reference
    _atexit_init                              - Undefined Weak Reference
    _call_atexit_fns                          - Undefined Weak Reference
    _clock_init                               - Undefined Weak Reference
    _fp_trap_init                             - Undefined Weak Reference
    _fp_trap_shutdown                         - Undefined Weak Reference
    _get_lc_collate                           - Undefined Weak Reference
    _get_lc_ctype                             - Undefined Weak Reference
    _get_lc_monetary                          - Undefined Weak Reference
    _get_lc_numeric                           - Undefined Weak Reference
    _get_lc_time                              - Undefined Weak Reference
    _getenv_init                              - Undefined Weak Reference
    _handle_redirection                       - Undefined Weak Reference
    _init_alloc                               - Undefined Weak Reference
    _init_user_alloc                          - Undefined Weak Reference
    _initio                                   - Undefined Weak Reference
    _rand_init                                - Undefined Weak Reference
    _signal_finish                            - Undefined Weak Reference
    _signal_init                              - Undefined Weak Reference
    _terminate_alloc                          - Undefined Weak Reference
    _terminate_user_alloc                     - Undefined Weak Reference
    _terminateio                              - Undefined Weak Reference
    __Vectors_Size                           0x00000194   Number         0  startup_stm32f401xc.o ABSOLUTE
    __Vectors                                0x08000000   Data           4  startup_stm32f401xc.o(RESET)
    __Vectors_End                            0x08000194   Data           0  startup_stm32f401xc.o(RESET)
    __main                                   0x08000195   Thumb Code     8  __main.o(!!!main)
    __scatterload                            0x0800019d   Thumb Code     0  __scatter.o(!!!scatter)
    __scatterload_rt2                        0x0800019d   Thumb Code    44  __scatter.o(!!!scatter)
    __scatterload_rt2_thumb_only             0x0800019d   Thumb Code     0  __scatter.o(!!!scatter)
    __scatterload_null                       0x080001ab   Thumb Code     0  __scatter.o(!!!scatter)
    __scatterload_copy                       0x080001d1   Thumb Code    26  __scatter_copy.o(!!handler_copy)
    __scatterload_zeroinit                   0x080001ed   Thumb Code    28  __scatter_zi.o(!!handler_zi)
    __rt_lib_init                            0x08000209   Thumb Code     0  libinit.o(.ARM.Collect$$libinit$$00000000)
    __rt_lib_init_fp_1                       0x0800020b   Thumb Code     0  libinit2.o(.ARM.Collect$$libinit$$00000001)
    __rt_lib_init_alloca_1                   0x0800020f   Thumb Code     0  libinit2.o(.ARM.Collect$$libinit$$0000002E)
    __rt_lib_init_argv_1                     0x0800020f   Thumb Code     0  libinit2.o(.ARM.Collect$$libinit$$0000002C)
    __rt_lib_init_atexit_1                   0x0800020f   Thumb Code     0  libinit2.o(.ARM.Collect$$libinit$$0000001B)
    __rt_lib_init_clock_1                    0x0800020f   Thumb Code     0  libinit2.o(.ARM.Collect$$libinit$$00000021)
    __rt_lib_init_cpp_1                      0x0800020f   Thumb Code     0  libinit2.o(.ARM.Collect$$libinit$$00000032)
    __rt_lib_init_exceptions_1               0x0800020f   Thumb Code     0  libinit2.o(.ARM.Collect$$libinit$$00000030)
    __rt_lib_init_fp_trap_1                  0x0800020f   Thumb Code     0  libinit2.o(.ARM.Collect$$libinit$$0000001F)
    __rt_lib_init_getenv_1                   0x0800020f   Thumb Code     0  libinit2.o(.ARM.Collect$$libinit$$00000023)
    __rt_lib_init_heap_1                     0x0800020f   Thumb Code     0  libinit2.o(.ARM.Collect$$libinit$$0000000A)
    __rt_lib_init_lc_collate_1               0x0800020f   Thumb Code     0  libinit2.o(.ARM.Collect$$libinit$$00000011)
    __rt_lib_init_lc_ctype_1                 0x0800020f   Thumb Code     0  libinit2.o(.ARM.Collect$$libinit$$00000013)
    __rt_lib_init_lc_monetary_1              0x0800020f   Thumb Code     0  libinit2.o(.ARM.Collect$$libinit$$00000015)
    __rt_lib_init_lc_numeric_1               0x0800020f   Thumb Code     0  libinit2.o(.ARM.Collect$$libinit$$00000017)
    __rt_lib_init_lc_time_1                  0x0800020f   Thumb Code     0  libinit2.o(.ARM.Collect$$libinit$$00000019)
    __rt_lib_init_preinit_1                  0x0800020f   Thumb Code     0  libinit2.o(.ARM.Collect$$libinit$$00000004)
    __rt_lib_init_rand_1                     0x0800020f   Thumb Code     0  libinit2.o(.ARM.Collect$$libinit$$0000000E)
    __rt_lib_init_return                     0x0800020f   Thumb Code     0  libinit2.o(.ARM.Collect$$libinit$$00000033)
    __rt_lib_init_signal_1                   0x0800020f   Thumb Code     0  libinit2.o(.ARM.Collect$$libinit$$0000001D)
    __rt_lib_init_stdio_1                    0x0800020f   Thumb Code     0  libinit2.o(.ARM.Collect$$libinit$$00000025)
    __rt_lib_init_user_alloc_1               0x0800020f   Thumb Code     0  libinit2.o(.ARM.Collect$$libinit$$0000000C)
    __rt_lib_shutdown                        0x08000211   Thumb Code     0  libshutdown.o(.ARM.Collect$$libshutdown$$00000000)
    __rt_lib_shutdown_fp_trap_1              0x08000213   Thumb Code     0  libshutdown2.o(.ARM.Collect$$libshutdown$$00000006)
    __rt_lib_shutdown_heap_1                 0x08000213   Thumb Code     0  libshutdown2.o(.ARM.Collect$$libshutdown$$0000000E)
    __rt_lib_shutdown_return                 0x08000213   Thumb Code     0  libshutdown2.o(.ARM.Collect$$libshutdown$$0000000F)
    __rt_lib_shutdown_signal_1               0x08000213   Thumb Code     0  libshutdown2.o(.ARM.Collect$$libshutdown$$00000009)
    __rt_lib_shutdown_stdio_1                0x08000213   Thumb Code     0  libshutdown2.o(.ARM.Collect$$libshutdown$$00000003)
    __rt_lib_shutdown_user_alloc_1           0x08000213   Thumb Code     0  libshutdown2.o(.ARM.Collect$$libshutdown$$0000000B)
    __rt_entry                               0x08000215   Thumb Code     0  __rtentry.o(.ARM.Collect$$rtentry$$00000000)
    __rt_entry_presh_1                       0x08000215   Thumb Code     0  __rtentry2.o(.ARM.Collect$$rtentry$$00000002)
    __rt_entry_sh                            0x08000215   Thumb Code     0  __rtentry4.o(.ARM.Collect$$rtentry$$00000004)
    __rt_entry_li                            0x0800021b   Thumb Code     0  __rtentry2.o(.ARM.Collect$$rtentry$$0000000A)
    __rt_entry_postsh_1                      0x0800021b   Thumb Code     0  __rtentry2.o(.ARM.Collect$$rtentry$$00000009)
    __rt_entry_main                          0x0800021f   Thumb Code     0  __rtentry2.o(.ARM.Collect$$rtentry$$0000000D)
    __rt_entry_postli_1                      0x0800021f   Thumb Code     0  __rtentry2.o(.ARM.Collect$$rtentry$$0000000C)
    __rt_exit                                0x08000227   Thumb Code     0  rtexit.o(.ARM.Collect$$rtexit$$00000000)
    __rt_exit_ls                             0x08000229   Thumb Code     0  rtexit2.o(.ARM.Collect$$rtexit$$00000003)
    __rt_exit_prels_1                        0x08000229   Thumb Code     0  rtexit2.o(.ARM.Collect$$rtexit$$00000002)
    __rt_exit_exit                           0x0800022d   Thumb Code     0  rtexit2.o(.ARM.Collect$$rtexit$$00000004)
    LED_Init                                 0x08000235   Thumb Code    48  main.o(.text)
    main                                     0x08000265   Thumb Code    42  main.o(.text)
    delay                                    0x0800028f   Thumb Code    26  main.o(.text)
    SysTick_Handler                          0x080002a9   Thumb Code    12  main.o(.text)
    BSP_GetVersion                           0x080002c1   Thumb Code     6  stm32f401_discovery.o(.text)
    BSP_LED_Init                             0x080002c7   Thumb Code   122  stm32f401_discovery.o(.text)
    BSP_LED_On                               0x08000341   Thumb Code    24  stm32f401_discovery.o(.text)
    BSP_LED_Off                              0x08000359   Thumb Code    24  stm32f401_discovery.o(.text)
    BSP_LED_Toggle                           0x08000371   Thumb Code    22  stm32f401_discovery.o(.text)
    BSP_PB_Init                              0x08000387   Thumb Code   128  stm32f401_discovery.o(.text)
    BSP_PB_GetState                          0x08000407   Thumb Code    22  stm32f401_discovery.o(.text)
    GYRO_IO_Init                             0x0800060b   Thumb Code    94  stm32f401_discovery.o(.text)
    GYRO_IO_Write                            0x08000669   Thumb Code    62  stm32f401_discovery.o(.text)
    GYRO_IO_Read                             0x080006a7   Thumb Code   138  stm32f401_discovery.o(.text)
    AUDIO_IO_Init                            0x08000731   Thumb Code    80  stm32f401_discovery.o(.text)
    AUDIO_IO_Write                           0x08000781   Thumb Code    20  stm32f401_discovery.o(.text)
    AUDIO_IO_Read                            0x08000795   Thumb Code    16  stm32f401_discovery.o(.text)
    COMPASSACCELERO_IO_Init                  0x080007a5   Thumb Code    46  stm32f401_discovery.o(.text)
    COMPASSACCELERO_IO_ITConfig              0x080007d3   Thumb Code    60  stm32f401_discovery.o(.text)
    COMPASSACCELERO_IO_Write                 0x0800080f   Thumb Code    20  stm32f401_discovery.o(.text)
    COMPASSACCELERO_IO_Read                  0x08000823   Thumb Code    16  stm32f401_discovery.o(.text)
    BSP_ACCELERO_Init                        0x08000845   Thumb Code   184  stm32f401_discovery_accelerometer.o(.text)
    BSP_ACCELERO_Reset                       0x080008fd   Thumb Code    20  stm32f401_discovery_accelerometer.o(.text)
    BSP_ACCELERO_Click_ITConfig              0x08000911   Thumb Code    20  stm32f401_discovery_accelerometer.o(.text)
    BSP_ACCELERO_GetXYZ                      0x08000925   Thumb Code    50  stm32f401_discovery_accelerometer.o(.text)
    BSP_MAGNETO_Init                         0x08000957   Thumb Code    52  stm32f401_discovery_accelerometer.o(.text)
    BSP_MAGNETO_GetXYZ                       0x0800098b   Thumb Code    12  stm32f401_discovery_accelerometer.o(.text)
    LSM303DLHC_AccInit                       0x080009a1   Thumb Code    38  lsm303dlhc.o(.text)
    LSM303DLHC_AccReadID                     0x080009c7   Thumb Code    22  lsm303dlhc.o(.text)
    LSM303DLHC_AccRebootCmd                  0x080009dd   Thumb Code    28  lsm303dlhc.o(.text)
    LSM303DLHC_AccFilterConfig               0x080009f9   Thumb Code    32  lsm303dlhc.o(.text)
    LSM303DLHC_AccFilterCmd                  0x08000a19   Thumb Code    32  lsm303dlhc.o(.text)
    LSM303DLHC_AccReadXYZ                    0x08000a39   Thumb Code   282  lsm303dlhc.o(.text)
    LSM303DLHC_AccFilterClickCmd             0x08000b53   Thumb Code    34  lsm303dlhc.o(.text)
    LSM303DLHC_AccIT1Enable                  0x08000b75   Thumb Code    30  lsm303dlhc.o(.text)
    LSM303DLHC_AccIT1Disable                 0x08000b93   Thumb Code    30  lsm303dlhc.o(.text)
    LSM303DLHC_AccIT2Enable                  0x08000bb1   Thumb Code    30  lsm303dlhc.o(.text)
    LSM303DLHC_AccIT2Disable                 0x08000bcf   Thumb Code    30  lsm303dlhc.o(.text)
    LSM303DLHC_AccINT1InterruptEnable        0x08000bed   Thumb Code    36  lsm303dlhc.o(.text)
    LSM303DLHC_AccINT1InterruptDisable       0x08000c11   Thumb Code    36  lsm303dlhc.o(.text)
    LSM303DLHC_AccINT2InterruptEnable        0x08000c35   Thumb Code    36  lsm303dlhc.o(.text)
    LSM303DLHC_AccINT2InterruptDisable       0x08000c59   Thumb Code    36  lsm303dlhc.o(.text)
    LSM303DLHC_AccClickITEnable              0x08000c7d   Thumb Code    76  lsm303dlhc.o(.text)
    LSM303DLHC_AccClickITDisable             0x08000cc9   Thumb Code    30  lsm303dlhc.o(.text)
    LSM303DLHC_AccZClickITConfig             0x08000ce7   Thumb Code    26  lsm303dlhc.o(.text)
    LSM303DLHC_MagInit                       0x08000d01   Thumb Code    62  lsm303dlhc.o(.text)
    LSM303DLHC_MagGetDataStatus              0x08000d3f   Thumb Code    16  lsm303dlhc.o(.text)
    LSM303DLHC_MagReadID                     0x08000d4f   Thumb Code    22  lsm303dlhc.o(.text)
    LSM303DLHC_MagReadXYZ                    0x08000d65   Thumb Code   138  lsm303dlhc.o(.text)
    L3GD20_Init                              0x08000df1   Thumb Code    42  l3gd20.o(.text)
    L3GD20_ReadID                            0x08000e1b   Thumb Code    22  l3gd20.o(.text)
    L3GD20_RebootCmd                         0x08000e31   Thumb Code    34  l3gd20.o(.text)
    L3GD20_INT1InterruptConfig               0x08000e53   Thumb Code    94  l3gd20.o(.text)
    L3GD20_EnableIT                          0x08000eb1   Thumb Code    74  l3gd20.o(.text)
    L3GD20_DisableIT                         0x08000efb   Thumb Code    66  l3gd20.o(.text)
    L3GD20_FilterConfig                      0x08000f3d   Thumb Code    44  l3gd20.o(.text)
    L3GD20_FilterCmd                         0x08000f69   Thumb Code    44  l3gd20.o(.text)
    L3GD20_GetDataStatus                     0x08000f95   Thumb Code    18  l3gd20.o(.text)
    L3GD20_ReadXYZAngRate                    0x08000fa7   Thumb Code   240  l3gd20.o(.text)
    BSP_GYRO_Init                            0x080010ad   Thumb Code   168  stm32f401_discovery_gyroscope.o(.text)
    BSP_GYRO_ReadID                          0x08001155   Thumb Code    26  stm32f401_discovery_gyroscope.o(.text)
    BSP_GYRO_Reset                           0x0800116f   Thumb Code    20  stm32f401_discovery_gyroscope.o(.text)
    BSP_GYRO_ITConfig                        0x08001183   Thumb Code    40  stm32f401_discovery_gyroscope.o(.text)
    BSP_GYRO_EnableIT                        0x080011ab   Thumb Code    24  stm32f401_discovery_gyroscope.o(.text)
    BSP_GYRO_DisableIT                       0x080011c3   Thumb Code    24  stm32f401_discovery_gyroscope.o(.text)
    BSP_GYRO_GetXYZ                          0x080011db   Thumb Code    24  stm32f401_discovery_gyroscope.o(.text)
    accel_gyro_Init                          0x080011fd   Thumb Code    18  mag_accel.o(.text)
    compute_Gyro_RT_Data                     0x0800120f   Thumb Code   136  mag_accel.o(.text)
    getGyro                                  0x08001297   Thumb Code    62  mag_accel.o(.text)
    GyroAngle                                0x080012d5   Thumb Code   658  mag_accel.o(.text)
    timer_init                               0x080015b1   Thumb Code    80  tim_pwm.o(.text)
    pwm_ch1_init                             0x08001601   Thumb Code    36  tim_pwm.o(.text)
    pwm_ch1_dim                              0x08001625   Thumb Code    56  tim_pwm.o(.text)
    pwm_ch2_init                             0x0800165d   Thumb Code    38  tim_pwm.o(.text)
    pwm_ch3_init                             0x08001683   Thumb Code    38  tim_pwm.o(.text)
    pwm_ch4_init                             0x080016a9   Thumb Code    38  tim_pwm.o(.text)
    HAL_MspInit                              0x080016f5   Thumb Code     2  stm32f4xx_hal.o(.text)
    HAL_InitTick                             0x080016f7   Thumb Code    36  stm32f4xx_hal.o(.text)
    HAL_Init                                 0x0800171b   Thumb Code    54  stm32f4xx_hal.o(.text)
    HAL_MspDeInit                            0x08001751   Thumb Code     2  stm32f4xx_hal.o(.text)
    HAL_DeInit                               0x08001753   Thumb Code    64  stm32f4xx_hal.o(.text)
    HAL_IncTick                              0x08001793   Thumb Code    12  stm32f4xx_hal.o(.text)
    HAL_GetTick                              0x0800179f   Thumb Code     6  stm32f4xx_hal.o(.text)
    HAL_Delay                                0x080017a5   Thumb Code    26  stm32f4xx_hal.o(.text)
    HAL_SuspendTick                          0x080017bf   Thumb Code    18  stm32f4xx_hal.o(.text)
    HAL_ResumeTick                           0x080017d1   Thumb Code    18  stm32f4xx_hal.o(.text)
    HAL_GetHalVersion                        0x080017e3   Thumb Code     4  stm32f4xx_hal.o(.text)
    HAL_GetREVID                             0x080017e7   Thumb Code     8  stm32f4xx_hal.o(.text)
    HAL_GetDEVID                             0x080017ef   Thumb Code    10  stm32f4xx_hal.o(.text)
    HAL_EnableDBGSleepMode                   0x080017f9   Thumb Code    14  stm32f4xx_hal.o(.text)
    HAL_DisableDBGSleepMode                  0x08001807   Thumb Code    14  stm32f4xx_hal.o(.text)
    HAL_EnableDBGStopMode                    0x08001815   Thumb Code    14  stm32f4xx_hal.o(.text)
    HAL_DisableDBGStopMode                   0x08001823   Thumb Code    14  stm32f4xx_hal.o(.text)
    HAL_EnableDBGStandbyMode                 0x08001831   Thumb Code    14  stm32f4xx_hal.o(.text)
    HAL_DisableDBGStandbyMode                0x0800183f   Thumb Code    14  stm32f4xx_hal.o(.text)
    HAL_EnableCompensationCell               0x0800184d   Thumb Code     8  stm32f4xx_hal.o(.text)
    HAL_DisableCompensationCell              0x08001855   Thumb Code     8  stm32f4xx_hal.o(.text)
    HAL_NVIC_SetPriorityGrouping             0x08001895   Thumb Code    36  stm32f4xx_hal_cortex.o(.text)
    HAL_NVIC_SetPriority                     0x080018b9   Thumb Code   124  stm32f4xx_hal_cortex.o(.text)
    HAL_NVIC_EnableIRQ                       0x08001935   Thumb Code    26  stm32f4xx_hal_cortex.o(.text)
    HAL_NVIC_DisableIRQ                      0x0800194f   Thumb Code    22  stm32f4xx_hal_cortex.o(.text)
    HAL_NVIC_SystemReset                     0x08001965   Thumb Code    38  stm32f4xx_hal_cortex.o(.text)
    HAL_SYSTICK_Config                       0x0800198b   Thumb Code    52  stm32f4xx_hal_cortex.o(.text)
    HAL_NVIC_GetPriorityGrouping             0x080019bf   Thumb Code     8  stm32f4xx_hal_cortex.o(.text)
    HAL_NVIC_GetPriority                     0x080019c7   Thumb Code   138  stm32f4xx_hal_cortex.o(.text)
    HAL_NVIC_SetPendingIRQ                   0x08001a51   Thumb Code    24  stm32f4xx_hal_cortex.o(.text)
    HAL_NVIC_GetPendingIRQ                   0x08001a69   Thumb Code    38  stm32f4xx_hal_cortex.o(.text)
    HAL_NVIC_ClearPendingIRQ                 0x08001a8f   Thumb Code    22  stm32f4xx_hal_cortex.o(.text)
    HAL_NVIC_GetActive                       0x08001aa5   Thumb Code    38  stm32f4xx_hal_cortex.o(.text)
    HAL_SYSTICK_CLKSourceConfig              0x08001acb   Thumb Code    40  stm32f4xx_hal_cortex.o(.text)
    HAL_SYSTICK_Callback                     0x08001af3   Thumb Code     2  stm32f4xx_hal_cortex.o(.text)
    HAL_SYSTICK_IRQHandler                   0x08001af5   Thumb Code     8  stm32f4xx_hal_cortex.o(.text)
    HAL_GPIO_Init                            0x08001b1d   Thumb Code   466  stm32f4xx_hal_gpio.o(.text)
    HAL_GPIO_DeInit                          0x08001cef   Thumb Code   200  stm32f4xx_hal_gpio.o(.text)
    HAL_GPIO_ReadPin                         0x08001db7   Thumb Code    16  stm32f4xx_hal_gpio.o(.text)
    HAL_GPIO_WritePin                        0x08001dc7   Thumb Code    10  stm32f4xx_hal_gpio.o(.text)
    HAL_GPIO_TogglePin                       0x08001dd1   Thumb Code     8  stm32f4xx_hal_gpio.o(.text)
    HAL_GPIO_LockPin                         0x08001dd9   Thumb Code    46  stm32f4xx_hal_gpio.o(.text)
    HAL_GPIO_EXTI_Callback                   0x08001e07   Thumb Code     2  stm32f4xx_hal_gpio.o(.text)
    HAL_GPIO_EXTI_IRQHandler                 0x08001e09   Thumb Code    28  stm32f4xx_hal_gpio.o(.text)
    HAL_RCC_DeInit                           0x08001e59   Thumb Code    96  stm32f4xx_hal_rcc.o(.text)
    HAL_RCC_OscConfig                        0x08001eb9   Thumb Code  1016  stm32f4xx_hal_rcc.o(.text)
    HAL_RCC_ClockConfig                      0x080022b1   Thumb Code   612  stm32f4xx_hal_rcc.o(.text)
    HAL_RCC_MCOConfig                        0x08002515   Thumb Code   146  stm32f4xx_hal_rcc.o(.text)
    HAL_RCC_EnableCSS                        0x080025a7   Thumb Code     8  stm32f4xx_hal_rcc.o(.text)
    HAL_RCC_DisableCSS                       0x080025af   Thumb Code     8  stm32f4xx_hal_rcc.o(.text)
    HAL_RCC_GetSysClockFreq                  0x080025b7   Thumb Code   214  stm32f4xx_hal_rcc.o(.text)
    HAL_RCC_GetHCLKFreq                      0x0800268d   Thumb Code    42  stm32f4xx_hal_rcc.o(.text)
    HAL_RCC_GetPCLK1Freq                     0x080026b7   Thumb Code    36  stm32f4xx_hal_rcc.o(.text)
    HAL_RCC_GetPCLK2Freq                     0x080026db   Thumb Code    36  stm32f4xx_hal_rcc.o(.text)
    HAL_RCC_GetOscConfig                     0x080026ff   Thumb Code   296  stm32f4xx_hal_rcc.o(.text)
    HAL_RCC_GetClockConfig                   0x08002827   Thumb Code    58  stm32f4xx_hal_rcc.o(.text)
    HAL_RCC_CCSCallback                      0x08002861   Thumb Code     2  stm32f4xx_hal_rcc.o(.text)
    HAL_RCC_NMI_IRQHandler                   0x08002863   Thumb Code    30  stm32f4xx_hal_rcc.o(.text)
    Reset_Handler                            0x08002895   Thumb Code     8  startup_stm32f401xc.o(.text)
    NMI_Handler                              0x0800289d   Thumb Code     2  startup_stm32f401xc.o(.text)
    HardFault_Handler                        0x0800289f   Thumb Code     2  startup_stm32f401xc.o(.text)
    MemManage_Handler                        0x080028a1   Thumb Code     2  startup_stm32f401xc.o(.text)
    BusFault_Handler                         0x080028a3   Thumb Code     2  startup_stm32f401xc.o(.text)
    UsageFault_Handler                       0x080028a5   Thumb Code     2  startup_stm32f401xc.o(.text)
    SVC_Handler                              0x080028a7   Thumb Code     2  startup_stm32f401xc.o(.text)
    DebugMon_Handler                         0x080028a9   Thumb Code     2  startup_stm32f401xc.o(.text)
    PendSV_Handler                           0x080028ab   Thumb Code     2  startup_stm32f401xc.o(.text)
    ADC_IRQHandler                           0x080028af   Thumb Code     0  startup_stm32f401xc.o(.text)
    DMA1_Stream0_IRQHandler                  0x080028af   Thumb Code     0  startup_stm32f401xc.o(.text)
    DMA1_Stream1_IRQHandler                  0x080028af   Thumb Code     0  startup_stm32f401xc.o(.text)
    DMA1_Stream2_IRQHandler                  0x080028af   Thumb Code     0  startup_stm32f401xc.o(.text)
    DMA1_Stream3_IRQHandler                  0x080028af   Thumb Code     0  startup_stm32f401xc.o(.text)
    DMA1_Stream4_IRQHandler                  0x080028af   Thumb Code     0  startup_stm32f401xc.o(.text)
    DMA1_Stream5_IRQHandler                  0x080028af   Thumb Code     0  startup_stm32f401xc.o(.text)
    DMA1_Stream6_IRQHandler                  0x080028af   Thumb Code     0  startup_stm32f401xc.o(.text)
    DMA1_Stream7_IRQHandler                  0x080028af   Thumb Code     0  startup_stm32f401xc.o(.text)
    DMA2_Stream0_IRQHandler                  0x080028af   Thumb Code     0  startup_stm32f401xc.o(.text)
    DMA2_Stream1_IRQHandler                  0x080028af   Thumb Code     0  startup_stm32f401xc.o(.text)
    DMA2_Stream2_IRQHandler                  0x080028af   Thumb Code     0  startup_stm32f401xc.o(.text)
    DMA2_Stream3_IRQHandler                  0x080028af   Thumb Code     0  startup_stm32f401xc.o(.text)
    DMA2_Stream4_IRQHandler                  0x080028af   Thumb Code     0  startup_stm32f401xc.o(.text)
    DMA2_Stream5_IRQHandler                  0x080028af   Thumb Code     0  startup_stm32f401xc.o(.text)
    DMA2_Stream6_IRQHandler                  0x080028af   Thumb Code     0  startup_stm32f401xc.o(.text)
    DMA2_Stream7_IRQHandler                  0x080028af   Thumb Code     0  startup_stm32f401xc.o(.text)
    EXTI0_IRQHandler                         0x080028af   Thumb Code     0  startup_stm32f401xc.o(.text)
    EXTI15_10_IRQHandler                     0x080028af   Thumb Code     0  startup_stm32f401xc.o(.text)
    EXTI1_IRQHandler                         0x080028af   Thumb Code     0  startup_stm32f401xc.o(.text)
    EXTI2_IRQHandler                         0x080028af   Thumb Code     0  startup_stm32f401xc.o(.text)
    EXTI3_IRQHandler                         0x080028af   Thumb Code     0  startup_stm32f401xc.o(.text)
    EXTI4_IRQHandler                         0x080028af   Thumb Code     0  startup_stm32f401xc.o(.text)
    EXTI9_5_IRQHandler                       0x080028af   Thumb Code     0  startup_stm32f401xc.o(.text)
    FLASH_IRQHandler                         0x080028af   Thumb Code     0  startup_stm32f401xc.o(.text)
    FPU_IRQHandler                           0x080028af   Thumb Code     0  startup_stm32f401xc.o(.text)
    I2C1_ER_IRQHandler                       0x080028af   Thumb Code     0  startup_stm32f401xc.o(.text)
    I2C1_EV_IRQHandler                       0x080028af   Thumb Code     0  startup_stm32f401xc.o(.text)
    I2C2_ER_IRQHandler                       0x080028af   Thumb Code     0  startup_stm32f401xc.o(.text)
    I2C2_EV_IRQHandler                       0x080028af   Thumb Code     0  startup_stm32f401xc.o(.text)
    I2C3_ER_IRQHandler                       0x080028af   Thumb Code     0  startup_stm32f401xc.o(.text)
    I2C3_EV_IRQHandler                       0x080028af   Thumb Code     0  startup_stm32f401xc.o(.text)
    OTG_FS_IRQHandler                        0x080028af   Thumb Code     0  startup_stm32f401xc.o(.text)
    OTG_FS_WKUP_IRQHandler                   0x080028af   Thumb Code     0  startup_stm32f401xc.o(.text)
    PVD_IRQHandler                           0x080028af   Thumb Code     0  startup_stm32f401xc.o(.text)
    RCC_IRQHandler                           0x080028af   Thumb Code     0  startup_stm32f401xc.o(.text)
    RTC_Alarm_IRQHandler                     0x080028af   Thumb Code     0  startup_stm32f401xc.o(.text)
    RTC_WKUP_IRQHandler                      0x080028af   Thumb Code     0  startup_stm32f401xc.o(.text)
    SDIO_IRQHandler                          0x080028af   Thumb Code     0  startup_stm32f401xc.o(.text)
    SPI1_IRQHandler                          0x080028af   Thumb Code     0  startup_stm32f401xc.o(.text)
    SPI2_IRQHandler                          0x080028af   Thumb Code     0  startup_stm32f401xc.o(.text)
    SPI3_IRQHandler                          0x080028af   Thumb Code     0  startup_stm32f401xc.o(.text)
    SPI4_IRQHandler                          0x080028af   Thumb Code     0  startup_stm32f401xc.o(.text)
    TAMP_STAMP_IRQHandler                    0x080028af   Thumb Code     0  startup_stm32f401xc.o(.text)
    TIM1_BRK_TIM9_IRQHandler                 0x080028af   Thumb Code     0  startup_stm32f401xc.o(.text)
    TIM1_CC_IRQHandler                       0x080028af   Thumb Code     0  startup_stm32f401xc.o(.text)
    TIM1_TRG_COM_TIM11_IRQHandler            0x080028af   Thumb Code     0  startup_stm32f401xc.o(.text)
    TIM1_UP_TIM10_IRQHandler                 0x080028af   Thumb Code     0  startup_stm32f401xc.o(.text)
    TIM2_IRQHandler                          0x080028af   Thumb Code     0  startup_stm32f401xc.o(.text)
    TIM3_IRQHandler                          0x080028af   Thumb Code     0  startup_stm32f401xc.o(.text)
    TIM4_IRQHandler                          0x080028af   Thumb Code     0  startup_stm32f401xc.o(.text)
    TIM5_IRQHandler                          0x080028af   Thumb Code     0  startup_stm32f401xc.o(.text)
    USART1_IRQHandler                        0x080028af   Thumb Code     0  startup_stm32f401xc.o(.text)
    USART2_IRQHandler                        0x080028af   Thumb Code     0  startup_stm32f401xc.o(.text)
    USART6_IRQHandler                        0x080028af   Thumb Code     0  startup_stm32f401xc.o(.text)
    WWDG_IRQHandler                          0x080028af   Thumb Code     0  startup_stm32f401xc.o(.text)
    __user_initial_stackheap                 0x080028b1   Thumb Code     0  startup_stm32f401xc.o(.text)
    SystemInit                               0x080028d5   Thumb Code    82  system_stm32f4xx.o(.text)
    SystemCoreClockUpdate                    0x08002927   Thumb Code   174  system_stm32f4xx.o(.text)
    HAL_DMA_Init                             0x080029f5   Thumb Code   120  stm32f4xx_hal_dma.o(.text)
    HAL_DMA_DeInit                           0x08002a6d   Thumb Code  3952  stm32f4xx_hal_dma.o(.text)
    HAL_DMA_Start                            0x080039fd   Thumb Code    82  stm32f4xx_hal_dma.o(.text)
    HAL_DMA_Start_IT                         0x08003a4f   Thumb Code   142  stm32f4xx_hal_dma.o(.text)
    HAL_DMA_Abort                            0x08003add   Thumb Code    94  stm32f4xx_hal_dma.o(.text)
    HAL_DMA_PollForTransfer                  0x08003b3b   Thumb Code 10074  stm32f4xx_hal_dma.o(.text)
    HAL_DMA_IRQHandler                       0x08006295   Thumb Code  9776  stm32f4xx_hal_dma.o(.text)
    HAL_DMA_GetState                         0x080088c5   Thumb Code     8  stm32f4xx_hal_dma.o(.text)
    HAL_DMA_GetError                         0x080088cd   Thumb Code     6  stm32f4xx_hal_dma.o(.text)
    HAL_I2C_MspInit                          0x080088dd   Thumb Code     2  stm32f4xx_hal_i2c.o(.text)
    HAL_I2C_Init                             0x080088df   Thumb Code   274  stm32f4xx_hal_i2c.o(.text)
    HAL_I2C_MspDeInit                        0x080089f1   Thumb Code     2  stm32f4xx_hal_i2c.o(.text)
    HAL_I2C_DeInit                           0x080089f3   Thumb Code    56  stm32f4xx_hal_i2c.o(.text)
    HAL_I2C_Master_Transmit                  0x08008c41   Thumb Code   288  stm32f4xx_hal_i2c.o(.text)
    HAL_I2C_Master_Receive                   0x08008e55   Thumb Code   556  stm32f4xx_hal_i2c.o(.text)
    HAL_I2C_Slave_Transmit                   0x08009081   Thumb Code   314  stm32f4xx_hal_i2c.o(.text)
    HAL_I2C_Slave_Receive                    0x080091bb   Thumb Code   278  stm32f4xx_hal_i2c.o(.text)
    HAL_I2C_Master_Transmit_IT               0x080092d1   Thumb Code   174  stm32f4xx_hal_i2c.o(.text)
    HAL_I2C_Master_Receive_IT                0x0800937f   Thumb Code   274  stm32f4xx_hal_i2c.o(.text)
    HAL_I2C_Slave_Transmit_IT                0x08009491   Thumb Code   116  stm32f4xx_hal_i2c.o(.text)
    HAL_I2C_Slave_Receive_IT                 0x08009505   Thumb Code   124  stm32f4xx_hal_i2c.o(.text)
    HAL_I2C_ErrorCallback                    0x08009581   Thumb Code     2  stm32f4xx_hal_i2c.o(.text)
    HAL_I2C_MasterTxCpltCallback             0x080095b3   Thumb Code     2  stm32f4xx_hal_i2c.o(.text)
    HAL_I2C_Master_Transmit_DMA              0x08009627   Thumb Code   200  stm32f4xx_hal_i2c.o(.text)
    HAL_I2C_MasterRxCpltCallback             0x080096ef   Thumb Code     2  stm32f4xx_hal_i2c.o(.text)
    HAL_I2C_Master_Receive_DMA               0x08009761   Thumb Code   230  stm32f4xx_hal_i2c.o(.text)
    HAL_I2C_SlaveTxCpltCallback              0x08009847   Thumb Code     2  stm32f4xx_hal_i2c.o(.text)
    HAL_I2C_Slave_Transmit_DMA               0x080098c5   Thumb Code   260  stm32f4xx_hal_i2c.o(.text)
    HAL_I2C_SlaveRxCpltCallback              0x080099c9   Thumb Code     2  stm32f4xx_hal_i2c.o(.text)
    HAL_I2C_Slave_Receive_DMA                0x08009a51   Thumb Code   180  stm32f4xx_hal_i2c.o(.text)
    HAL_I2C_Mem_Write                        0x08009baf   Thumb Code   270  stm32f4xx_hal_i2c.o(.text)
    HAL_I2C_Mem_Read                         0x08009de1   Thumb Code   546  stm32f4xx_hal_i2c.o(.text)
    HAL_I2C_Mem_Write_IT                     0x0800a003   Thumb Code   172  stm32f4xx_hal_i2c.o(.text)
    HAL_I2C_Mem_Read_IT                      0x0800a0af   Thumb Code   284  stm32f4xx_hal_i2c.o(.text)
    HAL_I2C_MemTxCpltCallback                0x0800a1cb   Thumb Code     2  stm32f4xx_hal_i2c.o(.text)
    HAL_I2C_Mem_Write_DMA                    0x0800a241   Thumb Code   216  stm32f4xx_hal_i2c.o(.text)
    HAL_I2C_MemRxCpltCallback                0x0800a319   Thumb Code     2  stm32f4xx_hal_i2c.o(.text)
    HAL_I2C_Mem_Read_DMA                     0x0800a38b   Thumb Code   240  stm32f4xx_hal_i2c.o(.text)
    HAL_I2C_IsDeviceReady                    0x0800a47b   Thumb Code   362  stm32f4xx_hal_i2c.o(.text)
    HAL_I2C_EV_IRQHandler                    0x0800a8ad   Thumb Code   370  stm32f4xx_hal_i2c.o(.text)
    HAL_I2C_ER_IRQHandler                    0x0800aa65   Thumb Code   232  stm32f4xx_hal_i2c.o(.text)
    HAL_I2C_GetState                         0x0800ab4d   Thumb Code     8  stm32f4xx_hal_i2c.o(.text)
    HAL_I2C_GetError                         0x0800ab55   Thumb Code     8  stm32f4xx_hal_i2c.o(.text)
    HAL_SPI_MspInit                          0x0800ab61   Thumb Code     2  stm32f4xx_hal_spi.o(.text)
    HAL_SPI_Init                             0x0800ab63   Thumb Code   132  stm32f4xx_hal_spi.o(.text)
    HAL_SPI_MspDeInit                        0x0800abe7   Thumb Code     2  stm32f4xx_hal_spi.o(.text)
    HAL_SPI_DeInit                           0x0800abe9   Thumb Code    50  stm32f4xx_hal_spi.o(.text)
    HAL_SPI_Transmit                         0x0800ad31   Thumb Code   454  stm32f4xx_hal_spi.o(.text)
    HAL_SPI_TransmitReceive                  0x0800aef7   Thumb Code   860  stm32f4xx_hal_spi.o(.text)
    HAL_SPI_Receive                          0x0800b253   Thumb Code   578  stm32f4xx_hal_spi.o(.text)
    HAL_SPI_ErrorCallback                    0x0800b495   Thumb Code     2  stm32f4xx_hal_spi.o(.text)
    HAL_SPI_TxCpltCallback                   0x0800b497   Thumb Code     2  stm32f4xx_hal_spi.o(.text)
    HAL_SPI_TxRxCpltCallback                 0x0800b499   Thumb Code     2  stm32f4xx_hal_spi.o(.text)
    HAL_SPI_Transmit_IT                      0x0800b587   Thumb Code   200  stm32f4xx_hal_spi.o(.text)
    HAL_SPI_RxCpltCallback                   0x0800b64f   Thumb Code     2  stm32f4xx_hal_spi.o(.text)
    HAL_SPI_TransmitReceive_IT               0x0800b781   Thumb Code   194  stm32f4xx_hal_spi.o(.text)
    HAL_SPI_Receive_IT                       0x0800b895   Thumb Code   224  stm32f4xx_hal_spi.o(.text)
    HAL_SPI_TxHalfCpltCallback               0x0800ba25   Thumb Code     2  stm32f4xx_hal_spi.o(.text)
    HAL_SPI_Transmit_DMA                     0x0800ba35   Thumb Code   220  stm32f4xx_hal_spi.o(.text)
    HAL_SPI_RxHalfCpltCallback               0x0800bbe9   Thumb Code     2  stm32f4xx_hal_spi.o(.text)
    HAL_SPI_TxRxHalfCpltCallback             0x0800bcd7   Thumb Code     2  stm32f4xx_hal_spi.o(.text)
    HAL_SPI_TransmitReceive_DMA              0x0800bce7   Thumb Code   308  stm32f4xx_hal_spi.o(.text)
    HAL_SPI_Receive_DMA                      0x0800be1b   Thumb Code   290  stm32f4xx_hal_spi.o(.text)
    HAL_SPI_DMAPause                         0x0800bf3d   Thumb Code    62  stm32f4xx_hal_spi.o(.text)
    HAL_SPI_DMAResume                        0x0800bf7b   Thumb Code    62  stm32f4xx_hal_spi.o(.text)
    HAL_SPI_DMAStop                          0x0800bfb9   Thumb Code    58  stm32f4xx_hal_spi.o(.text)
    HAL_SPI_IRQHandler                       0x0800bff3   Thumb Code   254  stm32f4xx_hal_spi.o(.text)
    HAL_SPI_GetState                         0x0800c0f1   Thumb Code     8  stm32f4xx_hal_spi.o(.text)
    HAL_SPI_GetError                         0x0800c0f9   Thumb Code     8  stm32f4xx_hal_spi.o(.text)
    TIM_Base_SetConfig                       0x0800c10d   Thumb Code   148  stm32f4xx_hal_tim.o(.text)
    HAL_TIM_Base_MspInit                     0x0800c1a1   Thumb Code     2  stm32f4xx_hal_tim.o(.text)
    HAL_TIM_Base_Init                        0x0800c1a3   Thumb Code    46  stm32f4xx_hal_tim.o(.text)
    HAL_TIM_Base_MspDeInit                   0x0800c1d1   Thumb Code     2  stm32f4xx_hal_tim.o(.text)
    HAL_TIM_Base_DeInit                      0x0800c1d3   Thumb Code    70  stm32f4xx_hal_tim.o(.text)
    HAL_TIM_Base_Start                       0x0800c219   Thumb Code    30  stm32f4xx_hal_tim.o(.text)
    HAL_TIM_Base_Stop                        0x0800c237   Thumb Code    56  stm32f4xx_hal_tim.o(.text)
    HAL_TIM_Base_Start_IT                    0x0800c26f   Thumb Code    30  stm32f4xx_hal_tim.o(.text)
    HAL_TIM_Base_Stop_IT                     0x0800c28d   Thumb Code    56  stm32f4xx_hal_tim.o(.text)
    HAL_TIM_ErrorCallback                    0x0800c2c5   Thumb Code     2  stm32f4xx_hal_tim.o(.text)
    HAL_TIM_DMAError                         0x0800c2c7   Thumb Code    20  stm32f4xx_hal_tim.o(.text)
    HAL_TIM_PeriodElapsedCallback            0x0800c2db   Thumb Code     2  stm32f4xx_hal_tim.o(.text)
    HAL_TIM_Base_Start_DMA                   0x0800c2f1   Thumb Code    98  stm32f4xx_hal_tim.o(.text)
    HAL_TIM_Base_Stop_DMA                    0x0800c353   Thumb Code    62  stm32f4xx_hal_tim.o(.text)
    HAL_TIM_OC_MspInit                       0x0800c391   Thumb Code     2  stm32f4xx_hal_tim.o(.text)
    HAL_TIM_OC_Init                          0x0800c393   Thumb Code    46  stm32f4xx_hal_tim.o(.text)
    HAL_TIM_OC_MspDeInit                     0x0800c3c1   Thumb Code     2  stm32f4xx_hal_tim.o(.text)
    HAL_TIM_OC_DeInit                        0x0800c3c3   Thumb Code    70  stm32f4xx_hal_tim.o(.text)
    TIM_CCxChannelCmd                        0x0800c409   Thumb Code    28  stm32f4xx_hal_tim.o(.text)
    HAL_TIM_OC_Start                         0x0800c425   Thumb Code    60  stm32f4xx_hal_tim.o(.text)
    HAL_TIM_OC_Stop                          0x0800c461   Thumb Code   112  stm32f4xx_hal_tim.o(.text)
    HAL_TIM_OC_Start_IT                      0x0800c4d1   Thumb Code   168  stm32f4xx_hal_tim.o(.text)
    HAL_TIM_OC_Stop_IT                       0x0800c579   Thumb Code   188  stm32f4xx_hal_tim.o(.text)
    HAL_TIM_PWM_PulseFinishedCallback        0x0800c635   Thumb Code     2  stm32f4xx_hal_tim.o(.text)
    HAL_TIM_DMADelayPulseCplt                0x0800c637   Thumb Code    20  stm32f4xx_hal_tim.o(.text)
    HAL_TIM_OC_Start_DMA                     0x0800c64b   Thumb Code   304  stm32f4xx_hal_tim.o(.text)
    HAL_TIM_OC_Stop_DMA                      0x0800c77b   Thumb Code   194  stm32f4xx_hal_tim.o(.text)
    HAL_TIM_PWM_MspInit                      0x0800c83d   Thumb Code     2  stm32f4xx_hal_tim.o(.text)
    HAL_TIM_PWM_Init                         0x0800c83f   Thumb Code    46  stm32f4xx_hal_tim.o(.text)
    HAL_TIM_PWM_MspDeInit                    0x0800c86d   Thumb Code     2  stm32f4xx_hal_tim.o(.text)
    HAL_TIM_PWM_DeInit                       0x0800c86f   Thumb Code    70  stm32f4xx_hal_tim.o(.text)
    HAL_TIM_PWM_Start                        0x0800c8b5   Thumb Code    60  stm32f4xx_hal_tim.o(.text)
    HAL_TIM_PWM_Stop                         0x0800c8f1   Thumb Code   124  stm32f4xx_hal_tim.o(.text)
    HAL_TIM_PWM_Start_IT                     0x0800c96d   Thumb Code   136  stm32f4xx_hal_tim.o(.text)
    HAL_TIM_PWM_Stop_IT                      0x0800c9f5   Thumb Code   188  stm32f4xx_hal_tim.o(.text)
    HAL_TIM_PWM_Start_DMA                    0x0800cab1   Thumb Code   304  stm32f4xx_hal_tim.o(.text)
    HAL_TIM_PWM_Stop_DMA                     0x0800cbe1   Thumb Code   194  stm32f4xx_hal_tim.o(.text)
    HAL_TIM_IC_MspInit                       0x0800cca3   Thumb Code     2  stm32f4xx_hal_tim.o(.text)
    HAL_TIM_IC_Init                          0x0800cca5   Thumb Code    46  stm32f4xx_hal_tim.o(.text)
    HAL_TIM_IC_MspDeInit                     0x0800ccd3   Thumb Code     2  stm32f4xx_hal_tim.o(.text)
    HAL_TIM_IC_DeInit                        0x0800ccd5   Thumb Code    70  stm32f4xx_hal_tim.o(.text)
    HAL_TIM_IC_Start                         0x0800cd1b   Thumb Code    32  stm32f4xx_hal_tim.o(.text)
    HAL_TIM_IC_Stop                          0x0800cd3b   Thumb Code    58  stm32f4xx_hal_tim.o(.text)
    HAL_TIM_IC_Start_IT                      0x0800cd75   Thumb Code   114  stm32f4xx_hal_tim.o(.text)
    HAL_TIM_IC_Stop_IT                       0x0800cde7   Thumb Code   134  stm32f4xx_hal_tim.o(.text)
    HAL_TIM_IC_CaptureCallback               0x0800ce6d   Thumb Code     2  stm32f4xx_hal_tim.o(.text)
    HAL_TIM_DMACaptureCplt                   0x0800ce6f   Thumb Code    20  stm32f4xx_hal_tim.o(.text)
    HAL_TIM_IC_Start_DMA                     0x0800ce83   Thumb Code   276  stm32f4xx_hal_tim.o(.text)
    HAL_TIM_IC_Stop_DMA                      0x0800cf97   Thumb Code   140  stm32f4xx_hal_tim.o(.text)
    HAL_TIM_OnePulse_MspInit                 0x0800d023   Thumb Code     2  stm32f4xx_hal_tim.o(.text)
    HAL_TIM_OnePulse_Init                    0x0800d025   Thumb Code    70  stm32f4xx_hal_tim.o(.text)
    HAL_TIM_OnePulse_MspDeInit               0x0800d06b   Thumb Code     2  stm32f4xx_hal_tim.o(.text)
    HAL_TIM_OnePulse_DeInit                  0x0800d06d   Thumb Code    70  stm32f4xx_hal_tim.o(.text)
    HAL_TIM_OnePulse_Start                   0x0800d0b3   Thumb Code    58  stm32f4xx_hal_tim.o(.text)
    HAL_TIM_OnePulse_Stop                    0x0800d0ed   Thumb Code   122  stm32f4xx_hal_tim.o(.text)
    HAL_TIM_OnePulse_Start_IT                0x0800d167   Thumb Code    82  stm32f4xx_hal_tim.o(.text)
    HAL_TIM_OnePulse_Stop_IT                 0x0800d1b9   Thumb Code   146  stm32f4xx_hal_tim.o(.text)
    HAL_TIM_Encoder_MspInit                  0x0800d24b   Thumb Code     2  stm32f4xx_hal_tim.o(.text)
    HAL_TIM_Encoder_Init                     0x0800d24d   Thumb Code   174  stm32f4xx_hal_tim.o(.text)
    HAL_TIM_Encoder_MspDeInit                0x0800d2fb   Thumb Code     2  stm32f4xx_hal_tim.o(.text)
    HAL_TIM_Encoder_DeInit                   0x0800d2fd   Thumb Code    70  stm32f4xx_hal_tim.o(.text)
    HAL_TIM_Encoder_Start                    0x0800d343   Thumb Code    78  stm32f4xx_hal_tim.o(.text)
    HAL_TIM_Encoder_Stop                     0x0800d391   Thumb Code   104  stm32f4xx_hal_tim.o(.text)
    HAL_TIM_Encoder_Start_IT                 0x0800d3f9   Thumb Code   126  stm32f4xx_hal_tim.o(.text)
    HAL_TIM_Encoder_Stop_IT                  0x0800d477   Thumb Code   158  stm32f4xx_hal_tim.o(.text)
    HAL_TIM_Encoder_Start_DMA                0x0800d515   Thumb Code   328  stm32f4xx_hal_tim.o(.text)
    HAL_TIM_Encoder_Stop_DMA                 0x0800d65d   Thumb Code   152  stm32f4xx_hal_tim.o(.text)
    HAL_TIM_TriggerCallback                  0x0800d6f5   Thumb Code     2  stm32f4xx_hal_tim.o(.text)
    HAL_TIM_OC_DelayElapsedCallback          0x0800d6f7   Thumb Code     2  stm32f4xx_hal_tim.o(.text)
    HAL_TIM_IRQHandler                       0x0800d6f9   Thumb Code   406  stm32f4xx_hal_tim.o(.text)
    TIM_OC2_SetConfig                        0x0800d951   Thumb Code   106  stm32f4xx_hal_tim.o(.text)
    HAL_TIM_OC_ConfigChannel                 0x0800da1b   Thumb Code   116  stm32f4xx_hal_tim.o(.text)
    TIM_TI1_SetConfig                        0x0800db29   Thumb Code   102  stm32f4xx_hal_tim.o(.text)
    HAL_TIM_IC_ConfigChannel                 0x0800db8f   Thumb Code   224  stm32f4xx_hal_tim.o(.text)
    HAL_TIM_PWM_ConfigChannel                0x0800dc6f   Thumb Code   286  stm32f4xx_hal_tim.o(.text)
    HAL_TIM_OnePulse_ConfigChannel           0x0800dd8d   Thumb Code   286  stm32f4xx_hal_tim.o(.text)
    HAL_TIM_DMABurst_WriteStart              0x0800debf   Thumb Code   366  stm32f4xx_hal_tim.o(.text)
    HAL_TIM_DMABurst_WriteStop               0x0800e02d   Thumb Code    16  stm32f4xx_hal_tim.o(.text)
    HAL_TIM_DMABurst_ReadStart               0x0800e03d   Thumb Code   366  stm32f4xx_hal_tim.o(.text)
    HAL_TIM_DMABurst_ReadStop                0x0800e1ab   Thumb Code    16  stm32f4xx_hal_tim.o(.text)
    HAL_TIM_GenerateEvent                    0x0800e1bb   Thumb Code    54  stm32f4xx_hal_tim.o(.text)
    HAL_TIM_ConfigOCrefClear                 0x0800e209   Thumb Code   226  stm32f4xx_hal_tim.o(.text)
    HAL_TIM_ConfigClockSource                0x0800e36f   Thumb Code   306  stm32f4xx_hal_tim.o(.text)
    HAL_TIM_ConfigTI1Input                   0x0800e4a1   Thumb Code    24  stm32f4xx_hal_tim.o(.text)
    HAL_TIM_SlaveConfigSynchronization       0x0800e4b9   Thumb Code   210  stm32f4xx_hal_tim.o(.text)
    HAL_TIM_ReadCapturedValue                0x0800e58b   Thumb Code    84  stm32f4xx_hal_tim.o(.text)
    HAL_TIM_Base_GetState                    0x0800e5df   Thumb Code     8  stm32f4xx_hal_tim.o(.text)
    HAL_TIM_OC_GetState                      0x0800e5e7   Thumb Code     8  stm32f4xx_hal_tim.o(.text)
    HAL_TIM_PWM_GetState                     0x0800e5ef   Thumb Code     8  stm32f4xx_hal_tim.o(.text)
    HAL_TIM_IC_GetState                      0x0800e5f7   Thumb Code     8  stm32f4xx_hal_tim.o(.text)
    HAL_TIM_OnePulse_GetState                0x0800e5ff   Thumb Code     8  stm32f4xx_hal_tim.o(.text)
    HAL_TIM_Encoder_GetState                 0x0800e607   Thumb Code     8  stm32f4xx_hal_tim.o(.text)
    HAL_TIMEx_HallSensor_MspInit             0x0800e611   Thumb Code     2  stm32f4xx_hal_tim_ex.o(.text)
    HAL_TIMEx_HallSensor_Init                0x0800e613   Thumb Code   196  stm32f4xx_hal_tim_ex.o(.text)
    HAL_TIMEx_HallSensor_MspDeInit           0x0800e6d7   Thumb Code     2  stm32f4xx_hal_tim_ex.o(.text)
    HAL_TIMEx_HallSensor_DeInit              0x0800e6d9   Thumb Code    70  stm32f4xx_hal_tim_ex.o(.text)
    HAL_TIMEx_HallSensor_Start               0x0800e71f   Thumb Code    30  stm32f4xx_hal_tim_ex.o(.text)
    HAL_TIMEx_HallSensor_Stop                0x0800e73d   Thumb Code    56  stm32f4xx_hal_tim_ex.o(.text)
    HAL_TIMEx_HallSensor_Start_IT            0x0800e775   Thumb Code    42  stm32f4xx_hal_tim_ex.o(.text)
    HAL_TIMEx_HallSensor_Stop_IT             0x0800e79f   Thumb Code    68  stm32f4xx_hal_tim_ex.o(.text)
    HAL_TIMEx_HallSensor_Start_DMA           0x0800e7e3   Thumb Code   106  stm32f4xx_hal_tim_ex.o(.text)
    HAL_TIMEx_HallSensor_Stop_DMA            0x0800e84d   Thumb Code    68  stm32f4xx_hal_tim_ex.o(.text)
    HAL_TIMEx_OCN_Start                      0x0800e8ad   Thumb Code    44  stm32f4xx_hal_tim_ex.o(.text)
    HAL_TIMEx_OCN_Stop                       0x0800e8d9   Thumb Code    96  stm32f4xx_hal_tim_ex.o(.text)
    HAL_TIMEx_OCN_Start_IT                   0x0800e939   Thumb Code   120  stm32f4xx_hal_tim_ex.o(.text)
    HAL_TIMEx_OCN_Stop_IT                    0x0800e9b1   Thumb Code   172  stm32f4xx_hal_tim_ex.o(.text)
    HAL_TIMEx_OCN_Start_DMA                  0x0800ea5d   Thumb Code   272  stm32f4xx_hal_tim_ex.o(.text)
    HAL_TIMEx_OCN_Stop_DMA                   0x0800eb6d   Thumb Code   192  stm32f4xx_hal_tim_ex.o(.text)
    HAL_TIMEx_PWMN_Start                     0x0800ec2d   Thumb Code    44  stm32f4xx_hal_tim_ex.o(.text)
    HAL_TIMEx_PWMN_Stop                      0x0800ec59   Thumb Code    96  stm32f4xx_hal_tim_ex.o(.text)
    HAL_TIMEx_PWMN_Start_IT                  0x0800ecb9   Thumb Code   132  stm32f4xx_hal_tim_ex.o(.text)
    HAL_TIMEx_PWMN_Stop_IT                   0x0800ed3d   Thumb Code   184  stm32f4xx_hal_tim_ex.o(.text)
    HAL_TIMEx_PWMN_Start_DMA                 0x0800edf5   Thumb Code   272  stm32f4xx_hal_tim_ex.o(.text)
    HAL_TIMEx_PWMN_Stop_DMA                  0x0800ef05   Thumb Code   178  stm32f4xx_hal_tim_ex.o(.text)
    HAL_TIMEx_OnePulseN_Start                0x0800efb7   Thumb Code    32  stm32f4xx_hal_tim_ex.o(.text)
    HAL_TIMEx_OnePulseN_Stop                 0x0800efd7   Thumb Code    96  stm32f4xx_hal_tim_ex.o(.text)
    HAL_TIMEx_OnePulseN_Start_IT             0x0800f037   Thumb Code    56  stm32f4xx_hal_tim_ex.o(.text)
    HAL_TIMEx_OnePulseN_Stop_IT              0x0800f06f   Thumb Code   120  stm32f4xx_hal_tim_ex.o(.text)
    HAL_TIMEx_ConfigCommutationEvent         0x0800f0e7   Thumb Code   110  stm32f4xx_hal_tim_ex.o(.text)
    HAL_TIMEx_ConfigCommutationEvent_IT      0x0800f155   Thumb Code   122  stm32f4xx_hal_tim_ex.o(.text)
    HAL_TIMEx_CommutationCallback            0x0800f1cf   Thumb Code     2  stm32f4xx_hal_tim_ex.o(.text)
    HAL_TIMEx_DMACommutationCplt             0x0800f1d1   Thumb Code    20  stm32f4xx_hal_tim_ex.o(.text)
    HAL_TIMEx_ConfigCommutationEvent_DMA     0x0800f1e5   Thumb Code   146  stm32f4xx_hal_tim_ex.o(.text)
    HAL_TIMEx_MasterConfigSynchronization    0x0800f277   Thumb Code    98  stm32f4xx_hal_tim_ex.o(.text)
    HAL_TIMEx_ConfigBreakDeadTime            0x0800f2d9   Thumb Code    80  stm32f4xx_hal_tim_ex.o(.text)
    HAL_TIMEx_RemapConfig                    0x0800f329   Thumb Code    48  stm32f4xx_hal_tim_ex.o(.text)
    HAL_TIMEx_BreakCallback                  0x0800f359   Thumb Code     2  stm32f4xx_hal_tim_ex.o(.text)
    HAL_TIMEx_HallSensor_GetState            0x0800f35b   Thumb Code     8  stm32f4xx_hal_tim_ex.o(.text)
    __use_two_region_memory                  0x0800f369   Thumb Code     2  heapauxi.o(.text)
    __rt_heap_escrow$2region                 0x0800f36b   Thumb Code     2  heapauxi.o(.text)
    __rt_heap_expand$2region                 0x0800f36d   Thumb Code     2  heapauxi.o(.text)
    __read_errno                             0x0800f36f   Thumb Code    10  _rserrno.o(.text)
    __set_errno                              0x0800f379   Thumb Code    12  _rserrno.o(.text)
    __aeabi_errno_addr                       0x0800f385   Thumb Code     8  rt_errno_addr_intlibspace.o(.text)
    __errno$intlibspace                      0x0800f385   Thumb Code     0  rt_errno_addr_intlibspace.o(.text)
    __rt_errno_addr$intlibspace              0x0800f385   Thumb Code     0  rt_errno_addr_intlibspace.o(.text)
    __user_libspace                          0x0800f38d   Thumb Code     8  libspace.o(.text)
    __user_perproc_libspace                  0x0800f38d   Thumb Code     0  libspace.o(.text)
    __user_perthread_libspace                0x0800f38d   Thumb Code     0  libspace.o(.text)
    __user_setup_stackheap                   0x0800f395   Thumb Code    74  sys_stackheap_outer.o(.text)
    exit                                     0x0800f3df   Thumb Code    12  exit.o(.text)
    _sys_exit                                0x0800f3ed   Thumb Code     8  sys_exit.o(.text)
    __I$use$semihosting                      0x0800f3f9   Thumb Code     0  use_no_semi.o(.text)
    __use_no_semihosting_swi                 0x0800f3f9   Thumb Code     2  use_no_semi.o(.text)
    __ARM_fpclassifyf                        0x0800f3fb   Thumb Code    38  fpclassifyf.o(i.__ARM_fpclassifyf)
    __semihosting_library_function           0x0800f3fb   Thumb Code     0  indicate_semi.o(.text)
    __hardfp_atan2f                          0x0800f421   Thumb Code   502  atan2f.o(i.__hardfp_atan2f)
    __hardfp_cosf                            0x0800f671   Thumb Code   280  cosf.o(i.__hardfp_cosf)
    __hardfp_sinf                            0x0800f7c1   Thumb Code   344  sinf.o(i.__hardfp_sinf)
    __mathlib_flt_infnan                     0x0800f951   Thumb Code     6  funder.o(i.__mathlib_flt_infnan)
    __mathlib_flt_infnan2                    0x0800f957   Thumb Code     6  funder.o(i.__mathlib_flt_infnan2)
    __mathlib_flt_invalid                    0x0800f95d   Thumb Code    10  funder.o(i.__mathlib_flt_invalid)
    __mathlib_flt_underflow                  0x0800f96d   Thumb Code    10  funder.o(i.__mathlib_flt_underflow)
    __mathlib_rredf2                         0x0800f97d   Thumb Code   316  rredf.o(i.__mathlib_rredf2)
    _fp_init                                 0x0800fad1   Thumb Code    10  fpinit.o(x$fpl$fpinit)
    __fplib_config_fpu_vfp                   0x0800fad9   Thumb Code     0  fpinit.o(x$fpl$fpinit)
    __fplib_config_pureend_doubles           0x0800fad9   Thumb Code     0  fpinit.o(x$fpl$fpinit)
    GPIO_PIN                                 0x0800fada   Data           8  stm32f401_discovery.o(.constdata)
    __I$use$fp                               0x0800fada   Number         0  usenofp.o(x$fpl$usenofp)
    BUTTON_PIN                               0x0800fae2   Data           2  stm32f401_discovery.o(.constdata)
    BUTTON_IRQn                              0x0800fae4   Data           1  stm32f401_discovery.o(.constdata)
    APBAHBPrescTable                         0x0800fae5   Data          16  stm32f4xx_hal_rcc.o(.constdata)
    Region$$Table$$Base                      0x0800fb18   Number         0  anon$$obj.o(Region$$Table)
    Region$$Table$$Limit                     0x0800fb38   Number         0  anon$$obj.o(Region$$Table)
    tick                                     0x20000000   Data           4  main.o(.data)
    GPIO_PORT                                0x20000004   Data          16  stm32f401_discovery.o(.data)
    BUTTON_PORT                              0x20000014   Data           4  stm32f401_discovery.o(.data)
    I2cxTimeout                              0x20000018   Data           4  stm32f401_discovery.o(.data)
    SpixTimeout                              0x2000001c   Data           4  stm32f401_discovery.o(.data)
    Lsm303dlhcDrv                            0x20000024   Data          44  lsm303dlhc.o(.data)
    tmpreg2A                                 0x20000050   Data           8  lsm303dlhc.o(.data)
    tmpreg3A                                 0x20000058   Data           1  lsm303dlhc.o(.data)
    tmpregcfgA                               0x20000059   Data           1  lsm303dlhc.o(.data)
    L3gd20Drv                                0x2000005c   Data          44  l3gd20.o(.data)
    CCR1_Val                                 0x200000a0   Data           2  tim_pwm.o(.data)
    CCR3_Val                                 0x200000a2   Data           2  tim_pwm.o(.data)
    CCR4_Val                                 0x200000a4   Data           2  tim_pwm.o(.data)
    PrescalerValue                           0x200000a6   Data           2  tim_pwm.o(.data)
    SystemCoreClock                          0x200000ac   Data           4  system_stm32f4xx.o(.data)
    AHBPrescTable                            0x200000b0   Data          16  system_stm32f4xx.o(.data)
    TIM_TimeBaseStructure                    0x200001a0   Data          20  tim_pwm.o(.bss)
    TIM_OCInitStructure                      0x200001b4   Data          28  tim_pwm.o(.bss)
    TIM4_Handle                              0x200001d0   Data          60  tim_pwm.o(.bss)
    __libspace_start                         0x2000020c   Data          96  libspace.o(.bss)
    __temporary_stack_top$libspace           0x2000026c   Data           0  libspace.o(.bss)



==============================================================================

Memory Map of the image

  Image Entry point : 0x08000195

  Load Region LR_IROM1 (Base: 0x08000000, Size: 0x0000fbf8, Max: 0x00040000, ABSOLUTE)

    Execution Region ER_IROM1 (Base: 0x08000000, Size: 0x0000fb38, Max: 0x00040000, ABSOLUTE)

    Base Addr    Size         Type   Attr      Idx    E Section Name        Object

    0x08000000   0x00000194   Data   RO          566    RESET               startup_stm32f401xc.o
    0x08000194   0x00000008   Code   RO          773  * !!!main             c_w.l(__main.o)
    0x0800019c   0x00000034   Code   RO          992    !!!scatter          c_w.l(__scatter.o)
    0x080001d0   0x0000001a   Code   RO          994    !!handler_copy      c_w.l(__scatter_copy.o)
    0x080001ea   0x00000002   PAD
    0x080001ec   0x0000001c   Code   RO          996    !!handler_zi        c_w.l(__scatter_zi.o)
    0x08000208   0x00000002   Code   RO          866    .ARM.Collect$$libinit$$00000000  c_w.l(libinit.o)
    0x0800020a   0x00000004   Code   RO          869    .ARM.Collect$$libinit$$00000001  c_w.l(libinit2.o)
    0x0800020e   0x00000000   Code   RO          872    .ARM.Collect$$libinit$$00000004  c_w.l(libinit2.o)
    0x0800020e   0x00000000   Code   RO          875    .ARM.Collect$$libinit$$0000000A  c_w.l(libinit2.o)
    0x0800020e   0x00000000   Code   RO          877    .ARM.Collect$$libinit$$0000000C  c_w.l(libinit2.o)
    0x0800020e   0x00000000   Code   RO          879    .ARM.Collect$$libinit$$0000000E  c_w.l(libinit2.o)
    0x0800020e   0x00000000   Code   RO          882    .ARM.Collect$$libinit$$00000011  c_w.l(libinit2.o)
    0x0800020e   0x00000000   Code   RO          884    .ARM.Collect$$libinit$$00000013  c_w.l(libinit2.o)
    0x0800020e   0x00000000   Code   RO          886    .ARM.Collect$$libinit$$00000015  c_w.l(libinit2.o)
    0x0800020e   0x00000000   Code   RO          888    .ARM.Collect$$libinit$$00000017  c_w.l(libinit2.o)
    0x0800020e   0x00000000   Code   RO          890    .ARM.Collect$$libinit$$00000019  c_w.l(libinit2.o)
    0x0800020e   0x00000000   Code   RO          892    .ARM.Collect$$libinit$$0000001B  c_w.l(libinit2.o)
    0x0800020e   0x00000000   Code   RO          894    .ARM.Collect$$libinit$$0000001D  c_w.l(libinit2.o)
    0x0800020e   0x00000000   Code   RO          896    .ARM.Collect$$libinit$$0000001F  c_w.l(libinit2.o)
    0x0800020e   0x00000000   Code   RO          898    .ARM.Collect$$libinit$$00000021  c_w.l(libinit2.o)
    0x0800020e   0x00000000   Code   RO          900    .ARM.Collect$$libinit$$00000023  c_w.l(libinit2.o)
    0x0800020e   0x00000000   Code   RO          902    .ARM.Collect$$libinit$$00000025  c_w.l(libinit2.o)
    0x0800020e   0x00000000   Code   RO          906    .ARM.Collect$$libinit$$0000002C  c_w.l(libinit2.o)
    0x0800020e   0x00000000   Code   RO          908    .ARM.Collect$$libinit$$0000002E  c_w.l(libinit2.o)
    0x0800020e   0x00000000   Code   RO          910    .ARM.Collect$$libinit$$00000030  c_w.l(libinit2.o)
    0x0800020e   0x00000000   Code   RO          912    .ARM.Collect$$libinit$$00000032  c_w.l(libinit2.o)
    0x0800020e   0x00000002   Code   RO          913    .ARM.Collect$$libinit$$00000033  c_w.l(libinit2.o)
    0x08000210   0x00000002   Code   RO          933    .ARM.Collect$$libshutdown$$00000000  c_w.l(libshutdown.o)
    0x08000212   0x00000000   Code   RO          947    .ARM.Collect$$libshutdown$$00000003  c_w.l(libshutdown2.o)
    0x08000212   0x00000000   Code   RO          950    .ARM.Collect$$libshutdown$$00000006  c_w.l(libshutdown2.o)
    0x08000212   0x00000000   Code   RO          953    .ARM.Collect$$libshutdown$$00000009  c_w.l(libshutdown2.o)
    0x08000212   0x00000000   Code   RO          955    .ARM.Collect$$libshutdown$$0000000B  c_w.l(libshutdown2.o)
    0x08000212   0x00000000   Code   RO          958    .ARM.Collect$$libshutdown$$0000000E  c_w.l(libshutdown2.o)
    0x08000212   0x00000002   Code   RO          959    .ARM.Collect$$libshutdown$$0000000F  c_w.l(libshutdown2.o)
    0x08000214   0x00000000   Code   RO          811    .ARM.Collect$$rtentry$$00000000  c_w.l(__rtentry.o)
    0x08000214   0x00000000   Code   RO          835    .ARM.Collect$$rtentry$$00000002  c_w.l(__rtentry2.o)
    0x08000214   0x00000006   Code   RO          847    .ARM.Collect$$rtentry$$00000004  c_w.l(__rtentry4.o)
    0x0800021a   0x00000000   Code   RO          837    .ARM.Collect$$rtentry$$00000009  c_w.l(__rtentry2.o)
    0x0800021a   0x00000004   Code   RO          838    .ARM.Collect$$rtentry$$0000000A  c_w.l(__rtentry2.o)
    0x0800021e   0x00000000   Code   RO          840    .ARM.Collect$$rtentry$$0000000C  c_w.l(__rtentry2.o)
    0x0800021e   0x00000008   Code   RO          841    .ARM.Collect$$rtentry$$0000000D  c_w.l(__rtentry2.o)
    0x08000226   0x00000002   Code   RO          867    .ARM.Collect$$rtexit$$00000000  c_w.l(rtexit.o)
    0x08000228   0x00000000   Code   RO          915    .ARM.Collect$$rtexit$$00000002  c_w.l(rtexit2.o)
    0x08000228   0x00000004   Code   RO          916    .ARM.Collect$$rtexit$$00000003  c_w.l(rtexit2.o)
    0x0800022c   0x00000006   Code   RO          917    .ARM.Collect$$rtexit$$00000004  c_w.l(rtexit2.o)
    0x08000232   0x00000002   PAD
    0x08000234   0x0000008c   Code   RO            4    .text               main.o
    0x080002c0   0x00000584   Code   RO          156    .text               stm32f401_discovery.o
    0x08000844   0x0000015c   Code   RO          188    .text               stm32f401_discovery_accelerometer.o
    0x080009a0   0x0000044e   Code   RO          224    .text               lsm303dlhc.o
    0x08000dee   0x00000002   PAD
    0x08000df0   0x000002bc   Code   RO          251    .text               l3gd20.o
    0x080010ac   0x00000150   Code   RO          272    .text               stm32f401_discovery_gyroscope.o
    0x080011fc   0x000003b4   Code   RO          308    .text               mag_accel.o
    0x080015b0   0x00000144   Code   RO          335    .text               tim_pwm.o
    0x080016f4   0x00000180   Code   RO          390    .text               stm32f4xx_hal.o
    0x08001874   0x000002a8   Code   RO          416    .text               stm32f4xx_hal_cortex.o
    0x08001b1c   0x0000033c   Code   RO          444    .text               stm32f4xx_hal_gpio.o
    0x08001e58   0x00000a3c   Code   RO          516    .text               stm32f4xx_hal_rcc.o
    0x08002894   0x00000040   Code   RO          567    .text               startup_stm32f401xc.o
    0x080028d4   0x00000120   Code   RO          574    .text               system_stm32f4xx.o
    0x080029f4   0x00005ee8   Code   RO          604    .text               stm32f4xx_hal_dma.o
    0x080088dc   0x00002284   Code   RO          652    .text               stm32f4xx_hal_i2c.o
    0x0800ab60   0x000015ac   Code   RO          700    .text               stm32f4xx_hal_spi.o
    0x0800c10c   0x00002502   Code   RO          724    .text               stm32f4xx_hal_tim.o
    0x0800e60e   0x00000002   PAD
    0x0800e610   0x00000d58   Code   RO          748    .text               stm32f4xx_hal_tim_ex.o
    0x0800f368   0x00000006   Code   RO          771    .text               c_w.l(heapauxi.o)
    0x0800f36e   0x00000016   Code   RO          812    .text               c_w.l(_rserrno.o)
    0x0800f384   0x00000008   Code   RO          852    .text               c_w.l(rt_errno_addr_intlibspace.o)
    0x0800f38c   0x00000008   Code   RO          854    .text               c_w.l(libspace.o)
    0x0800f394   0x0000004a   Code   RO          857    .text               c_w.l(sys_stackheap_outer.o)
    0x0800f3de   0x0000000c   Code   RO          859    .text               c_w.l(exit.o)
    0x0800f3ea   0x00000002   PAD
    0x0800f3ec   0x0000000c   Code   RO          925    .text               c_w.l(sys_exit.o)
    0x0800f3f8   0x00000002   Code   RO          936    .text               c_w.l(use_no_semi.o)
    0x0800f3fa   0x00000000   Code   RO          938    .text               c_w.l(indicate_semi.o)
    0x0800f3fa   0x00000026   Code   RO          815    i.__ARM_fpclassifyf  m_wm.l(fpclassifyf.o)
    0x0800f420   0x00000250   Code   RO          775    i.__hardfp_atan2f   m_wm.l(atan2f.o)
    0x0800f670   0x00000150   Code   RO          787    i.__hardfp_cosf     m_wm.l(cosf.o)
    0x0800f7c0   0x00000190   Code   RO          799    i.__hardfp_sinf     m_wm.l(sinf.o)
    0x0800f950   0x00000006   Code   RO          818    i.__mathlib_flt_infnan  m_wm.l(funder.o)
    0x0800f956   0x00000006   Code   RO          819    i.__mathlib_flt_infnan2  m_wm.l(funder.o)
    0x0800f95c   0x00000010   Code   RO          820    i.__mathlib_flt_invalid  m_wm.l(funder.o)
    0x0800f96c   0x00000010   Code   RO          823    i.__mathlib_flt_underflow  m_wm.l(funder.o)
    0x0800f97c   0x00000154   Code   RO          831    i.__mathlib_rredf2  m_wm.l(rredf.o)
    0x0800fad0   0x0000000a   Code   RO          923    x$fpl$fpinit        fz_wm.l(fpinit.o)
    0x0800fada   0x00000000   Code   RO          814    x$fpl$usenofp       fz_wm.l(usenofp.o)
    0x0800fada   0x0000000b   Data   RO          158    .constdata          stm32f401_discovery.o
    0x0800fae5   0x00000010   Data   RO          517    .constdata          stm32f4xx_hal_rcc.o
    0x0800faf5   0x00000003   PAD
    0x0800faf8   0x00000020   Data   RO          832    .constdata          m_wm.l(rredf.o)
    0x0800fb18   0x00000020   Data   RO          990    Region$$Table       anon$$obj.o


    Execution Region RW_IRAM1 (Base: 0x20000000, Size: 0x00000870, Max: 0x00010000, ABSOLUTE)

    Base Addr    Size         Type   Attr      Idx    E Section Name        Object

    0x20000000   0x00000004   Data   RW            5    .data               main.o
    0x20000004   0x0000001c   Data   RW          159    .data               stm32f401_discovery.o
    0x20000020   0x00000004   Data   RW          189    .data               stm32f401_discovery_accelerometer.o
    0x20000024   0x00000036   Data   RW          225    .data               lsm303dlhc.o
    0x2000005a   0x00000002   PAD
    0x2000005c   0x0000002c   Data   RW          252    .data               l3gd20.o
    0x20000088   0x00000004   Data   RW          273    .data               stm32f401_discovery_gyroscope.o
    0x2000008c   0x00000014   Data   RW          310    .data               mag_accel.o
    0x200000a0   0x00000008   Data   RW          337    .data               tim_pwm.o
    0x200000a8   0x00000004   Data   RW          391    .data               stm32f4xx_hal.o
    0x200000ac   0x00000014   Data   RW          575    .data               system_stm32f4xx.o
    0x200000c0   0x0000008c   Zero   RW          157    .bss                stm32f401_discovery.o
    0x2000014c   0x00000054   Zero   RW          309    .bss                mag_accel.o
    0x200001a0   0x0000006c   Zero   RW          336    .bss                tim_pwm.o
    0x2000020c   0x00000060   Zero   RW          855    .bss                c_w.l(libspace.o)
    0x2000026c   0x00000004   PAD
    0x20000270   0x00000200   Zero   RW          565    HEAP                startup_stm32f401xc.o
    0x20000470   0x00000400   Zero   RW          564    STACK               startup_stm32f401xc.o


==============================================================================

Image component sizes


      Code (inc. data)   RO Data    RW Data    ZI Data      Debug   Object Name

       700         22          0         44          0       2837   l3gd20.o
      1102          0          0         54          0       6153   lsm303dlhc.o
       948         74          0         20         84       1968   mag_accel.o
       140         12          0          4          0     231785   main.o
        64         26        404          0       1536        860   startup_stm32f401xc.o
      1412         86         11         28        140      11752   stm32f401_discovery.o
       348         10          0          4          0       3503   stm32f401_discovery_accelerometer.o
       336         10          0          4          0       3518   stm32f401_discovery_gyroscope.o
       384         24          0          4          0       4748   stm32f4xx_hal.o
       680         20          0          0          0      32030   stm32f4xx_hal_cortex.o
     24296        262          0          0          0      17328   stm32f4xx_hal_dma.o
       828         52          0          0          0       4547   stm32f4xx_hal_gpio.o
      8836        104          0          0          0      21627   stm32f4xx_hal_i2c.o
      2620         80         16          0          0       5878   stm32f4xx_hal_rcc.o
      5548         52          0          0          0      12984   stm32f4xx_hal_spi.o
      9474        110          0          0          0      30128   stm32f4xx_hal_tim.o
      3416         26          0          0          0      11906   stm32f4xx_hal_tim_ex.o
       288         32          0         20          0       1639   system_stm32f4xx.o
       324         38          0          8        108       1783   tim_pwm.o

    ----------------------------------------------------------------------
     61748       1040        466        192       1868     406974   Object Totals
         0          0         32          0          0          0   (incl. Generated)
         4          0          3          2          0          0   (incl. Padding)

    ----------------------------------------------------------------------

      Code (inc. data)   RO Data    RW Data    ZI Data      Debug   Library Member Name

         8          0          0          0          0         68   __main.o
         0          0          0          0          0          0   __rtentry.o
        12          0          0          0          0          0   __rtentry2.o
         6          0          0          0          0          0   __rtentry4.o
        52          8          0          0          0          0   __scatter.o
        26          0          0          0          0          0   __scatter_copy.o
        28          0          0          0          0          0   __scatter_zi.o
        22          0          0          0          0        100   _rserrno.o
        12          0          0          0          0         72   exit.o
         6          0          0          0          0        152   heapauxi.o
         0          0          0          0          0          0   indicate_semi.o
         2          0          0          0          0          0   libinit.o
         6          0          0          0          0          0   libinit2.o
         2          0          0          0          0          0   libshutdown.o
         2          0          0          0          0          0   libshutdown2.o
         8          4          0          0         96         68   libspace.o
         8          4          0          0          0         68   rt_errno_addr_intlibspace.o
         2          0          0          0          0          0   rtexit.o
        10          0          0          0          0          0   rtexit2.o
        12          4          0          0          0         68   sys_exit.o
        74          0          0          0          0         80   sys_stackheap_outer.o
         2          0          0          0          0         68   use_no_semi.o
        10          0          0          0          0        116   fpinit.o
         0          0          0          0          0          0   usenofp.o
       592         90          0          0          0        184   atan2f.o
       336         56          0          0          0        136   cosf.o
        38          0          0          0          0        116   fpclassifyf.o
        44         12          0          0          0        464   funder.o
       340         24         32          0          0        160   rredf.o
       400         56          0          0          0        212   sinf.o

    ----------------------------------------------------------------------
      2066        258         32          0        100       2132   Library Totals
         6          0          0          0          4          0   (incl. Padding)

    ----------------------------------------------------------------------

      Code (inc. data)   RO Data    RW Data    ZI Data      Debug   Library Name

       300         20          0          0         96        744   c_w.l
        10          0          0          0          0        116   fz_wm.l
      1750        238         32          0          0       1272   m_wm.l

    ----------------------------------------------------------------------
      2066        258         32          0        100       2132   Library Totals

    ----------------------------------------------------------------------

==============================================================================


      Code (inc. data)   RO Data    RW Data    ZI Data      Debug   

     63814       1298        498        192       1968     403746   Grand Totals
     63814       1298        498        192       1968     403746   ELF Image Totals
     63814       1298        498        192          0          0   ROM Totals

==============================================================================

    Total RO  Size (Code + RO Data)                64312 (  62.80kB)
    Total RW  Size (RW Data + ZI Data)              2160 (   2.11kB)
    Total ROM Size (Code + RO Data + RW Data)      64504 (  62.99kB)

==============================================================================

