Component: ARM Compiler 5.05 (build 41) Tool: armlink [4d0eb9]

==============================================================================

Section Cross References

    main.o(.text) refers to stm32f4xx_hal_gpio.o(.text) for HAL_GPIO_Init
    main.o(.text) refers to stm32f4xx_hal.o(.text) for HAL_Init
    main.o(.text) refers to stm32f401_discovery.o(.text) for BSP_PB_Init
    main.o(.text) refers to mag_accel.o(.text) for accel_gyro_Init
    main.o(.text) refers to main.o(.data) for tick
    stm32f401_discovery.o(.text) refers to stm32f4xx_hal_gpio.o(.text) for HAL_GPIO_Init
    stm32f401_discovery.o(.text) refers to stm32f4xx_hal_cortex.o(.text) for HAL_NVIC_SetPriority
    stm32f401_discovery.o(.text) refers to stm32f4xx_hal_i2c.o(.text) for HAL_I2C_GetState
    stm32f401_discovery.o(.text) refers to stm32f4xx_hal_spi.o(.text) for HAL_SPI_GetState
    stm32f401_discovery.o(.text) refers to stm32f401_discovery.o(.constdata) for GPIO_PIN
    stm32f401_discovery.o(.text) refers to stm32f401_discovery.o(.data) for GPIO_PORT
    stm32f401_discovery.o(.text) refers to stm32f401_discovery.o(.bss) for I2cHandle
    stm32f401_discovery.o(.text) refers to stm32f4xx_hal.o(.text) for HAL_Delay
    stm32f401_discovery_accelerometer.o(.text) refers to lsm303dlhc.o(.text) for LSM303DLHC_MagReadID
    stm32f401_discovery_accelerometer.o(.text) refers to lsm303dlhc.o(.data) for Lsm303dlhcDrv
    stm32f401_discovery_accelerometer.o(.text) refers to stm32f401_discovery_accelerometer.o(.data) for AccelerometerDrv
    lsm303dlhc.o(.text) refers to stm32f401_discovery.o(.text) for COMPASSACCELERO_IO_Init
    lsm303dlhc.o(.data) refers to lsm303dlhc.o(.text) for LSM303DLHC_AccInit
    l3gd20.o(.text) refers to stm32f401_discovery.o(.text) for GYRO_IO_Init
    l3gd20.o(.data) refers to l3gd20.o(.text) for L3GD20_Init
    stm32f401_discovery_gyroscope.o(.text) refers to l3gd20.o(.data) for L3gd20Drv
    stm32f401_discovery_gyroscope.o(.text) refers to stm32f401_discovery_gyroscope.o(.data) for GyroscopeDrv
    mag_accel.o(.text) refers to stm32f401_discovery_accelerometer.o(.text) for BSP_ACCELERO_Init
    mag_accel.o(.text) refers to stm32f401_discovery_gyroscope.o(.text) for BSP_GYRO_Init
    mag_accel.o(.text) refers to main.o(.text) for delay
    mag_accel.o(.text) refers to tim_pwm.o(.text) for timer_init
    mag_accel.o(.text) refers to atan2f.o(i.__hardfp_atan2f) for __hardfp_atan2f
    mag_accel.o(.text) refers to sinf.o(i.__hardfp_sinf) for __hardfp_sinf
    mag_accel.o(.text) refers to cosf.o(i.__hardfp_cosf) for __hardfp_cosf
    mag_accel.o(.text) refers to mag_accel.o(.bss) for gyroBias
    mag_accel.o(.text) refers to mag_accel.o(.data) for Data
    mag_accel.o(.text) refers to main.o(.data) for button_flag
    tim_pwm.o(.text) refers to stm32f4xx_hal_tim.o(.text) for HAL_TIM_Base_Init
    tim_pwm.o(.text) refers to system_stm32f4xx.o(.data) for SystemCoreClock
    tim_pwm.o(.text) refers to tim_pwm.o(.data) for PrescalerValue
    tim_pwm.o(.text) refers to tim_pwm.o(.bss) for TIM4_Handle
    stm32f4xx_hal.o(.text) refers to stm32f4xx_hal_rcc.o(.text) for HAL_RCC_GetHCLKFreq
    stm32f4xx_hal.o(.text) refers to stm32f4xx_hal_cortex.o(.text) for HAL_SYSTICK_Config
    stm32f4xx_hal.o(.text) refers to stm32f4xx_hal.o(.data) for uwTick
    stm32f4xx_hal_pwr_ex.o(.text) refers to stm32f4xx_hal.o(.text) for HAL_GetTick
    stm32f4xx_hal_rcc.o(.text) refers to stm32f4xx_hal.o(.text) for HAL_GetTick
    stm32f4xx_hal_rcc.o(.text) refers to stm32f4xx_hal_gpio.o(.text) for HAL_GPIO_Init
    stm32f4xx_hal_rcc.o(.text) refers to stm32f4xx_hal_rcc.o(.constdata) for APBAHBPrescTable
    stm32f4xx_hal_rcc.o(.text) refers to system_stm32f4xx.o(.data) for SystemCoreClock
    stm32f4xx_hal_rcc_ex.o(.text) refers to stm32f4xx_hal.o(.text) for HAL_GetTick
    startup_stm32f401xc.o(STACK) refers (Special) to heapauxi.o(.text) for __use_two_region_memory
    startup_stm32f401xc.o(HEAP) refers (Special) to heapauxi.o(.text) for __use_two_region_memory
    startup_stm32f401xc.o(RESET) refers (Special) to heapauxi.o(.text) for __use_two_region_memory
    startup_stm32f401xc.o(RESET) refers to startup_stm32f401xc.o(STACK) for __initial_sp
    startup_stm32f401xc.o(RESET) refers to startup_stm32f401xc.o(.text) for Reset_Handler
    startup_stm32f401xc.o(RESET) refers to main.o(.text) for SysTick_Handler
    startup_stm32f401xc.o(.text) refers (Special) to heapauxi.o(.text) for __use_two_region_memory
    startup_stm32f401xc.o(.text) refers to system_stm32f4xx.o(.text) for SystemInit
    startup_stm32f401xc.o(.text) refers to __main.o(!!!main) for __main
    startup_stm32f401xc.o(.text) refers to startup_stm32f401xc.o(HEAP) for Heap_Mem
    startup_stm32f401xc.o(.text) refers to startup_stm32f401xc.o(STACK) for Stack_Mem
    system_stm32f4xx.o(.text) refers to system_stm32f4xx.o(.data) for SystemCoreClock
    stm32f4xx_hal_dma.o(.text) refers to stm32f4xx_hal.o(.text) for HAL_GetTick
[...]
    RTE\Device\STM32F401VCTx\startup_stm32f401xc.s 0x00000000   Number         0  startup_stm32f401xc.o ABSOLUTE
    RTE\Device\STM32F401VCTx\system_stm32f4xx.c 0x00000000   Number         0  system_stm32f4xx.o ABSOLUTE
    RTE\\Device\\STM32F401VCTx\\system_stm32f4xx.c 0x00000000   Number         0  system_stm32f4xx.o ABSOLUTE
    STM32F401-Discovery\\stm32f401_discovery.c 0x00000000   Number         0  stm32f401_discovery.o ABSOLUTE
    STM32F401-Discovery\\stm32f401_discovery_accelerometer.c 0x00000000   Number         0  stm32f401_discovery_accelerometer.o ABSOLUTE
    STM32F401-Discovery\\stm32f401_discovery_gyroscope.c 0x00000000   Number         0  stm32f401_discovery_gyroscope.o ABSOLUTE
    STM32F401-Discovery\stm32f401_discovery.c 0x00000000   Number         0  stm32f401_discovery.o ABSOLUTE
    STM32F401-Discovery\stm32f401_discovery_accelerometer.c 0x00000000   Number         0  stm32f401_discovery_accelerometer.o ABSOLUTE
    STM32F401-Discovery\stm32f401_discovery_gyroscope.c 0x00000000   Number         0  stm32f401_discovery_gyroscope.o ABSOLUTE
    dc.s                                     0x00000000   Number         0  dc.o ABSOLUTE
    l3gd20.c                                 0x00000000   Number         0  l3gd20.o ABSOLUTE
    lsm303dlhc.c                             0x00000000   Number         0  lsm303dlhc.o ABSOLUTE
    lsm303dlhc.c                             0x00000000   Number         0  lsm303dlhc.o ABSOLUTE
    mag_accel.c                              0x00000000   Number         0  mag_accel.o ABSOLUTE
    mag_accel.c                              0x00000000   Number         0  mag_accel.o ABSOLUTE
    main.c                                   0x00000000   Number         0  main.o ABSOLUTE
    main.c                                   0x00000000   Number         0  main.o ABSOLUTE
    tim_pwm.c                                0x00000000   Number         0  tim_pwm.o ABSOLUTE
    tim_pwm.c                                0x00000000   Number         0  tim_pwm.o ABSOLUTE
    tim_pwm_functions.c                      0x00000000   Number         0  tim_pwm_functions.o ABSOLUTE
    tim_pwm_functions.c                      0x00000000   Number         0  tim_pwm_functions.o ABSOLUTE
    RESET                                    0x08000000   Section      404  startup_stm32f401xc.o(RESET)
    !!!main                                  0x08000194   Section        8  __main.o(!!!main)
    !!!scatter                               0x0800019c   Section       52  __scatter.o(!!!scatter)
    !!handler_copy                           0x080001d0   Section       26  __scatter_copy.o(!!handler_copy)
    !!handler_zi                             0x080001ec   Section       28  __scatter_zi.o(!!handler_zi)
    .ARM.Collect$$libinit$$00000000          0x08000208   Section        2  libinit.o(.ARM.Collect$$libinit$$00000000)
    .ARM.Collect$$libinit$$00000001          0x0800020a   Section        4  libinit2.o(.ARM.Collect$$libinit$$00000001)
    .ARM.Collect$$libinit$$00000004          0x0800020e   Section        0  libinit2.o(.ARM.Collect$$libinit$$00000004)
    .ARM.Collect$$libinit$$0000000A          0x0800020e   Section        0  libinit2.o(.ARM.Collect$$libinit$$0000000A)
    .ARM.Collect$$libinit$$0000000C          0x0800020e   Section        0  libinit2.o(.ARM.Collect$$libinit$$0000000C)
    .ARM.Collect$$libinit$$0000000E          0x0800020e   Section        0  libinit2.o(.ARM.Collect$$libinit$$0000000E)
    .ARM.Collect$$libinit$$00000011          0x0800020e   Section        0  libinit2.o(.ARM.Collect$$libinit$$00000011)
    .ARM.Collect$$libinit$$00000013          0x0800020e   Section        0  libinit2.o(.ARM.Collect$$libinit$$00000013)
    .ARM.Collect$$libinit$$00000015          0x0800020e   Section        0  libinit2.o(.ARM.Collect$$libinit$$00000015)
    .ARM.Collect$$libinit$$00000017          0x0800020e   Section        0  libinit2.o(.ARM.Collect$$libinit$$00000017)
    .ARM.Collect$$libinit$$00000019          0x0800020e   Section        0  libinit2.o(.ARM.Collect$$libinit$$00000019)
    .ARM.Collect$$libinit$$0000001B          0x0800020e   Section        0  libinit2.o(.ARM.Collect$$libinit$$0000001B)
    .ARM.Collect$$libinit$$0000001D          0x0800020e   Section        0  libinit2.o(.ARM.Collect$$libinit$$0000001D)
    .ARM.Collect$$libinit$$0000001F          0x0800020e   Section        0  libinit2.o(.ARM.Collect$$libinit$$0000001F)
    .ARM.Collect$$libinit$$00000021          0x0800020e   Section        0  libinit2.o(.ARM.Collect$$libinit$$00000021)
    .ARM.Collect$$libinit$$00000023          0x0800020e   Section        0  libinit2.o(.ARM.Collect$$libinit$$00000023)
    .ARM.Collect$$libinit$$00000025          0x0800020e   Section        0  libinit2.o(.ARM.Collect$$libinit$$00000025)
    .ARM.Collect$$libinit$$0000002C          0x0800020e   Section        0  libinit2.o(.ARM.Collect$$libinit$$0000002C)
    .ARM.Collect$$libinit$$0000002E          0x0800020e   Section        0  libinit2.o(.ARM.Collect$$libinit$$0000002E)
    .ARM.Collect$$libinit$$00000030          0x0800020e   Section        0  libinit2.o(.ARM.Collect$$libinit$$00000030)
    .ARM.Collect$$libinit$$00000032          0x0800020e   Section        0  libinit2.o(.ARM.Collect$$libinit$$00000032)
    .ARM.Collect$$libinit$$00000033          0x0800020e   Section        2  libinit2.o(.ARM.Collect$$libinit$$00000033)
    .ARM.Collect$$libshutdown$$00000000      0x08000210   Section        2  libshutdown.o(.ARM.Collect$$libshutdown$$00000000)
    .ARM.Collect$$libshutdown$$00000003      0x08000212   Section        0  libshutdown2.o(.ARM.Collect$$libshutdown$$00000003)
    .ARM.Collect$$libshutdown$$00000006      0x08000212   Section        0  libshutdown2.o(.ARM.Collect$$libshutdown$$00000006)
    .ARM.Collect$$libshutdown$$00000009      0x08000212   Section        0  libshutdown2.o(.ARM.Collect$$libshutdown$$00000009)
    .ARM.Collect$$libshutdown$$0000000B      0x08000212   Section        0  libshutdown2.o(.ARM.Collect$$libshutdown$$0000000B)
    .ARM.Collect$$libshutdown$$0000000E      0x08000212   Section        0  libshutdown2.o(.ARM.Collect$$libshutdown$$0000000E)
    .ARM.Collect$$libshutdown$$0000000F      0x08000212   Section        2  libshutdown2.o(.ARM.Collect$$libshutdown$$0000000F)
    .ARM.Collect$$rtentry$$00000000          0x08000214   Section        0  __rtentry.o(.ARM.Collect$$rtentry$$00000000)
    .ARM.Collect$$rtentry$$00000002          0x08000214   Section        0  __rtentry2.o(.ARM.Collect$$rtentry$$00000002)
    .ARM.Collect$$rtentry$$00000004          0x08000214   Section        6  __rtentry4.o(.ARM.Collect$$rtentry$$00000004)
    .ARM.Collect$$rtentry$$00000009          0x0800021a   Section        0  __rtentry2.o(.ARM.Collect$$rtentry$$00000009)
    .ARM.Collect$$rtentry$$0000000A          0x0800021a   Section        4  __rtentry2.o(.ARM.Collect$$rtentry$$0000000A)
    .ARM.Collect$$rtentry$$0000000C          0x0800021e   Section        0  __rtentry2.o(.ARM.Collect$$rtentry$$0000000C)
    .ARM.Collect$$rtentry$$0000000D          0x0800021e   Section        8  __rtentry2.o(.ARM.Collect$$rtentry$$0000000D)
    .ARM.Collect$$rtexit$$00000000           0x08000226   Section        2  rtexit.o(.ARM.Collect$$rtexit$$00000000)
    .ARM.Collect$$rtexit$$00000002           0x08000228   Section        0  rtexit2.o(.ARM.Collect$$rtexit$$00000002)
    .ARM.Collect$$rtexit$$00000003           0x08000228   Section        4  rtexit2.o(.ARM.Collect$$rtexit$$00000003)
    .ARM.Collect$$rtexit$$00000004           0x0800022c   Section        6  rtexit2.o(.ARM.Collect$$rtexit$$00000004)
    .text                                    0x08000234   Section        0  main.o(.text)
    .text                                    0x080002e8   Section        0  stm32f401_discovery.o(.text)
    I2Cx_MspInit                             0x08000445   Thumb Code   126  stm32f401_discovery.o(.text)
    I2Cx_Init                                0x080004c3   Thumb Code    62  stm32f401_discovery.o(.text)
    I2Cx_Error                               0x08000501   Thumb Code    14  stm32f401_discovery.o(.text)
    I2Cx_WriteData                           0x0800050f   Thumb Code    48  stm32f401_discovery.o(.text)
    I2Cx_ReadData                            0x0800053f   Thumb Code    54  stm32f401_discovery.o(.text)
    SPIx_MspInit                             0x08000575   Thumb Code    64  stm32f401_discovery.o(.text)
    SPIx_Init                                0x080005b5   Thumb Code    74  stm32f401_discovery.o(.text)
    SPIx_Error                               0x080005ff   Thumb Code    14  stm32f401_discovery.o(.text)
    SPIx_WriteRead                           0x0800060d   Thumb Code    38  stm32f401_discovery.o(.text)
    .text                                    0x0800086c   Section        0  stm32f401_discovery_accelerometer.o(.text)
    .text                                    0x080009c8   Section        0  lsm303dlhc.o(.text)
    .text                                    0x08000e18   Section        0  l3gd20.o(.text)
    .text                                    0x080010d4   Section        0  stm32f401_discovery_gyroscope.o(.text)
    .text                                    0x08001224   Section        0  mag_accel.o(.text)
    .text                                    0x080015ec   Section        0  tim_pwm.o(.text)
    .text                                    0x08001730   Section        0  stm32f4xx_hal.o(.text)
    .text                                    0x080018b0   Section        0  stm32f4xx_hal_cortex.o(.text)
    NVIC_SetPriority                         0x080018b1   Thumb Code    32  stm32f4xx_hal_cortex.o(.text)
    NVIC_GetPriorityGrouping                 0x08001b39   Thumb Code    12  stm32f4xx_hal_cortex.o(.text)
    .text                                    0x08001b58   Section        0  stm32f4xx_hal_gpio.o(.text)
    .text                                    0x08001e94   Section        0  stm32f4xx_hal_rcc.o(.text)
    .text                                    0x080028d0   Section       64  startup_stm32f401xc.o(.text)
    $v0                                      0x080028d0   Number         0  startup_stm32f401xc.o(.text)
    .text                                    0x08002910   Section        0  system_stm32f4xx.o(.text)
    .text                                    0x08002a30   Section        0  stm32f4xx_hal_dma.o(.text)
    DMA_SetConfig                            0x08003a19   Thumb Code    32  stm32f4xx_hal_dma.o(.text)
    .text                                    0x08008918   Section        0  stm32f4xx_hal_i2c.o(.text)
    I2C_WaitOnFlagUntilTimeout               0x08008a67   Thumb Code   222  stm32f4xx_hal_i2c.o(.text)
    I2C_WaitOnMasterAddressFlagUntilTimeout  0x08008b45   Thumb Code   172  stm32f4xx_hal_i2c.o(.text)
    I2C_MasterRequestWrite                   0x08008bf1   Thumb Code   140  stm32f4xx_hal_i2c.o(.text)
    I2C_MasterRequestRead                    0x08008d9d   Thumb Code   244  stm32f4xx_hal_i2c.o(.text)
    I2C_DMAError                             0x080095bf   Thumb Code    48  stm32f4xx_hal_i2c.o(.text)
    I2C_DMAMasterTransmitCplt                0x080095f1   Thumb Code   114  stm32f4xx_hal_i2c.o(.text)
    I2C_DMAMasterReceiveCplt                 0x0800972d   Thumb Code   112  stm32f4xx_hal_i2c.o(.text)
    I2C_DMASlaveTransmitCplt                 0x08009885   Thumb Code   124  stm32f4xx_hal_i2c.o(.text)
    I2C_DMASlaveReceiveCplt                  0x08009a07   Thumb Code   134  stm32f4xx_hal_i2c.o(.text)
    I2C_RequestMemoryWrite                   0x08009b41   Thumb Code   170  stm32f4xx_hal_i2c.o(.text)
    I2C_RequestMemoryRead                    0x08009cf9   Thumb Code   292  stm32f4xx_hal_i2c.o(.text)
    I2C_DMAMemTransmitCplt                   0x0800a209   Thumb Code   116  stm32f4xx_hal_i2c.o(.text)
    I2C_DMAMemReceiveCplt                    0x0800a357   Thumb Code   112  stm32f4xx_hal_i2c.o(.text)
    I2C_SlaveReceive_BTF                     0x0800a621   Thumb Code    30  stm32f4xx_hal_i2c.o(.text)
    I2C_SlaveReceive_RXNE                    0x0800a63f   Thumb Code    30  stm32f4xx_hal_i2c.o(.text)
    I2C_SlaveTransmit_BTF                    0x0800a65d   Thumb Code    28  stm32f4xx_hal_i2c.o(.text)
    I2C_SlaveTransmit_TXE                    0x0800a679   Thumb Code    28  stm32f4xx_hal_i2c.o(.text)
    I2C_Slave_STOPF                          0x0800a695   Thumb Code    82  stm32f4xx_hal_i2c.o(.text)
    I2C_Slave_ADDR                           0x0800a6e7   Thumb Code    18  stm32f4xx_hal_i2c.o(.text)
    I2C_MasterReceive_BTF                    0x0800a6f9   Thumb Code   204  stm32f4xx_hal_i2c.o(.text)
    I2C_MasterReceive_RXNE                   0x0800a7c5   Thumb Code   144  stm32f4xx_hal_i2c.o(.text)
    I2C_MasterTransmit_BTF                   0x0800a855   Thumb Code   108  stm32f4xx_hal_i2c.o(.text)
    I2C_MasterTransmit_TXE                   0x0800a8c1   Thumb Code    40  stm32f4xx_hal_i2c.o(.text)
    I2C_Slave_AF                             0x0800aa5b   Thumb Code    70  stm32f4xx_hal_i2c.o(.text)
    .text                                    0x0800ab9c   Section        0  stm32f4xx_hal_spi.o(.text)
    SPI_WaitOnFlagUntilTimeout               0x0800ac57   Thumb Code   278  stm32f4xx_hal_spi.o(.text)
    SPI_TxCloseIRQHandler                    0x0800b4d7   Thumb Code   162  stm32f4xx_hal_spi.o(.text)
    SPI_TxISR                                0x0800b579   Thumb Code    74  stm32f4xx_hal_spi.o(.text)
    SPI_RxCloseIRQHandler                    0x0800b68d   Thumb Code   248  stm32f4xx_hal_spi.o(.text)
    SPI_2LinesRxISR                          0x0800b785   Thumb Code    56  stm32f4xx_hal_spi.o(.text)
    SPI_RxISR                                0x0800b87f   Thumb Code    82  stm32f4xx_hal_spi.o(.text)
    SPI_DMAError                             0x0800b9b1   Thumb Code    48  stm32f4xx_hal_spi.o(.text)
    SPI_DMATransmitCplt                      0x0800b9e1   Thumb Code   128  stm32f4xx_hal_spi.o(.text)
    SPI_DMAHalfTransmitCplt                  0x0800ba63   Thumb Code    14  stm32f4xx_hal_spi.o(.text)
    SPI_DMAReceiveCplt                       0x0800bb4d   Thumb Code   216  stm32f4xx_hal_spi.o(.text)
    SPI_DMAHalfReceiveCplt                   0x0800bc27   Thumb Code    14  stm32f4xx_hal_spi.o(.text)
    SPI_DMATransmitReceiveCplt               0x0800bc35   Thumb Code   222  stm32f4xx_hal_spi.o(.text)
    SPI_DMAHalfTransmitReceiveCplt           0x0800bd15   Thumb Code    14  stm32f4xx_hal_spi.o(.text)
    .text                                    0x0800c148   Section        0  stm32f4xx_hal_tim.o(.text)
    TIM_DMAPeriodElapsedCplt                 0x0800c319   Thumb Code    20  stm32f4xx_hal_tim.o(.text)
    TIM_OC4_SetConfig                        0x0800d8cb   Thumb Code    82  stm32f4xx_hal_tim.o(.text)
    TIM_OC3_SetConfig                        0x0800d91d   Thumb Code   112  stm32f4xx_hal_tim.o(.text)
    TIM_OC1_SetConfig                        0x0800d9f7   Thumb Code    96  stm32f4xx_hal_tim.o(.text)
    TIM_TI4_SetConfig                        0x0800dacb   Thumb Code    52  stm32f4xx_hal_tim.o(.text)
    TIM_TI3_SetConfig                        0x0800daff   Thumb Code    50  stm32f4xx_hal_tim.o(.text)
    TIM_TI2_SetConfig                        0x0800db31   Thumb Code    52  stm32f4xx_hal_tim.o(.text)
    TIM_DMATriggerCplt                       0x0800dee7   Thumb Code    20  stm32f4xx_hal_tim.o(.text)
    TIM_ETR_SetConfig                        0x0800e22d   Thumb Code    24  stm32f4xx_hal_tim.o(.text)
    TIM_ITRx_SetConfig                       0x0800e327   Thumb Code    46  stm32f4xx_hal_tim.o(.text)
    TIM_TI1_ConfigInputStage                 0x0800e355   Thumb Code    42  stm32f4xx_hal_tim.o(.text)
    TIM_TI2_ConfigInputStage                 0x0800e37f   Thumb Code    44  stm32f4xx_hal_tim.o(.text)
    .text                                    0x0800e64c   Section        0  stm32f4xx_hal_tim_ex.o(.text)
    TIM_CCxNChannelCmd                       0x0800e8cd   Thumb Code    28  stm32f4xx_hal_tim_ex.o(.text)
    .text                                    0x0800f3a4   Section        0  heapauxi.o(.text)
    .text                                    0x0800f3aa   Section        0  _rserrno.o(.text)
    .text                                    0x0800f3c0   Section        8  rt_errno_addr_intlibspace.o(.text)
    .text                                    0x0800f3c8   Section        8  libspace.o(.text)
    .text                                    0x0800f3d0   Section       74  sys_stackheap_outer.o(.text)
    .text                                    0x0800f41a   Section        0  exit.o(.text)
    .text                                    0x0800f428   Section        0  sys_exit.o(.text)
    .text                                    0x0800f434   Section        2  use_no_semi.o(.text)
    .text                                    0x0800f436   Section        0  indicate_semi.o(.text)
    i.__ARM_fpclassifyf                      0x0800f436   Section        0  fpclassifyf.o(i.__ARM_fpclassifyf)
    i.__hardfp_atan2f                        0x0800f45c   Section        0  atan2f.o(i.__hardfp_atan2f)
    i.__hardfp_cosf                          0x0800f6ac   Section        0  cosf.o(i.__hardfp_cosf)
    i.__hardfp_sinf                          0x0800f7fc   Section        0  sinf.o(i.__hardfp_sinf)
    i.__mathlib_flt_infnan                   0x0800f98c   Section        0  funder.o(i.__mathlib_flt_infnan)
    i.__mathlib_flt_infnan2                  0x0800f992   Section        0  funder.o(i.__mathlib_flt_infnan2)
    i.__mathlib_flt_invalid                  0x0800f998   Section        0  funder.o(i.__mathlib_flt_invalid)
    i.__mathlib_flt_underflow                0x0800f9a8   Section        0  funder.o(i.__mathlib_flt_underflow)
    i.__mathlib_rredf2                       0x0800f9b8   Section        0  rredf.o(i.__mathlib_rredf2)
    x$fpl$fpinit                             0x0800fb0c   Section       10  fpinit.o(x$fpl$fpinit)
    $v0                                      0x0800fb0c   Number         0  fpinit.o(x$fpl$fpinit)
    .constdata                               0x0800fb16   Section       11  stm32f401_discovery.o(.constdata)
    x$fpl$usenofp                            0x0800fb16   Section        0  usenofp.o(x$fpl$usenofp)
    .constdata                               0x0800fb21   Section       16  stm32f4xx_hal_rcc.o(.constdata)
    .constdata                               0x0800fb34   Section       32  rredf.o(.constdata)
    twooverpi                                0x0800fb34   Data          32  rredf.o(.constdata)
    .data                                    0x20000000   Section        8  main.o(.data)
    .data                                    0x20000008   Section       28  stm32f401_discovery.o(.data)
    .data                                    0x20000024   Section        4  stm32f401_discovery_accelerometer.o(.data)
    AccelerometerDrv                         0x20000024   Data           4  stm32f401_discovery_accelerometer.o(.data)
    .data                                    0x20000028   Section       54  lsm303dlhc.o(.data)
    .data                                    0x20000060   Section       44  l3gd20.o(.data)
    .data                                    0x2000008c   Section        4  stm32f401_discovery_gyroscope.o(.data)
    GyroscopeDrv                             0x2000008c   Data           4  stm32f401_discovery_gyroscope.o(.data)
    .data                                    0x20000090   Section       20  mag_accel.o(.data)
    Data                                     0x20000090   Data           6  mag_accel.o(.data)
    sinAngle                                 0x20000098   Data           4  mag_accel.o(.data)
    cosAngle                                 0x2000009c   Data           4  mag_accel.o(.data)
    temp                                     0x200000a0   Data           4  mag_accel.o(.data)
    .data                                    0x200000a4   Section        8  tim_pwm.o(.data)
    .data                                    0x200000ac   Section        4  stm32f4xx_hal.o(.data)
    uwTick                                   0x200000ac   Data           4  stm32f4xx_hal.o(.data)
    .data                                    0x200000b0   Section       20  system_stm32f4xx.o(.data)
    .bss                                     0x200000c4   Section      140  stm32f401_discovery.o(.bss)
    I2cHandle                                0x200000c4   Data          56  stm32f401_discovery.o(.bss)
    SpiHandle                                0x200000fc   Data          84  stm32f401_discovery.o(.bss)
    .bss                                     0x20000150   Section       84  mag_accel.o(.bss)
    gyroBias                                 0x20000150   Data          12  mag_accel.o(.bss)
    rawGyro                                  0x2000015c   Data          12  mag_accel.o(.bss)
    lastValue                                0x20000168   Data          12  mag_accel.o(.bss)
    ACC_XYZ                                  0x20000174   Data          12  mag_accel.o(.bss)
    angle2                                   0x20000180   Data          12  mag_accel.o(.bss)
    currentValue                             0x2000018c   Data          12  mag_accel.o(.bss)
    angleDelta                               0x20000198   Data          12  mag_accel.o(.bss)
    .bss                                     0x200001a4   Section      108  tim_pwm.o(.bss)
    .bss                                     0x20000210   Section       96  libspace.o(.bss)
    HEAP                                     0x20000270   Section      512  startup_stm32f401xc.o(HEAP)
    Heap_Mem                                 0x20000270   Data         512  startup_stm32f401xc.o(HEAP)
    STACK                                    0x20000470   Section     1024  startup_stm32f401xc.o(STACK)
    Stack_Mem                                0x20000470   Data        1024  startup_stm32f401xc.o(STACK)
    __initial_sp                             0x20000870   Data           0  startup_stm32f401xc.o(STACK)

    Global Symbols

    Symbol Name                              Value     Ov Type        Size  Object(Section)

    BuildAttributes$$THM_ISAv4$E$P$D$K$B$S$7EM$VFPi3$EXTD16$VFPS$VFMA$PE$A:L22UL41UL21$X:L11$S22US41US21$IEEE1$IW$USESV6$~STKCKD$USESV7$~SHL$OTIME$ROPI$IEEEX$EBA8$UX$STANDARDLIB$REQ8$PRES8$EABIv2 0x00000000   Number         0  anon$$obj.o ABSOLUTE
    __ARM_use_no_argv                        0x00000000   Number         0  main.o ABSOLUTE
    __ARM_exceptions_init                     - Undefined Weak Reference
    __alloca_initialize                       - Undefined Weak Reference
    __arm_preinit_                            - Undefined Weak Reference
    __cpp_initialize__aeabi_                  - Undefined Weak Reference
    __cxa_finalize                            - Undefined Weak Reference
    __rt_locale                               - Undefined Weak Reference
    __sigvec_lookup                           - Undefined Weak Reference
    _atexit_init                              - Undefined Weak Reference
    _call_atexit_fns                          - Undefined Weak Reference
    _clock_init                               - Undefined Weak Reference
    _fp_trap_init                             - Undefined Weak Reference
    _fp_trap_shutdown                         - Undefined Weak Reference
    _get_lc_collate                           - Undefined Weak Reference
    _get_lc_ctype                             - Undefined Weak Reference
    _get_lc_monetary                          - Undefined Weak Reference
    _get_lc_numeric                           - Undefined Weak Reference
    _get_lc_time                              - Undefined Weak Reference
    _getenv_init                              - Undefined Weak Reference
    _handle_redirection                       - Undefined Weak Reference
    _init_alloc                               - Undefined Weak Reference
    _init_user_alloc                          - Undefined Weak Reference
    _initio                                   - Undefined Weak Reference
    _rand_init                                - Undefined Weak Reference
    _signal_finish                            - Undefined Weak Reference
    _signal_init                              - Undefined Weak Reference
    _terminate_alloc                          - Undefined Weak Reference
    _terminate_user_alloc                     - Undefined Weak Reference
    _terminateio                              - Undefined Weak Reference
    __Vectors_Size                           0x00000194   Number         0  startup_stm32f401xc.o ABSOLUTE
    __Vectors                                0x08000000   Data           4  startup_stm32f401xc.o(RESET)
    __Vectors_End                            0x08000194   Data           0  startup_stm32f401xc.o(RESET)
    __main                                   0x08000195   Thumb Code     8  __main.o(!!!main)
    __scatterload                            0x0800019d   Thumb Code     0  __scatter.o(!!!scatter)
    __scatterload_rt2                        0x0800019d   Thumb Code    44  __scatter.o(!!!scatter)
    __scatterload_rt2_thumb_only             0x0800019d   Thumb Code     0  __scatter.o(!!!scatter)
    __scatterload_null                       0x080001ab   Thumb Code     0  __scatter.o(!!!scatter)
    __scatterload_copy                       0x080001d1   Thumb Code    26  __scatter_copy.o(!!handler_copy)
    __scatterload_zeroinit                   0x080001ed   Thumb Code    28  __scatter_zi.o(!!handler_zi)
    __rt_lib_init                            0x08000209   Thumb Code     0  libinit.o(.ARM.Collect$$libinit$$00000000)
    __rt_lib_init_fp_1                       0x0800020b   Thumb Code     0  libinit2.o(.ARM.Collect$$libinit$$00000001)
    __rt_lib_init_alloca_1                   0x0800020f   Thumb Code     0  libinit2.o(.ARM.Collect$$libinit$$0000002E)
    __rt_lib_init_argv_1                     0x0800020f   Thumb Code     0  libinit2.o(.ARM.Collect$$libinit$$0000002C)
    __rt_lib_init_atexit_1                   0x0800020f   Thumb Code     0  libinit2.o(.ARM.Collect$$libinit$$0000001B)
    __rt_lib_init_clock_1                    0x0800020f   Thumb Code     0  libinit2.o(.ARM.Collect$$libinit$$00000021)
    __rt_lib_init_cpp_1                      0x0800020f   Thumb Code     0  libinit2.o(.ARM.Collect$$libinit$$00000032)
    __rt_lib_init_exceptions_1               0x0800020f   Thumb Code     0  libinit2.o(.ARM.Collect$$libinit$$00000030)
    __rt_lib_init_fp_trap_1                  0x0800020f   Thumb Code     0  libinit2.o(.ARM.Collect$$libinit$$0000001F)
    __rt_lib_init_getenv_1                   0x0800020f   Thumb Code     0  libinit2.o(.ARM.Collect$$libinit$$00000023)
    __rt_lib_init_heap_1                     0x0800020f   Thumb Code     0  libinit2.o(.ARM.Collect$$libinit$$0000000A)
    __rt_lib_init_lc_collate_1               0x0800020f   Thumb Code     0  libinit2.o(.ARM.Collect$$libinit$$00000011)
    __rt_lib_init_lc_ctype_1                 0x0800020f   Thumb Code     0  libinit2.o(.ARM.Collect$$libinit$$00000013)
    __rt_lib_init_lc_monetary_1              0x0800020f   Thumb Code     0  libinit2.o(.ARM.Collect$$libinit$$00000015)
    __rt_lib_init_lc_numeric_1               0x0800020f   Thumb Code     0  libinit2.o(.ARM.Collect$$libinit$$00000017)
    __rt_lib_init_lc_time_1                  0x0800020f   Thumb Code     0  libinit2.o(.ARM.Collect$$libinit$$00000019)
    __rt_lib_init_preinit_1                  0x0800020f   Thumb Code     0  libinit2.o(.ARM.Collect$$libinit$$00000004)
    __rt_lib_init_rand_1                     0x0800020f   Thumb Code     0  libinit2.o(.ARM.Collect$$libinit$$0000000E)
    __rt_lib_init_return                     0x0800020f   Thumb Code     0  libinit2.o(.ARM.Collect$$libinit$$00000033)
    __rt_lib_init_signal_1                   0x0800020f   Thumb Code     0  libinit2.o(.ARM.Collect$$libinit$$0000001D)
    __rt_lib_init_stdio_1                    0x0800020f   Thumb Code     0  libinit2.o(.ARM.Collect$$libinit$$00000025)
    __rt_lib_init_user_alloc_1               0x0800020f   Thumb Code     0  libinit2.o(.ARM.Collect$$libinit$$0000000C)
    __rt_lib_shutdown                        0x08000211   Thumb Code     0  libshutdown.o(.ARM.Collect$$libshutdown$$00000000)
    __rt_lib_shutdown_fp_trap_1              0x08000213   Thumb Code     0  libshutdown2.o(.ARM.Collect$$libshutdown$$00000006)
    __rt_lib_shutdown_heap_1                 0x08000213   Thumb Code     0  libshutdown2.o(.ARM.Collect$$libshutdown$$0000000E)
    __rt_lib_shutdown_return                 0x08000213   Thumb Code     0  libshutdown2.o(.ARM.Collect$$libshutdown$$0000000F)
    __rt_lib_shutdown_signal_1               0x08000213   Thumb Code     0  libshutdown2.o(.ARM.Collect$$libshutdown$$00000009)
    __rt_lib_shutdown_stdio_1                0x08000213   Thumb Code     0  libshutdown2.o(.ARM.Collect$$libshutdown$$00000003)
    __rt_lib_shutdown_user_alloc_1           0x08000213   Thumb Code     0  libshutdown2.o(.ARM.Collect$$libshutdown$$0000000B)
    __rt_entry                               0x08000215   Thumb Code     0  __rtentry.o(.ARM.Collect$$rtentry$$00000000)
    __rt_entry_presh_1                       0x08000215   Thumb Code     0  __rtentry2.o(.ARM.Collect$$rtentry$$00000002)
    __rt_entry_sh                            0x08000215   Thumb Code     0  __rtentry4.o(.ARM.Collect$$rtentry$$00000004)
    __rt_entry_li                            0x0800021b   Thumb Code     0  __rtentry2.o(.ARM.Collect$$rtentry$$0000000A)
    __rt_entry_postsh_1                      0x0800021b   Thumb Code     0  __rtentry2.o(.ARM.Collect$$rtentry$$00000009)
    __rt_entry_main                          0x0800021f   Thumb Code     0  __rtentry2.o(.ARM.Collect$$rtentry$$0000000D)
    __rt_entry_postli_1                      0x0800021f   Thumb Code     0  __rtentry2.o(.ARM.Collect$$rtentry$$0000000C)
    __rt_exit                                0x08000227   Thumb Code     0  rtexit.o(.ARM.Collect$$rtexit$$00000000)
    __rt_exit_ls                             0x08000229   Thumb Code     0  rtexit2.o(.ARM.Collect$$rtexit$$00000003)
    __rt_exit_prels_1                        0x08000229   Thumb Code     0  rtexit2.o(.ARM.Collect$$rtexit$$00000002)
    __rt_exit_exit                           0x0800022d   Thumb Code     0  rtexit2.o(.ARM.Collect$$rtexit$$00000004)
    LED_Init                                 0x08000235   Thumb Code    48  main.o(.text)
    main                                     0x08000265   Thumb Code    50  main.o(.text)
    delay                                    0x08000297   Thumb Code    26  main.o(.text)
    SysTick_Handler                          0x080002b1   Thumb Code    12  main.o(.text)
    EXTI0_IRQHandler                         0x080002bd   Thumb Code    22  main.o(.text)
    BSP_GetVersion                           0x080002e9   Thumb Code     6  stm32f401_discovery.o(.text)
    BSP_LED_Init                             0x080002ef   Thumb Code   122  stm32f401_discovery.o(.text)
    BSP_LED_On                               0x08000369   Thumb Code    24  stm32f401_discovery.o(.text)
    BSP_LED_Off                              0x08000381   Thumb Code    24  stm32f401_discovery.o(.text)
    BSP_LED_Toggle                           0x08000399   Thumb Code    22  stm32f401_discovery.o(.text)
    BSP_PB_Init                              0x080003af   Thumb Code   128  stm32f401_discovery.o(.text)
    BSP_PB_GetState                          0x0800042f   Thumb Code    22  stm32f401_discovery.o(.text)
    GYRO_IO_Init                             0x08000633   Thumb Code    94  stm32f401_discovery.o(.text)
    GYRO_IO_Write                            0x08000691   Thumb Code    62  stm32f401_discovery.o(.text)
    GYRO_IO_Read                             0x080006cf   Thumb Code   138  stm32f401_discovery.o(.text)
    AUDIO_IO_Init                            0x08000759   Thumb Code    80  stm32f401_discovery.o(.text)
    AUDIO_IO_Write                           0x080007a9   Thumb Code    20  stm32f401_discovery.o(.text)
    AUDIO_IO_Read                            0x080007bd   Thumb Code    16  stm32f401_discovery.o(.text)
    COMPASSACCELERO_IO_Init                  0x080007cd   Thumb Code    46  stm32f401_discovery.o(.text)
    COMPASSACCELERO_IO_ITConfig              0x080007fb   Thumb Code    60  stm32f401_discovery.o(.text)
    COMPASSACCELERO_IO_Write                 0x08000837   Thumb Code    20  stm32f401_discovery.o(.text)
    COMPASSACCELERO_IO_Read                  0x0800084b   Thumb Code    16  stm32f401_discovery.o(.text)
    BSP_ACCELERO_Init                        0x0800086d   Thumb Code   184  stm32f401_discovery_accelerometer.o(.text)
    BSP_ACCELERO_Reset                       0x08000925   Thumb Code    20  stm32f401_discovery_accelerometer.o(.text)
    BSP_ACCELERO_Click_ITConfig              0x08000939   Thumb Code    20  stm32f401_discovery_accelerometer.o(.text)
    BSP_ACCELERO_GetXYZ                      0x0800094d   Thumb Code    50  stm32f401_discovery_accelerometer.o(.text)
    BSP_MAGNETO_Init                         0x0800097f   Thumb Code    52  stm32f401_discovery_accelerometer.o(.text)
    BSP_MAGNETO_GetXYZ                       0x080009b3   Thumb Code    12  stm32f401_discovery_accelerometer.o(.text)
    LSM303DLHC_AccInit                       0x080009c9   Thumb Code    38  lsm303dlhc.o(.text)
    LSM303DLHC_AccReadID                     0x080009ef   Thumb Code    22  lsm303dlhc.o(.text)
    LSM303DLHC_AccRebootCmd                  0x08000a05   Thumb Code    28  lsm303dlhc.o(.text)
    LSM303DLHC_AccFilterConfig               0x08000a21   Thumb Code    32  lsm303dlhc.o(.text)
    LSM303DLHC_AccFilterCmd                  0x08000a41   Thumb Code    32  lsm303dlhc.o(.text)
    LSM303DLHC_AccReadXYZ                    0x08000a61   Thumb Code   282  lsm303dlhc.o(.text)
    LSM303DLHC_AccFilterClickCmd             0x08000b7b   Thumb Code    34  lsm303dlhc.o(.text)
    LSM303DLHC_AccIT1Enable                  0x08000b9d   Thumb Code    30  lsm303dlhc.o(.text)
    LSM303DLHC_AccIT1Disable                 0x08000bbb   Thumb Code    30  lsm303dlhc.o(.text)
    LSM303DLHC_AccIT2Enable                  0x08000bd9   Thumb Code    30  lsm303dlhc.o(.text)
    LSM303DLHC_AccIT2Disable                 0x08000bf7   Thumb Code    30  lsm303dlhc.o(.text)
    LSM303DLHC_AccINT1InterruptEnable        0x08000c15   Thumb Code    36  lsm303dlhc.o(.text)
    LSM303DLHC_AccINT1InterruptDisable       0x08000c39   Thumb Code    36  lsm303dlhc.o(.text)
    LSM303DLHC_AccINT2InterruptEnable        0x08000c5d   Thumb Code    36  lsm303dlhc.o(.text)
    LSM303DLHC_AccINT2InterruptDisable       0x08000c81   Thumb Code    36  lsm303dlhc.o(.text)
    LSM303DLHC_AccClickITEnable              0x08000ca5   Thumb Code    76  lsm303dlhc.o(.text)
    LSM303DLHC_AccClickITDisable             0x08000cf1   Thumb Code    30  lsm303dlhc.o(.text)
    LSM303DLHC_AccZClickITConfig             0x08000d0f   Thumb Code    26  lsm303dlhc.o(.text)
    LSM303DLHC_MagInit                       0x08000d29   Thumb Code    62  lsm303dlhc.o(.text)
    LSM303DLHC_MagGetDataStatus              0x08000d67   Thumb Code    16  lsm303dlhc.o(.text)
    LSM303DLHC_MagReadID                     0x08000d77   Thumb Code    22  lsm303dlhc.o(.text)
    LSM303DLHC_MagReadXYZ                    0x08000d8d   Thumb Code   138  lsm303dlhc.o(.text)
    L3GD20_Init                              0x08000e19   Thumb Code    42  l3gd20.o(.text)
    L3GD20_ReadID                            0x08000e43   Thumb Code    22  l3gd20.o(.text)
    L3GD20_RebootCmd                         0x08000e59   Thumb Code    34  l3gd20.o(.text)
    L3GD20_INT1InterruptConfig               0x08000e7b   Thumb Code    94  l3gd20.o(.text)
    L3GD20_EnableIT                          0x08000ed9   Thumb Code    74  l3gd20.o(.text)
    L3GD20_DisableIT                         0x08000f23   Thumb Code    66  l3gd20.o(.text)
    L3GD20_FilterConfig                      0x08000f65   Thumb Code    44  l3gd20.o(.text)
    L3GD20_FilterCmd                         0x08000f91   Thumb Code    44  l3gd20.o(.text)
    L3GD20_GetDataStatus                     0x08000fbd   Thumb Code    18  l3gd20.o(.text)
    L3GD20_ReadXYZAngRate                    0x08000fcf   Thumb Code   240  l3gd20.o(.text)
    BSP_GYRO_Init                            0x080010d5   Thumb Code   168  stm32f401_discovery_gyroscope.o(.text)
    BSP_GYRO_ReadID                          0x0800117d   Thumb Code    26  stm32f401_discovery_gyroscope.o(.text)
    BSP_GYRO_Reset                           0x08001197   Thumb Code    20  stm32f401_discovery_gyroscope.o(.text)
    BSP_GYRO_ITConfig                        0x080011ab   Thumb Code    40  stm32f401_discovery_gyroscope.o(.text)
    BSP_GYRO_EnableIT                        0x080011d3   Thumb Code    24  stm32f401_discovery_gyroscope.o(.text)
    BSP_GYRO_DisableIT                       0x080011eb   Thumb Code    24  stm32f401_discovery_gyroscope.o(.text)
    BSP_GYRO_GetXYZ                          0x08001203   Thumb Code    24  stm32f401_discovery_gyroscope.o(.text)
    accel_gyro_Init                          0x08001225   Thumb Code    18  mag_accel.o(.text)
    compute_Gyro_RT_Data                     0x08001237   Thumb Code   136  mag_accel.o(.text)
    getGyro                                  0x080012bf   Thumb Code    62  mag_accel.o(.text)
    GyroAngle                                0x080012fd   Thumb Code   676  mag_accel.o(.text)
    timer_init                               0x080015ed   Thumb Code    80  tim_pwm.o(.text)
    pwm_ch1_init                             0x0800163d   Thumb Code    36  tim_pwm.o(.text)
    pwm_ch1_dim                              0x08001661   Thumb Code    56  tim_pwm.o(.text)
    pwm_ch2_init                             0x08001699   Thumb Code    38  tim_pwm.o(.text)
    pwm_ch3_init                             0x080016bf   Thumb Code    38  tim_pwm.o(.text)
    pwm_ch4_init                             0x080016e5   Thumb Code    38  tim_pwm.o(.text)
    HAL_MspInit                              0x08001731   Thumb Code     2  stm32f4xx_hal.o(.text)
    HAL_InitTick                             0x08001733   Thumb Code    36  stm32f4xx_hal.o(.text)
    HAL_Init                                 0x08001757   Thumb Code    54  stm32f4xx_hal.o(.text)
    HAL_MspDeInit                            0x0800178d   Thumb Code     2  stm32f4xx_hal.o(.text)
    HAL_DeInit                               0x0800178f   Thumb Code    64  stm32f4xx_hal.o(.text)
    HAL_IncTick                              0x080017cf   Thumb Code    12  stm32f4xx_hal.o(.text)
    HAL_GetTick                              0x080017db   Thumb Code     6  stm32f4xx_hal.o(.text)
    HAL_Delay                                0x080017e1   Thumb Code    26  stm32f4xx_hal.o(.text)
    HAL_SuspendTick                          0x080017fb   Thumb Code    18  stm32f4xx_hal.o(.text)
    HAL_ResumeTick                           0x0800180d   Thumb Code    18  stm32f4xx_hal.o(.text)
    HAL_GetHalVersion                        0x0800181f   Thumb Code     4  stm32f4xx_hal.o(.text)
    HAL_GetREVID                             0x08001823   Thumb Code     8  stm32f4xx_hal.o(.text)
    HAL_GetDEVID                             0x0800182b   Thumb Code    10  stm32f4xx_hal.o(.text)
    HAL_EnableDBGSleepMode                   0x08001835   Thumb Code    14  stm32f4xx_hal.o(.text)
    HAL_DisableDBGSleepMode                  0x08001843   Thumb Code    14  stm32f4xx_hal.o(.text)
    HAL_EnableDBGStopMode                    0x08001851   Thumb Code    14  stm32f4xx_hal.o(.text)
    HAL_DisableDBGStopMode                   0x0800185f   Thumb Code    14  stm32f4xx_hal.o(.text)
    HAL_EnableDBGStandbyMode                 0x0800186d   Thumb Code    14  stm32f4xx_hal.o(.text)
    HAL_DisableDBGStandbyMode                0x0800187b   Thumb Code    14  stm32f4xx_hal.o(.text)
    HAL_EnableCompensationCell               0x08001889   Thumb Code     8  stm32f4xx_hal.o(.text)
    HAL_DisableCompensationCell              0x08001891   Thumb Code     8  stm32f4xx_hal.o(.text)
    HAL_NVIC_SetPriorityGrouping             0x080018d1   Thumb Code    36  stm32f4xx_hal_cortex.o(.text)
    HAL_NVIC_SetPriority                     0x080018f5   Thumb Code   124  stm32f4xx_hal_cortex.o(.text)
    HAL_NVIC_EnableIRQ                       0x08001971   Thumb Code    26  stm32f4xx_hal_cortex.o(.text)
    HAL_NVIC_DisableIRQ                      0x0800198b   Thumb Code    22  stm32f4xx_hal_cortex.o(.text)
    HAL_NVIC_SystemReset                     0x080019a1   Thumb Code    38  stm32f4xx_hal_cortex.o(.text)
    HAL_SYSTICK_Config                       0x080019c7   Thumb Code    52  stm32f4xx_hal_cortex.o(.text)
    HAL_NVIC_GetPriorityGrouping             0x080019fb   Thumb Code     8  stm32f4xx_hal_cortex.o(.text)
    HAL_NVIC_GetPriority                     0x08001a03   Thumb Code   138  stm32f4xx_hal_cortex.o(.text)
    HAL_NVIC_SetPendingIRQ                   0x08001a8d   Thumb Code    24  stm32f4xx_hal_cortex.o(.text)
    HAL_NVIC_GetPendingIRQ                   0x08001aa5   Thumb Code    38  stm32f4xx_hal_cortex.o(.text)
    HAL_NVIC_ClearPendingIRQ                 0x08001acb   Thumb Code    22  stm32f4xx_hal_cortex.o(.text)
    HAL_NVIC_GetActive                       0x08001ae1   Thumb Code    38  stm32f4xx_hal_cortex.o(.text)
    HAL_SYSTICK_CLKSourceConfig              0x08001b07   Thumb Code    40  stm32f4xx_hal_cortex.o(.text)
    HAL_SYSTICK_Callback                     0x08001b2f   Thumb Code     2  stm32f4xx_hal_cortex.o(.text)
    HAL_SYSTICK_IRQHandler                   0x08001b31   Thumb Code     8  stm32f4xx_hal_cortex.o(.text)
    HAL_GPIO_Init                            0x08001b59   Thumb Code   466  stm32f4xx_hal_gpio.o(.text)
    HAL_GPIO_DeInit                          0x08001d2b   Thumb Code   200  stm32f4xx_hal_gpio.o(.text)
    HAL_GPIO_ReadPin                         0x08001df3   Thumb Code    16  stm32f4xx_hal_gpio.o(.text)
    HAL_GPIO_WritePin                        0x08001e03   Thumb Code    10  stm32f4xx_hal_gpio.o(.text)
    HAL_GPIO_TogglePin                       0x08001e0d   Thumb Code     8  stm32f4xx_hal_gpio.o(.text)
    HAL_GPIO_LockPin                         0x08001e15   Thumb Code    46  stm32f4xx_hal_gpio.o(.text)
    HAL_GPIO_EXTI_Callback                   0x08001e43   Thumb Code     2  stm32f4xx_hal_gpio.o(.text)
    HAL_GPIO_EXTI_IRQHandler                 0x08001e45   Thumb Code    28  stm32f4xx_hal_gpio.o(.text)
    HAL_RCC_DeInit                           0x08001e95   Thumb Code    96  stm32f4xx_hal_rcc.o(.text)
    HAL_RCC_OscConfig                        0x08001ef5   Thumb Code  1016  stm32f4xx_hal_rcc.o(.text)
    HAL_RCC_ClockConfig                      0x080022ed   Thumb Code   612  stm32f4xx_hal_rcc.o(.text)
    HAL_RCC_MCOConfig                        0x08002551   Thumb Code   146  stm32f4xx_hal_rcc.o(.text)
    HAL_RCC_EnableCSS                        0x080025e3   Thumb Code     8  stm32f4xx_hal_rcc.o(.text)
    HAL_RCC_DisableCSS                       0x080025eb   Thumb Code     8  stm32f4xx_hal_rcc.o(.text)
    HAL_RCC_GetSysClockFreq                  0x080025f3   Thumb Code   214  stm32f4xx_hal_rcc.o(.text)
    HAL_RCC_GetHCLKFreq                      0x080026c9   Thumb Code    42  stm32f4xx_hal_rcc.o(.text)
    HAL_RCC_GetPCLK1Freq                     0x080026f3   Thumb Code    36  stm32f4xx_hal_rcc.o(.text)
    HAL_RCC_GetPCLK2Freq                     0x08002717   Thumb Code    36  stm32f4xx_hal_rcc.o(.text)
    HAL_RCC_GetOscConfig                     0x0800273b   Thumb Code   296  stm32f4xx_hal_rcc.o(.text)
    HAL_RCC_GetClockConfig                   0x08002863   Thumb Code    58  stm32f4xx_hal_rcc.o(.text)
    HAL_RCC_CCSCallback                      0x0800289d   Thumb Code     2  stm32f4xx_hal_rcc.o(.text)
    HAL_RCC_NMI_IRQHandler                   0x0800289f   Thumb Code    30  stm32f4xx_hal_rcc.o(.text)
    Reset_Handler                            0x080028d1   Thumb Code     8  startup_stm32f401xc.o(.text)
    NMI_Handler                              0x080028d9   Thumb Code     2  startup_stm32f401xc.o(.text)
    HardFault_Handler                        0x080028db   Thumb Code     2  startup_stm32f401xc.o(.text)
    MemManage_Handler                        0x080028dd   Thumb Code     2  startup_stm32f401xc.o(.text)
    BusFault_Handler                         0x080028df   Thumb Code     2  startup_stm32f401xc.o(.text)
    UsageFault_Handler                       0x080028e1   Thumb Code     2  startup_stm32f401xc.o(.text)
    SVC_Handler                              0x080028e3   Thumb Code     2  startup_stm32f401xc.o(.text)
    DebugMon_Handler                         0x080028e5   Thumb Code     2  startup_stm32f401xc.o(.text)
    PendSV_Handler                           0x080028e7   Thumb Code     2  startup_stm32f401xc.o(.text)
    ADC_IRQHandler                           0x080028eb   Thumb Code     0  startup_stm32f401xc.o(.text)
    DMA1_Stream0_IRQHandler                  0x080028eb   Thumb Code     0  startup_stm32f401xc.o(.text)
    DMA1_Stream1_IRQHandler                  0x080028eb   Thumb Code     0  startup_stm32f401xc.o(.text)
    DMA1_Stream2_IRQHandler                  0x080028eb   Thumb Code     0  startup_stm32f401xc.o(.text)
    DMA1_Stream3_IRQHandler                  0x080028eb   Thumb Code     0  startup_stm32f401xc.o(.text)
    DMA1_Stream4_IRQHandler                  0x080028eb   Thumb Code     0  startup_stm32f401xc.o(.text)
    DMA1_Stream5_IRQHandler                  0x080028eb   Thumb Code     0  startup_stm32f401xc.o(.text)
    DMA1_Stream6_IRQHandler                  0x080028eb   Thumb Code     0  startup_stm32f401xc.o(.text)
    DMA1_Stream7_IRQHandler                  0x080028eb   Thumb Code     0  startup_stm32f401xc.o(.text)
    DMA2_Stream0_IRQHandler                  0x080028eb   Thumb Code     0  startup_stm32f401xc.o(.text)
    DMA2_Stream1_IRQHandler                  0x080028eb   Thumb Code     0  startup_stm32f401xc.o(.text)
    DMA2_Stream2_IRQHandler                  0x080028eb   Thumb Code     0  startup_stm32f401xc.o(.text)
    DMA2_Stream3_IRQHandler                  0x080028eb   Thumb Code     0  startup_stm32f401xc.o(.text)
    DMA2_Stream4_IRQHandler                  0x080028eb   Thumb Code     0  startup_stm32f401xc.o(.text)
    DMA2_Stream5_IRQHandler                  0x080028eb   Thumb Code     0  startup_stm32f401xc.o(.text)
    DMA2_Stream6_IRQHandler                  0x080028eb   Thumb Code     0  startup_stm32f401xc.o(.text)
    DMA2_Stream7_IRQHandler                  0x080028eb   Thumb Code     0  startup_stm32f401xc.o(.text)
    EXTI15_10_IRQHandler                     0x080028eb   Thumb Code     0  startup_stm32f401xc.o(.text)
    EXTI1_IRQHandler                         0x080028eb   Thumb Code     0  startup_stm32f401xc.o(.text)
    EXTI2_IRQHandler                         0x080028eb   Thumb Code     0  startup_stm32f401xc.o(.text)
    EXTI3_IRQHandler                         0x080028eb   Thumb Code     0  startup_stm32f401xc.o(.text)
    EXTI4_IRQHandler                         0x080028eb   Thumb Code     0  startup_stm32f401xc.o(.text)
    EXTI9_5_IRQHandler                       0x080028eb   Thumb Code     0  startup_stm32f401xc.o(.text)
    FLASH_IRQHandler                         0x080028eb   Thumb Code     0  startup_stm32f401xc.o(.text)
    FPU_IRQHandler                           0x080028eb   Thumb Code     0  startup_stm32f401xc.o(.text)
    I2C1_ER_IRQHandler                       0x080028eb   Thumb Code     0  startup_stm32f401xc.o(.text)
    I2C1_EV_IRQHandler                       0x080028eb   Thumb Code     0  startup_stm32f401xc.o(.text)
    I2C2_ER_IRQHandler                       0x080028eb   Thumb Code     0  startup_stm32f401xc.o(.text)
    I2C2_EV_IRQHandler                       0x080028eb   Thumb Code     0  startup_stm32f401xc.o(.text)
    I2C3_ER_IRQHandler                       0x080028eb   Thumb Code     0  startup_stm32f401xc.o(.text)
    I2C3_EV_IRQHandler                       0x080028eb   Thumb Code     0  startup_stm32f401xc.o(.text)
    OTG_FS_IRQHandler                        0x080028eb   Thumb Code     0  startup_stm32f401xc.o(.text)
    OTG_FS_WKUP_IRQHandler                   0x080028eb   Thumb Code     0  startup_stm32f401xc.o(.text)
    PVD_IRQHandler                           0x080028eb   Thumb Code     0  startup_stm32f401xc.o(.text)
    RCC_IRQHandler                           0x080028eb   Thumb Code     0  startup_stm32f401xc.o(.text)
    RTC_Alarm_IRQHandler                     0x080028eb   Thumb Code     0  startup_stm32f401xc.o(.text)
    RTC_WKUP_IRQHandler                      0x080028eb   Thumb Code     0  startup_stm32f401xc.o(.text)
    SDIO_IRQHandler                          0x080028eb   Thumb Code     0  startup_stm32f401xc.o(.text)
    SPI1_IRQHandler                          0x080028eb   Thumb Code     0  startup_stm32f401xc.o(.text)
    SPI2_IRQHandler                          0x080028eb   Thumb Code     0  startup_stm32f401xc.o(.text)
    SPI3_IRQHandler                          0x080028eb   Thumb Code     0  startup_stm32f401xc.o(.text)
    SPI4_IRQHandler                          0x080028eb   Thumb Code     0  startup_stm32f401xc.o(.text)
    TAMP_STAMP_IRQHandler                    0x080028eb   Thumb Code     0  startup_stm32f401xc.o(.text)
    TIM1_BRK_TIM9_IRQHandler                 0x080028eb   Thumb Code     0  startup_stm32f401xc.o(.text)
    TIM1_CC_IRQHandler                       0x080028eb   Thumb Code     0  startup_stm32f401xc.o(.text)
    TIM1_TRG_COM_TIM11_IRQHandler            0x080028eb   Thumb Code     0  startup_stm32f401xc.o(.text)
    TIM1_UP_TIM10_IRQHandler                 0x080028eb   Thumb Code     0  startup_stm32f401xc.o(.text)
    TIM2_IRQHandler                          0x080028eb   Thumb Code     0  startup_stm32f401xc.o(.text)
    TIM3_IRQHandler                          0x080028eb   Thumb Code     0  startup_stm32f401xc.o(.text)
    TIM4_IRQHandler                          0x080028eb   Thumb Code     0  startup_stm32f401xc.o(.text)
    TIM5_IRQHandler                          0x080028eb   Thumb Code     0  startup_stm32f401xc.o(.text)
    USART1_IRQHandler                        0x080028eb   Thumb Code     0  startup_stm32f401xc.o(.text)
    USART2_IRQHandler                        0x080028eb   Thumb Code     0  startup_stm32f401xc.o(.text)
    USART6_IRQHandler                        0x080028eb   Thumb Code     0  startup_stm32f401xc.o(.text)
    WWDG_IRQHandler                          0x080028eb   Thumb Code     0  startup_stm32f401xc.o(.text)
    __user_initial_stackheap                 0x080028ed   Thumb Code     0  startup_stm32f401xc.o(.text)
    SystemInit                               0x08002911   Thumb Code    82  system_stm32f4xx.o(.text)
    SystemCoreClockUpdate                    0x08002963   Thumb Code   174  system_stm32f4xx.o(.text)
    HAL_DMA_Init                             0x08002a31   Thumb Code   120  stm32f4xx_hal_dma.o(.text)
    HAL_DMA_DeInit                           0x08002aa9   Thumb Code  3952  stm32f4xx_hal_dma.o(.text)
    HAL_DMA_Start                            0x08003a39   Thumb Code    82  stm32f4xx_hal_dma.o(.text)
    HAL_DMA_Start_IT                         0x08003a8b   Thumb Code   142  stm32f4xx_hal_dma.o(.text)
    HAL_DMA_Abort                            0x08003b19   Thumb Code    94  stm32f4xx_hal_dma.o(.text)
    HAL_DMA_PollForTransfer                  0x08003b77   Thumb Code 10074  stm32f4xx_hal_dma.o(.text)
    HAL_DMA_IRQHandler                       0x080062d1   Thumb Code  9776  stm32f4xx_hal_dma.o(.text)
    HAL_DMA_GetState                         0x08008901   Thumb Code     8  stm32f4xx_hal_dma.o(.text)
    HAL_DMA_GetError                         0x08008909   Thumb Code     6  stm32f4xx_hal_dma.o(.text)
    HAL_I2C_MspInit                          0x08008919   Thumb Code     2  stm32f4xx_hal_i2c.o(.text)
    HAL_I2C_Init                             0x0800891b   Thumb Code   274  stm32f4xx_hal_i2c.o(.text)
    HAL_I2C_MspDeInit                        0x08008a2d   Thumb Code     2  stm32f4xx_hal_i2c.o(.text)
    HAL_I2C_DeInit                           0x08008a2f   Thumb Code    56  stm32f4xx_hal_i2c.o(.text)
    HAL_I2C_Master_Transmit                  0x08008c7d   Thumb Code   288  stm32f4xx_hal_i2c.o(.text)
    HAL_I2C_Master_Receive                   0x08008e91   Thumb Code   556  stm32f4xx_hal_i2c.o(.text)
    HAL_I2C_Slave_Transmit                   0x080090bd   Thumb Code   314  stm32f4xx_hal_i2c.o(.text)
    HAL_I2C_Slave_Receive                    0x080091f7   Thumb Code   278  stm32f4xx_hal_i2c.o(.text)
    HAL_I2C_Master_Transmit_IT               0x0800930d   Thumb Code   174  stm32f4xx_hal_i2c.o(.text)
    HAL_I2C_Master_Receive_IT                0x080093bb   Thumb Code   274  stm32f4xx_hal_i2c.o(.text)
    HAL_I2C_Slave_Transmit_IT                0x080094cd   Thumb Code   116  stm32f4xx_hal_i2c.o(.text)
    HAL_I2C_Slave_Receive_IT                 0x08009541   Thumb Code   124  stm32f4xx_hal_i2c.o(.text)
    HAL_I2C_ErrorCallback                    0x080095bd   Thumb Code     2  stm32f4xx_hal_i2c.o(.text)
    HAL_I2C_MasterTxCpltCallback             0x080095ef   Thumb Code     2  stm32f4xx_hal_i2c.o(.text)
    HAL_I2C_Master_Transmit_DMA              0x08009663   Thumb Code   200  stm32f4xx_hal_i2c.o(.text)
    HAL_I2C_MasterRxCpltCallback             0x0800972b   Thumb Code     2  stm32f4xx_hal_i2c.o(.text)
    HAL_I2C_Master_Receive_DMA               0x0800979d   Thumb Code   230  stm32f4xx_hal_i2c.o(.text)
    HAL_I2C_SlaveTxCpltCallback              0x08009883   Thumb Code     2  stm32f4xx_hal_i2c.o(.text)
    HAL_I2C_Slave_Transmit_DMA               0x08009901   Thumb Code   260  stm32f4xx_hal_i2c.o(.text)
    HAL_I2C_SlaveRxCpltCallback              0x08009a05   Thumb Code     2  stm32f4xx_hal_i2c.o(.text)
    HAL_I2C_Slave_Receive_DMA                0x08009a8d   Thumb Code   180  stm32f4xx_hal_i2c.o(.text)
    HAL_I2C_Mem_Write                        0x08009beb   Thumb Code   270  stm32f4xx_hal_i2c.o(.text)
    HAL_I2C_Mem_Read                         0x08009e1d   Thumb Code   546  stm32f4xx_hal_i2c.o(.text)
    HAL_I2C_Mem_Write_IT                     0x0800a03f   Thumb Code   172  stm32f4xx_hal_i2c.o(.text)
    HAL_I2C_Mem_Read_IT                      0x0800a0eb   Thumb Code   284  stm32f4xx_hal_i2c.o(.text)
    HAL_I2C_MemTxCpltCallback                0x0800a207   Thumb Code     2  stm32f4xx_hal_i2c.o(.text)
    HAL_I2C_Mem_Write_DMA                    0x0800a27d   Thumb Code   216  stm32f4xx_hal_i2c.o(.text)
    HAL_I2C_MemRxCpltCallback                0x0800a355   Thumb Code     2  stm32f4xx_hal_i2c.o(.text)
    HAL_I2C_Mem_Read_DMA                     0x0800a3c7   Thumb Code   240  stm32f4xx_hal_i2c.o(.text)
    HAL_I2C_IsDeviceReady                    0x0800a4b7   Thumb Code   362  stm32f4xx_hal_i2c.o(.text)
    HAL_I2C_EV_IRQHandler                    0x0800a8e9   Thumb Code   370  stm32f4xx_hal_i2c.o(.text)
    HAL_I2C_ER_IRQHandler                    0x0800aaa1   Thumb Code   232  stm32f4xx_hal_i2c.o(.text)
    HAL_I2C_GetState                         0x0800ab89   Thumb Code     8  stm32f4xx_hal_i2c.o(.text)
    HAL_I2C_GetError                         0x0800ab91   Thumb Code     8  stm32f4xx_hal_i2c.o(.text)
    HAL_SPI_MspInit                          0x0800ab9d   Thumb Code     2  stm32f4xx_hal_spi.o(.text)
    HAL_SPI_Init                             0x0800ab9f   Thumb Code   132  stm32f4xx_hal_spi.o(.text)
    HAL_SPI_MspDeInit                        0x0800ac23   Thumb Code     2  stm32f4xx_hal_spi.o(.text)
    HAL_SPI_DeInit                           0x0800ac25   Thumb Code    50  stm32f4xx_hal_spi.o(.text)
    HAL_SPI_Transmit                         0x0800ad6d   Thumb Code   454  stm32f4xx_hal_spi.o(.text)
    HAL_SPI_TransmitReceive                  0x0800af33   Thumb Code   860  stm32f4xx_hal_spi.o(.text)
    HAL_SPI_Receive                          0x0800b28f   Thumb Code   578  stm32f4xx_hal_spi.o(.text)
    HAL_SPI_ErrorCallback                    0x0800b4d1   Thumb Code     2  stm32f4xx_hal_spi.o(.text)
    HAL_SPI_TxCpltCallback                   0x0800b4d3   Thumb Code     2  stm32f4xx_hal_spi.o(.text)
    HAL_SPI_TxRxCpltCallback                 0x0800b4d5   Thumb Code     2  stm32f4xx_hal_spi.o(.text)
    HAL_SPI_Transmit_IT                      0x0800b5c3   Thumb Code   200  stm32f4xx_hal_spi.o(.text)
    HAL_SPI_RxCpltCallback                   0x0800b68b   Thumb Code     2  stm32f4xx_hal_spi.o(.text)
    HAL_SPI_TransmitReceive_IT               0x0800b7bd   Thumb Code   194  stm32f4xx_hal_spi.o(.text)
    HAL_SPI_Receive_IT                       0x0800b8d1   Thumb Code   224  stm32f4xx_hal_spi.o(.text)
    HAL_SPI_TxHalfCpltCallback               0x0800ba61   Thumb Code     2  stm32f4xx_hal_spi.o(.text)
    HAL_SPI_Transmit_DMA                     0x0800ba71   Thumb Code   220  stm32f4xx_hal_spi.o(.text)
    HAL_SPI_RxHalfCpltCallback               0x0800bc25   Thumb Code     2  stm32f4xx_hal_spi.o(.text)
    HAL_SPI_TxRxHalfCpltCallback             0x0800bd13   Thumb Code     2  stm32f4xx_hal_spi.o(.text)
    HAL_SPI_TransmitReceive_DMA              0x0800bd23   Thumb Code   308  stm32f4xx_hal_spi.o(.text)
    HAL_SPI_Receive_DMA                      0x0800be57   Thumb Code   290  stm32f4xx_hal_spi.o(.text)
    HAL_SPI_DMAPause                         0x0800bf79   Thumb Code    62  stm32f4xx_hal_spi.o(.text)
    HAL_SPI_DMAResume                        0x0800bfb7   Thumb Code    62  stm32f4xx_hal_spi.o(.text)
    HAL_SPI_DMAStop                          0x0800bff5   Thumb Code    58  stm32f4xx_hal_spi.o(.text)
    HAL_SPI_IRQHandler                       0x0800c02f   Thumb Code   254  stm32f4xx_hal_spi.o(.text)
    HAL_SPI_GetState                         0x0800c12d   Thumb Code     8  stm32f4xx_hal_spi.o(.text)
    HAL_SPI_GetError                         0x0800c135   Thumb Code     8  stm32f4xx_hal_spi.o(.text)
    TIM_Base_SetConfig                       0x0800c149   Thumb Code   148  stm32f4xx_hal_tim.o(.text)
    HAL_TIM_Base_MspInit                     0x0800c1dd   Thumb Code     2  stm32f4xx_hal_tim.o(.text)
    HAL_TIM_Base_Init                        0x0800c1df   Thumb Code    46  stm32f4xx_hal_tim.o(.text)
    HAL_TIM_Base_MspDeInit                   0x0800c20d   Thumb Code     2  stm32f4xx_hal_tim.o(.text)
    HAL_TIM_Base_DeInit                      0x0800c20f   Thumb Code    70  stm32f4xx_hal_tim.o(.text)
    HAL_TIM_Base_Start                       0x0800c255   Thumb Code    30  stm32f4xx_hal_tim.o(.text)
    HAL_TIM_Base_Stop                        0x0800c273   Thumb Code    56  stm32f4xx_hal_tim.o(.text)
    HAL_TIM_Base_Start_IT                    0x0800c2ab   Thumb Code    30  stm32f4xx_hal_tim.o(.text)
    HAL_TIM_Base_Stop_IT                     0x0800c2c9   Thumb Code    56  stm32f4xx_hal_tim.o(.text)
    HAL_TIM_ErrorCallback                    0x0800c301   Thumb Code     2  stm32f4xx_hal_tim.o(.text)
    HAL_TIM_DMAError                         0x0800c303   Thumb Code    20  stm32f4xx_hal_tim.o(.text)
    HAL_TIM_PeriodElapsedCallback            0x0800c317   Thumb Code     2  stm32f4xx_hal_tim.o(.text)
    HAL_TIM_Base_Start_DMA                   0x0800c32d   Thumb Code    98  stm32f4xx_hal_tim.o(.text)
    HAL_TIM_Base_Stop_DMA                    0x0800c38f   Thumb Code    62  stm32f4xx_hal_tim.o(.text)
    HAL_TIM_OC_MspInit                       0x0800c3cd   Thumb Code     2  stm32f4xx_hal_tim.o(.text)
    HAL_TIM_OC_Init                          0x0800c3cf   Thumb Code    46  stm32f4xx_hal_tim.o(.text)
    HAL_TIM_OC_MspDeInit                     0x0800c3fd   Thumb Code     2  stm32f4xx_hal_tim.o(.text)
    HAL_TIM_OC_DeInit                        0x0800c3ff   Thumb Code    70  stm32f4xx_hal_tim.o(.text)
    TIM_CCxChannelCmd                        0x0800c445   Thumb Code    28  stm32f4xx_hal_tim.o(.text)
    HAL_TIM_OC_Start                         0x0800c461   Thumb Code    60  stm32f4xx_hal_tim.o(.text)
    HAL_TIM_OC_Stop                          0x0800c49d   Thumb Code   112  stm32f4xx_hal_tim.o(.text)
    HAL_TIM_OC_Start_IT                      0x0800c50d   Thumb Code   168  stm32f4xx_hal_tim.o(.text)
    HAL_TIM_OC_Stop_IT                       0x0800c5b5   Thumb Code   188  stm32f4xx_hal_tim.o(.text)
    HAL_TIM_PWM_PulseFinishedCallback        0x0800c671   Thumb Code     2  stm32f4xx_hal_tim.o(.text)
    HAL_TIM_DMADelayPulseCplt                0x0800c673   Thumb Code    20  stm32f4xx_hal_tim.o(.text)
    HAL_TIM_OC_Start_DMA                     0x0800c687   Thumb Code   304  stm32f4xx_hal_tim.o(.text)
    HAL_TIM_OC_Stop_DMA                      0x0800c7b7   Thumb Code   194  stm32f4xx_hal_tim.o(.text)
    HAL_TIM_PWM_MspInit                      0x0800c879   Thumb Code     2  stm32f4xx_hal_tim.o(.text)
    HAL_TIM_PWM_Init                         0x0800c87b   Thumb Code    46  stm32f4xx_hal_tim.o(.text)
    HAL_TIM_PWM_MspDeInit                    0x0800c8a9   Thumb Code     2  stm32f4xx_hal_tim.o(.text)
    HAL_TIM_PWM_DeInit                       0x0800c8ab   Thumb Code    70  stm32f4xx_hal_tim.o(.text)
    HAL_TIM_PWM_Start                        0x0800c8f1   Thumb Code    60  stm32f4xx_hal_tim.o(.text)
    HAL_TIM_PWM_Stop                         0x0800c92d   Thumb Code   124  stm32f4xx_hal_tim.o(.text)
    HAL_TIM_PWM_Start_IT                     0x0800c9a9   Thumb Code   136  stm32f4xx_hal_tim.o(.text)
    HAL_TIM_PWM_Stop_IT                      0x0800ca31   Thumb Code   188  stm32f4xx_hal_tim.o(.text)
    HAL_TIM_PWM_Start_DMA                    0x0800caed   Thumb Code   304  stm32f4xx_hal_tim.o(.text)
    HAL_TIM_PWM_Stop_DMA                     0x0800cc1d   Thumb Code   194  stm32f4xx_hal_tim.o(.text)
    HAL_TIM_IC_MspInit                       0x0800ccdf   Thumb Code     2  stm32f4xx_hal_tim.o(.text)
    HAL_TIM_IC_Init                          0x0800cce1   Thumb Code    46  stm32f4xx_hal_tim.o(.text)
    HAL_TIM_IC_MspDeInit                     0x0800cd0f   Thumb Code     2  stm32f4xx_hal_tim.o(.text)
    HAL_TIM_IC_DeInit                        0x0800cd11   Thumb Code    70  stm32f4xx_hal_tim.o(.text)
    HAL_TIM_IC_Start                         0x0800cd57   Thumb Code    32  stm32f4xx_hal_tim.o(.text)
    HAL_TIM_IC_Stop                          0x0800cd77   Thumb Code    58  stm32f4xx_hal_tim.o(.text)
    HAL_TIM_IC_Start_IT                      0x0800cdb1   Thumb Code   114  stm32f4xx_hal_tim.o(.text)
    HAL_TIM_IC_Stop_IT                       0x0800ce23   Thumb Code   134  stm32f4xx_hal_tim.o(.text)
    HAL_TIM_IC_CaptureCallback               0x0800cea9   Thumb Code     2  stm32f4xx_hal_tim.o(.text)
    HAL_TIM_DMACaptureCplt                   0x0800ceab   Thumb Code    20  stm32f4xx_hal_tim.o(.text)
    HAL_TIM_IC_Start_DMA                     0x0800cebf   Thumb Code   276  stm32f4xx_hal_tim.o(.text)
    HAL_TIM_IC_Stop_DMA                      0x0800cfd3   Thumb Code   140  stm32f4xx_hal_tim.o(.text)
    HAL_TIM_OnePulse_MspInit                 0x0800d05f   Thumb Code     2  stm32f4xx_hal_tim.o(.text)
    HAL_TIM_OnePulse_Init                    0x0800d061   Thumb Code    70  stm32f4xx_hal_tim.o(.text)
    HAL_TIM_OnePulse_MspDeInit               0x0800d0a7   Thumb Code     2  stm32f4xx_hal_tim.o(.text)
    HAL_TIM_OnePulse_DeInit                  0x0800d0a9   Thumb Code    70  stm32f4xx_hal_tim.o(.text)
    HAL_TIM_OnePulse_Start                   0x0800d0ef   Thumb Code    58  stm32f4xx_hal_tim.o(.text)
    HAL_TIM_OnePulse_Stop                    0x0800d129   Thumb Code   122  stm32f4xx_hal_tim.o(.text)
    HAL_TIM_OnePulse_Start_IT                0x0800d1a3   Thumb Code    82  stm32f4xx_hal_tim.o(.text)
    HAL_TIM_OnePulse_Stop_IT                 0x0800d1f5   Thumb Code   146  stm32f4xx_hal_tim.o(.text)
    HAL_TIM_Encoder_MspInit                  0x0800d287   Thumb Code     2  stm32f4xx_hal_tim.o(.text)
    HAL_TIM_Encoder_Init                     0x0800d289   Thumb Code   174  stm32f4xx_hal_tim.o(.text)
    HAL_TIM_Encoder_MspDeInit                0x0800d337   Thumb Code     2  stm32f4xx_hal_tim.o(.text)
    HAL_TIM_Encoder_DeInit                   0x0800d339   Thumb Code    70  stm32f4xx_hal_tim.o(.text)
    HAL_TIM_Encoder_Start                    0x0800d37f   Thumb Code    78  stm32f4xx_hal_tim.o(.text)
    HAL_TIM_Encoder_Stop                     0x0800d3cd   Thumb Code   104  stm32f4xx_hal_tim.o(.text)
    HAL_TIM_Encoder_Start_IT                 0x0800d435   Thumb Code   126  stm32f4xx_hal_tim.o(.text)
    HAL_TIM_Encoder_Stop_IT                  0x0800d4b3   Thumb Code   158  stm32f4xx_hal_tim.o(.text)
    HAL_TIM_Encoder_Start_DMA                0x0800d551   Thumb Code   328  stm32f4xx_hal_tim.o(.text)
    HAL_TIM_Encoder_Stop_DMA                 0x0800d699   Thumb Code   152  stm32f4xx_hal_tim.o(.text)
    HAL_TIM_TriggerCallback                  0x0800d731   Thumb Code     2  stm32f4xx_hal_tim.o(.text)
    HAL_TIM_OC_DelayElapsedCallback          0x0800d733   Thumb Code     2  stm32f4xx_hal_tim.o(.text)
    HAL_TIM_IRQHandler                       0x0800d735   Thumb Code   406  stm32f4xx_hal_tim.o(.text)
    TIM_OC2_SetConfig                        0x0800d98d   Thumb Code   106  stm32f4xx_hal_tim.o(.text)
    HAL_TIM_OC_ConfigChannel                 0x0800da57   Thumb Code   116  stm32f4xx_hal_tim.o(.text)
    TIM_TI1_SetConfig                        0x0800db65   Thumb Code   102  stm32f4xx_hal_tim.o(.text)
    HAL_TIM_IC_ConfigChannel                 0x0800dbcb   Thumb Code   224  stm32f4xx_hal_tim.o(.text)
    HAL_TIM_PWM_ConfigChannel                0x0800dcab   Thumb Code   286  stm32f4xx_hal_tim.o(.text)
    HAL_TIM_OnePulse_ConfigChannel           0x0800ddc9   Thumb Code   286  stm32f4xx_hal_tim.o(.text)
    HAL_TIM_DMABurst_WriteStart              0x0800defb   Thumb Code   366  stm32f4xx_hal_tim.o(.text)
    HAL_TIM_DMABurst_WriteStop               0x0800e069   Thumb Code    16  stm32f4xx_hal_tim.o(.text)
    HAL_TIM_DMABurst_ReadStart               0x0800e079   Thumb Code   366  stm32f4xx_hal_tim.o(.text)
    HAL_TIM_DMABurst_ReadStop                0x0800e1e7   Thumb Code    16  stm32f4xx_hal_tim.o(.text)
    HAL_TIM_GenerateEvent                    0x0800e1f7   Thumb Code    54  stm32f4xx_hal_tim.o(.text)
    HAL_TIM_ConfigOCrefClear                 0x0800e245   Thumb Code   226  stm32f4xx_hal_tim.o(.text)
    HAL_TIM_ConfigClockSource                0x0800e3ab   Thumb Code   306  stm32f4xx_hal_tim.o(.text)
    HAL_TIM_ConfigTI1Input                   0x0800e4dd   Thumb Code    24  stm32f4xx_hal_tim.o(.text)
    HAL_TIM_SlaveConfigSynchronization       0x0800e4f5   Thumb Code   210  stm32f4xx_hal_tim.o(.text)
    HAL_TIM_ReadCapturedValue                0x0800e5c7   Thumb Code    84  stm32f4xx_hal_tim.o(.text)
    HAL_TIM_Base_GetState                    0x0800e61b   Thumb Code     8  stm32f4xx_hal_tim.o(.text)
    HAL_TIM_OC_GetState                      0x0800e623   Thumb Code     8  stm32f4xx_hal_tim.o(.text)
    HAL_TIM_PWM_GetState                     0x0800e62b   Thumb Code     8  stm32f4xx_hal_tim.o(.text)
    HAL_TIM_IC_GetState                      0x0800e633   Thumb Code     8  stm32f4xx_hal_tim.o(.text)
    HAL_TIM_OnePulse_GetState                0x0800e63b   Thumb Code     8  stm32f4xx_hal_tim.o(.text)
    HAL_TIM_Encoder_GetState                 0x0800e643   Thumb Code     8  stm32f4xx_hal_tim.o(.text)
    HAL_TIMEx_HallSensor_MspInit             0x0800e64d   Thumb Code     2  stm32f4xx_hal_tim_ex.o(.text)
    HAL_TIMEx_HallSensor_Init                0x0800e64f   Thumb Code   196  stm32f4xx_hal_tim_ex.o(.text)
    HAL_TIMEx_HallSensor_MspDeInit           0x0800e713   Thumb Code     2  stm32f4xx_hal_tim_ex.o(.text)
    HAL_TIMEx_HallSensor_DeInit              0x0800e715   Thumb Code    70  stm32f4xx_hal_tim_ex.o(.text)
    HAL_TIMEx_HallSensor_Start               0x0800e75b   Thumb Code    30  stm32f4xx_hal_tim_ex.o(.text)
    HAL_TIMEx_HallSensor_Stop                0x0800e779   Thumb Code    56  stm32f4xx_hal_tim_ex.o(.text)
    HAL_TIMEx_HallSensor_Start_IT            0x0800e7b1   Thumb Code    42  stm32f4xx_hal_tim_ex.o(.text)
    HAL_TIMEx_HallSensor_Stop_IT             0x0800e7db   Thumb Code    68  stm32f4xx_hal_tim_ex.o(.text)
    HAL_TIMEx_HallSensor_Start_DMA           0x0800e81f   Thumb Code   106  stm32f4xx_hal_tim_ex.o(.text)
    HAL_TIMEx_HallSensor_Stop_DMA            0x0800e889   Thumb Code    68  stm32f4xx_hal_tim_ex.o(.text)
    HAL_TIMEx_OCN_Start                      0x0800e8e9   Thumb Code    44  stm32f4xx_hal_tim_ex.o(.text)
    HAL_TIMEx_OCN_Stop                       0x0800e915   Thumb Code    96  stm32f4xx_hal_tim_ex.o(.text)
    HAL_TIMEx_OCN_Start_IT                   0x0800e975   Thumb Code   120  stm32f4xx_hal_tim_ex.o(.text)
    HAL_TIMEx_OCN_Stop_IT                    0x0800e9ed   Thumb Code   172  stm32f4xx_hal_tim_ex.o(.text)
    HAL_TIMEx_OCN_Start_DMA                  0x0800ea99   Thumb Code   272  stm32f4xx_hal_tim_ex.o(.text)
    HAL_TIMEx_OCN_Stop_DMA                   0x0800eba9   Thumb Code   192  stm32f4xx_hal_tim_ex.o(.text)
    HAL_TIMEx_PWMN_Start                     0x0800ec69   Thumb Code    44  stm32f4xx_hal_tim_ex.o(.text)
    HAL_TIMEx_PWMN_Stop                      0x0800ec95   Thumb Code    96  stm32f4xx_hal_tim_ex.o(.text)
    HAL_TIMEx_PWMN_Start_IT                  0x0800ecf5   Thumb Code   132  stm32f4xx_hal_tim_ex.o(.text)
    HAL_TIMEx_PWMN_Stop_IT                   0x0800ed79   Thumb Code   184  stm32f4xx_hal_tim_ex.o(.text)
    HAL_TIMEx_PWMN_Start_DMA                 0x0800ee31   Thumb Code   272  stm32f4xx_hal_tim_ex.o(.text)
    HAL_TIMEx_PWMN_Stop_DMA                  0x0800ef41   Thumb Code   178  stm32f4xx_hal_tim_ex.o(.text)
    HAL_TIMEx_OnePulseN_Start                0x0800eff3   Thumb Code    32  stm32f4xx_hal_tim_ex.o(.text)
    HAL_TIMEx_OnePulseN_Stop                 0x0800f013   Thumb Code    96  stm32f4xx_hal_tim_ex.o(.text)
    HAL_TIMEx_OnePulseN_Start_IT             0x0800f073   Thumb Code    56  stm32f4xx_hal_tim_ex.o(.text)
    HAL_TIMEx_OnePulseN_Stop_IT              0x0800f0ab   Thumb Code   120  stm32f4xx_hal_tim_ex.o(.text)
    HAL_TIMEx_ConfigCommutationEvent         0x0800f123   Thumb Code   110  stm32f4xx_hal_tim_ex.o(.text)
    HAL_TIMEx_ConfigCommutationEvent_IT      0x0800f191   Thumb Code   122  stm32f4xx_hal_tim_ex.o(.text)
    HAL_TIMEx_CommutationCallback            0x0800f20b   Thumb Code     2  stm32f4xx_hal_tim_ex.o(.text)
    HAL_TIMEx_DMACommutationCplt             0x0800f20d   Thumb Code    20  stm32f4xx_hal_tim_ex.o(.text)
    HAL_TIMEx_ConfigCommutationEvent_DMA     0x0800f221   Thumb Code   146  stm32f4xx_hal_tim_ex.o(.text)
    HAL_TIMEx_MasterConfigSynchronization    0x0800f2b3   Thumb Code    98  stm32f4xx_hal_tim_ex.o(.text)
    HAL_TIMEx_ConfigBreakDeadTime            0x0800f315   Thumb Code    80  stm32f4xx_hal_tim_ex.o(.text)
    HAL_TIMEx_RemapConfig                    0x0800f365   Thumb Code    48  stm32f4xx_hal_tim_ex.o(.text)
    HAL_TIMEx_BreakCallback                  0x0800f395   Thumb Code     2  stm32f4xx_hal_tim_ex.o(.text)
    HAL_TIMEx_HallSensor_GetState            0x0800f397   Thumb Code     8  stm32f4xx_hal_tim_ex.o(.text)
    __use_two_region_memory                  0x0800f3a5   Thumb Code     2  heapauxi.o(.text)
    __rt_heap_escrow$2region                 0x0800f3a7   Thumb Code     2  heapauxi.o(.text)
    __rt_heap_expand$2region                 0x0800f3a9   Thumb Code     2  heapauxi.o(.text)
    __read_errno                             0x0800f3ab   Thumb Code    10  _rserrno.o(.text)
    __set_errno                              0x0800f3b5   Thumb Code    12  _rserrno.o(.text)
    __aeabi_errno_addr                       0x0800f3c1   Thumb Code     8  rt_errno_addr_intlibspace.o(.text)
    __errno$intlibspace                      0x0800f3c1   Thumb Code     0  rt_errno_addr_intlibspace.o(.text)
    __rt_errno_addr$intlibspace              0x0800f3c1   Thumb Code     0  rt_errno_addr_intlibspace.o(.text)
    __user_libspace                          0x0800f3c9   Thumb Code     8  libspace.o(.text)
    __user_perproc_libspace                  0x0800f3c9   Thumb Code     0  libspace.o(.text)
    __user_perthread_libspace                0x0800f3c9   Thumb Code     0  libspace.o(.text)
    __user_setup_stackheap                   0x0800f3d1   Thumb Code    74  sys_stackheap_outer.o(.text)
    exit                                     0x0800f41b   Thumb Code    12  exit.o(.text)
    _sys_exit                                0x0800f429   Thumb Code     8  sys_exit.o(.text)
    __I$use$semihosting                      0x0800f435   Thumb Code     0  use_no_semi.o(.text)
    __use_no_semihosting_swi                 0x0800f435   Thumb Code     2  use_no_semi.o(.text)
    __ARM_fpclassifyf                        0x0800f437   Thumb Code    38  fpclassifyf.o(i.__ARM_fpclassifyf)
    __semihosting_library_function           0x0800f437   Thumb Code     0  indicate_semi.o(.text)
    __hardfp_atan2f                          0x0800f45d   Thumb Code   502  atan2f.o(i.__hardfp_atan2f)
    __hardfp_cosf                            0x0800f6ad   Thumb Code   280  cosf.o(i.__hardfp_cosf)
    __hardfp_sinf                            0x0800f7fd   Thumb Code   344  sinf.o(i.__hardfp_sinf)
    __mathlib_flt_infnan                     0x0800f98d   Thumb Code     6  funder.o(i.__mathlib_flt_infnan)
    __mathlib_flt_infnan2                    0x0800f993   Thumb Code     6  funder.o(i.__mathlib_flt_infnan2)
    __mathlib_flt_invalid                    0x0800f999   Thumb Code    10  funder.o(i.__mathlib_flt_invalid)
    __mathlib_flt_underflow                  0x0800f9a9   Thumb Code    10  funder.o(i.__mathlib_flt_underflow)
    __mathlib_rredf2                         0x0800f9b9   Thumb Code   316  rredf.o(i.__mathlib_rredf2)
    _fp_init                                 0x0800fb0d   Thumb Code    10  fpinit.o(x$fpl$fpinit)
    __fplib_config_fpu_vfp                   0x0800fb15   Thumb Code     0  fpinit.o(x$fpl$fpinit)
    __fplib_config_pureend_doubles           0x0800fb15   Thumb Code     0  fpinit.o(x$fpl$fpinit)
    GPIO_PIN                                 0x0800fb16   Data           8  stm32f401_discovery.o(.constdata)
    __I$use$fp                               0x0800fb16   Number         0  usenofp.o(x$fpl$usenofp)
    BUTTON_PIN                               0x0800fb1e   Data           2  stm32f401_discovery.o(.constdata)
    BUTTON_IRQn                              0x0800fb20   Data           1  stm32f401_discovery.o(.constdata)
    APBAHBPrescTable                         0x0800fb21   Data          16  stm32f4xx_hal_rcc.o(.constdata)
    Region$$Table$$Base                      0x0800fb54   Number         0  anon$$obj.o(Region$$Table)
    Region$$Table$$Limit                     0x0800fb74   Number         0  anon$$obj.o(Region$$Table)
    button_flag                              0x20000000   Data           1  main.o(.data)
    tick                                     0x20000004   Data           4  main.o(.data)
    GPIO_PORT                                0x20000008   Data          16  stm32f401_discovery.o(.data)
    BUTTON_PORT                              0x20000018   Data           4  stm32f401_discovery.o(.data)
    I2cxTimeout                              0x2000001c   Data           4  stm32f401_discovery.o(.data)
    SpixTimeout                              0x20000020   Data           4  stm32f401_discovery.o(.data)
    Lsm303dlhcDrv                            0x20000028   Data          44  lsm303dlhc.o(.data)
    tmpreg2A                                 0x20000054   Data           8  lsm303dlhc.o(.data)
    tmpreg3A                                 0x2000005c   Data           1  lsm303dlhc.o(.data)
    tmpregcfgA                               0x2000005d   Data           1  lsm303dlhc.o(.data)
    L3gd20Drv                                0x20000060   Data          44  l3gd20.o(.data)
    CCR1_Val                                 0x200000a4   Data           2  tim_pwm.o(.data)
    CCR3_Val                                 0x200000a6   Data           2  tim_pwm.o(.data)
    CCR4_Val                                 0x200000a8   Data           2  tim_pwm.o(.data)
    PrescalerValue                           0x200000aa   Data           2  tim_pwm.o(.data)
    SystemCoreClock                          0x200000b0   Data           4  system_stm32f4xx.o(.data)
    AHBPrescTable                            0x200000b4   Data          16  system_stm32f4xx.o(.data)
    TIM_TimeBaseStructure                    0x200001a4   Data          20  tim_pwm.o(.bss)
    TIM_OCInitStructure                      0x200001b8   Data          28  tim_pwm.o(.bss)
    TIM4_Handle                              0x200001d4   Data          60  tim_pwm.o(.bss)
    __libspace_start                         0x20000210   Data          96  libspace.o(.bss)
    __temporary_stack_top$libspace           0x20000270   Data           0  libspace.o(.bss)



==============================================================================

Memory Map of the image

  Image Entry point : 0x08000195

  Load Region LR_IROM1 (Base: 0x08000000, Size: 0x0000fc38, Max: 0x00040000, ABSOLUTE)

    Execution Region ER_IROM1 (Base: 0x08000000, Size: 0x0000fb74, Max: 0x00040000, ABSOLUTE)

    Base Addr    Size         Type   Attr      Idx    E Section Name        Object

    0x08000000   0x00000194   Data   RO          566    RESET               startup_stm32f401xc.o
    0x08000194   0x00000008   Code   RO          773  * !!!main             c_w.l(__main.o)
    0x0800019c   0x00000034   Code   RO          992    !!!scatter          c_w.l(__scatter.o)
    0x080001d0   0x0000001a   Code   RO          994    !!handler_copy      c_w.l(__scatter_copy.o)
    0x080001ea   0x00000002   PAD
    0x080001ec   0x0000001c   Code   RO          996    !!handler_zi        c_w.l(__scatter_zi.o)
    0x08000208   0x00000002   Code   RO          866    .ARM.Collect$$libinit$$00000000  c_w.l(libinit.o)
    0x0800020a   0x00000004   Code   RO          869    .ARM.Collect$$libinit$$00000001  c_w.l(libinit2.o)
    0x0800020e   0x00000000   Code   RO          872    .ARM.Collect$$libinit$$00000004  c_w.l(libinit2.o)
    0x0800020e   0x00000000   Code   RO          875    .ARM.Collect$$libinit$$0000000A  c_w.l(libinit2.o)
    0x0800020e   0x00000000   Code   RO          877    .ARM.Collect$$libinit$$0000000C  c_w.l(libinit2.o)
    0x0800020e   0x00000000   Code   RO          879    .ARM.Collect$$libinit$$0000000E  c_w.l(libinit2.o)
    0x0800020e   0x00000000   Code   RO          882    .ARM.Collect$$libinit$$00000011  c_w.l(libinit2.o)
    0x0800020e   0x00000000   Code   RO          884    .ARM.Collect$$libinit$$00000013  c_w.l(libinit2.o)
    0x0800020e   0x00000000   Code   RO          886    .ARM.Collect$$libinit$$00000015  c_w.l(libinit2.o)
    0x0800020e   0x00000000   Code   RO          888    .ARM.Collect$$libinit$$00000017  c_w.l(libinit2.o)
    0x0800020e   0x00000000   Code   RO          890    .ARM.Collect$$libinit$$00000019  c_w.l(libinit2.o)
    0x0800020e   0x00000000   Code   RO          892    .ARM.Collect$$libinit$$0000001B  c_w.l(libinit2.o)
    0x0800020e   0x00000000   Code   RO          894    .ARM.Collect$$libinit$$0000001D  c_w.l(libinit2.o)
    0x0800020e   0x00000000   Code   RO          896    .ARM.Collect$$libinit$$0000001F  c_w.l(libinit2.o)
    0x0800020e   0x00000000   Code   RO          898    .ARM.Collect$$libinit$$00000021  c_w.l(libinit2.o)
    0x0800020e   0x00000000   Code   RO          900    .ARM.Collect$$libinit$$00000023  c_w.l(libinit2.o)
    0x0800020e   0x00000000   Code   RO          902    .ARM.Collect$$libinit$$00000025  c_w.l(libinit2.o)
    0x0800020e   0x00000000   Code   RO          906    .ARM.Collect$$libinit$$0000002C  c_w.l(libinit2.o)
    0x0800020e   0x00000000   Code   RO          908    .ARM.Collect$$libinit$$0000002E  c_w.l(libinit2.o)
    0x0800020e   0x00000000   Code   RO          910    .ARM.Collect$$libinit$$00000030  c_w.l(libinit2.o)
    0x0800020e   0x00000000   Code   RO          912    .ARM.Collect$$libinit$$00000032  c_w.l(libinit2.o)
    0x0800020e   0x00000002   Code   RO          913    .ARM.Collect$$libinit$$00000033  c_w.l(libinit2.o)
    0x08000210   0x00000002   Code   RO          933    .ARM.Collect$$libshutdown$$00000000  c_w.l(libshutdown.o)
    0x08000212   0x00000000   Code   RO          947    .ARM.Collect$$libshutdown$$00000003  c_w.l(libshutdown2.o)
    0x08000212   0x00000000   Code   RO          950    .ARM.Collect$$libshutdown$$00000006  c_w.l(libshutdown2.o)
    0x08000212   0x00000000   Code   RO          953    .ARM.Collect$$libshutdown$$00000009  c_w.l(libshutdown2.o)
    0x08000212   0x00000000   Code   RO          955    .ARM.Collect$$libshutdown$$0000000B  c_w.l(libshutdown2.o)
    0x08000212   0x00000000   Code   RO          958    .ARM.Collect$$libshutdown$$0000000E  c_w.l(libshutdown2.o)
    0x08000212   0x00000002   Code   RO          959    .ARM.Collect$$libshutdown$$0000000F  c_w.l(libshutdown2.o)
    0x08000214   0x00000000   Code   RO          811    .ARM.Collect$$rtentry$$00000000  c_w.l(__rtentry.o)
    0x08000214   0x00000000   Code   RO          835    .ARM.Collect$$rtentry$$00000002  c_w.l(__rtentry2.o)
    0x08000214   0x00000006   Code   RO          847    .ARM.Collect$$rtentry$$00000004  c_w.l(__rtentry4.o)
    0x0800021a   0x00000000   Code   RO          837    .ARM.Collect$$rtentry$$00000009  c_w.l(__rtentry2.o)
    0x0800021a   0x00000004   Code   RO          838    .ARM.Collect$$rtentry$$0000000A  c_w.l(__rtentry2.o)
    0x0800021e   0x00000000   Code   RO          840    .ARM.Collect$$rtentry$$0000000C  c_w.l(__rtentry2.o)
    0x0800021e   0x00000008   Code   RO          841    .ARM.Collect$$rtentry$$0000000D  c_w.l(__rtentry2.o)
    0x08000226   0x00000002   Code   RO          867    .ARM.Collect$$rtexit$$00000000  c_w.l(rtexit.o)
    0x08000228   0x00000000   Code   RO          915    .ARM.Collect$$rtexit$$00000002  c_w.l(rtexit2.o)
    0x08000228   0x00000004   Code   RO          916    .ARM.Collect$$rtexit$$00000003  c_w.l(rtexit2.o)
    0x0800022c   0x00000006   Code   RO          917    .ARM.Collect$$rtexit$$00000004  c_w.l(rtexit2.o)
    0x08000232   0x00000002   PAD
    0x08000234   0x000000b4   Code   RO            4    .text               main.o
    0x080002e8   0x00000584   Code   RO          156    .text               stm32f401_discovery.o
    0x0800086c   0x0000015c   Code   RO          188    .text               stm32f401_discovery_accelerometer.o
    0x080009c8   0x0000044e   Code   RO          224    .text               lsm303dlhc.o
    0x08000e16   0x00000002   PAD
    0x08000e18   0x000002bc   Code   RO          251    .text               l3gd20.o
    0x080010d4   0x00000150   Code   RO          272    .text               stm32f401_discovery_gyroscope.o
    0x08001224   0x000003c8   Code   RO          308    .text               mag_accel.o
    0x080015ec   0x00000144   Code   RO          335    .text               tim_pwm.o
    0x08001730   0x00000180   Code   RO          390    .text               stm32f4xx_hal.o
    0x080018b0   0x000002a8   Code   RO          416    .text               stm32f4xx_hal_cortex.o
    0x08001b58   0x0000033c   Code   RO          444    .text               stm32f4xx_hal_gpio.o
    0x08001e94   0x00000a3c   Code   RO          516    .text               stm32f4xx_hal_rcc.o
    0x080028d0   0x00000040   Code   RO          567    .text               startup_stm32f401xc.o
    0x08002910   0x00000120   Code   RO          574    .text               system_stm32f4xx.o
    0x08002a30   0x00005ee8   Code   RO          604    .text               stm32f4xx_hal_dma.o
    0x08008918   0x00002284   Code   RO          652    .text               stm32f4xx_hal_i2c.o
    0x0800ab9c   0x000015ac   Code   RO          700    .text               stm32f4xx_hal_spi.o
    0x0800c148   0x00002502   Code   RO          724    .text               stm32f4xx_hal_tim.o
    0x0800e64a   0x00000002   PAD
    0x0800e64c   0x00000d58   Code   RO          748    .text               stm32f4xx_hal_tim_ex.o
    0x0800f3a4   0x00000006   Code   RO          771    .text               c_w.l(heapauxi.o)
    0x0800f3aa   0x00000016   Code   RO          812    .text               c_w.l(_rserrno.o)
    0x0800f3c0   0x00000008   Code   RO          852    .text               c_w.l(rt_errno_addr_intlibspace.o)
    0x0800f3c8   0x00000008   Code   RO          854    .text               c_w.l(libspace.o)
    0x0800f3d0   0x0000004a   Code   RO          857    .text               c_w.l(sys_stackheap_outer.o)
    0x0800f41a   0x0000000c   Code   RO          859    .text               c_w.l(exit.o)
    0x0800f426   0x00000002   PAD
    0x0800f428   0x0000000c   Code   RO          925    .text               c_w.l(sys_exit.o)
    0x0800f434   0x00000002   Code   RO          936    .text               c_w.l(use_no_semi.o)
    0x0800f436   0x00000000   Code   RO          938    .text               c_w.l(indicate_semi.o)
    0x0800f436   0x00000026   Code   RO          815    i.__ARM_fpclassifyf  m_wm.l(fpclassifyf.o)
    0x0800f45c   0x00000250   Code   RO          775    i.__hardfp_atan2f   m_wm.l(atan2f.o)
    0x0800f6ac   0x00000150   Code   RO          787    i.__hardfp_cosf     m_wm.l(cosf.o)
    0x0800f7fc   0x00000190   Code   RO          799    i.__hardfp_sinf     m_wm.l(sinf.o)
    0x0800f98c   0x00000006   Code   RO          818    i.__mathlib_flt_infnan  m_wm.l(funder.o)
    0x0800f992   0x00000006   Code   RO          819    i.__mathlib_flt_infnan2  m_wm.l(funder.o)
    0x0800f998   0x00000010   Code   RO          820    i.__mathlib_flt_invalid  m_wm.l(funder.o)
    0x0800f9a8   0x00000010   Code   RO          823    i.__mathlib_flt_underflow  m_wm.l(funder.o)
    0x0800f9b8   0x00000154   Code   RO          831    i.__mathlib_rredf2  m_wm.l(rredf.o)
    0x0800fb0c   0x0000000a   Code   RO          923    x$fpl$fpinit        fz_wm.l(fpinit.o)
    0x0800fb16   0x00000000   Code   RO          814    x$fpl$usenofp       fz_wm.l(usenofp.o)
    0x0800fb16   0x0000000b   Data   RO          158    .constdata          stm32f401_discovery.o
    0x0800fb21   0x00000010   Data   RO          517    .constdata          stm32f4xx_hal_rcc.o
    0x0800fb31   0x00000003   PAD
    0x0800fb34   0x00000020   Data   RO          832    .constdata          m_wm.l(rredf.o)
    0x0800fb54   0x00000020   Data   RO          990    Region$$Table       anon$$obj.o


    Execution Region RW_IRAM1 (Base: 0x20000000, Size: 0x00000870, Max: 0x00010000, ABSOLUTE)

    Base Addr    Size         Type   Attr      Idx    E Section Name        Object

    0x20000000   0x00000008   Data   RW            5    .data               main.o
    0x20000008   0x0000001c   Data   RW          159    .data               stm32f401_discovery.o
    0x20000024   0x00000004   Data   RW          189    .data               stm32f401_discovery_accelerometer.o
    0x20000028   0x00000036   Data   RW          225    .data               lsm303dlhc.o
    0x2000005e   0x00000002   PAD
    0x20000060   0x0000002c   Data   RW          252    .data               l3gd20.o
    0x2000008c   0x00000004   Data   RW          273    .data               stm32f401_discovery_gyroscope.o
    0x20000090   0x00000014   Data   RW          310    .data               mag_accel.o
    0x200000a4   0x00000008   Data   RW          337    .data               tim_pwm.o
    0x200000ac   0x00000004   Data   RW          391    .data               stm32f4xx_hal.o
    0x200000b0   0x00000014   Data   RW          575    .data               system_stm32f4xx.o
    0x200000c4   0x0000008c   Zero   RW          157    .bss                stm32f401_discovery.o
    0x20000150   0x00000054   Zero   RW          309    .bss                mag_accel.o
    0x200001a4   0x0000006c   Zero   RW          336    .bss                tim_pwm.o
    0x20000210   0x00000060   Zero   RW          855    .bss                c_w.l(libspace.o)
    0x20000270   0x00000200   Zero   RW          565    HEAP                startup_stm32f401xc.o
    0x20000470   0x00000400   Zero   RW          564    STACK               startup_stm32f401xc.o


==============================================================================

Image component sizes


      Code (inc. data)   RO Data    RW Data    ZI Data      Debug   Object Name

       700         22          0         44          0       2837   l3gd20.o
      1102          0          0         54          0       6153   lsm303dlhc.o
       968         76          0         20         84       2036   mag_accel.o
       180         22          0          8          0     231950   main.o
        64         26        404          0       1536        860   startup_stm32f401xc.o
      1412         86         11         28        140      11752   stm32f401_discovery.o
       348         10          0          4          0       3503   stm32f401_discovery_accelerometer.o
       336         10          0          4          0       3518   stm32f401_discovery_gyroscope.o
       384         24          0          4          0       4748   stm32f4xx_hal.o
       680         20          0          0          0      32030   stm32f4xx_hal_cortex.o
     24296        262          0          0          0      17328   stm32f4xx_hal_dma.o
       828         52          0          0          0       4547   stm32f4xx_hal_gpio.o
      8836        104          0          0          0      21627   stm32f4xx_hal_i2c.o
      2620         80         16          0          0       5878   stm32f4xx_hal_rcc.o
      5548         52          0          0          0      12984   stm32f4xx_hal_spi.o
      9474        110          0          0          0      30128   stm32f4xx_hal_tim.o
      3416         26          0          0          0      11906   stm32f4xx_hal_tim_ex.o
       288         32          0         20          0       1639   system_stm32f4xx.o
       324         38          0          8        108       1783   tim_pwm.o

    ----------------------------------------------------------------------
     61808       1052        466        196       1868     407207   Object Totals
         0          0         32          0          0          0   (incl. Generated)
         4          0          3          2          0          0   (incl. Padding)

    ----------------------------------------------------------------------

      Code (inc. data)   RO Data    RW Data    ZI Data      Debug   Library Member Name

         8          0          0          0          0         68   __main.o
         0          0          0          0          0          0   __rtentry.o
        12          0          0          0          0          0   __rtentry2.o
         6          0          0          0          0          0   __rtentry4.o
        52          8          0          0          0          0   __scatter.o
        26          0          0          0          0          0   __scatter_copy.o
        28          0          0          0          0          0   __scatter_zi.o
        22          0          0          0          0        100   _rserrno.o
        12          0          0          0          0         72   exit.o
         6          0          0          0          0        152   heapauxi.o
         0          0          0          0          0          0   indicate_semi.o
         2          0          0          0          0          0   libinit.o
         6          0          0          0          0          0   libinit2.o
         2          0          0          0          0          0   libshutdown.o
         2          0          0          0          0          0   libshutdown2.o
         8          4          0          0         96         68   libspace.o
         8          4          0          0          0         68   rt_errno_addr_intlibspace.o
         2          0          0          0          0          0   rtexit.o
        10          0          0          0          0          0   rtexit2.o
        12          4          0          0          0         68   sys_exit.o
        74          0          0          0          0         80   sys_stackheap_outer.o
         2          0          0          0          0         68   use_no_semi.o
        10          0          0          0          0        116   fpinit.o
         0          0          0          0          0          0   usenofp.o
       592         90          0          0          0        184   atan2f.o
       336         56          0          0          0        136   cosf.o
        38          0          0          0          0        116   fpclassifyf.o
        44         12          0          0          0        464   funder.o
       340         24         32          0          0        160   rredf.o
       400         56          0          0          0        212   sinf.o

    ----------------------------------------------------------------------
      2066        258         32          0         96       2132   Library Totals
         6          0          0          0          0          0   (incl. Padding)

    ----------------------------------------------------------------------

      Code (inc. data)   RO Data    RW Data    ZI Data      Debug   Library Name

       300         20          0          0         96        744   c_w.l
        10          0          0          0          0        116   fz_wm.l
      1750        238         32          0          0       1272   m_wm.l

    ----------------------------------------------------------------------
      2066        258         32          0         96       2132   Library Totals

    ----------------------------------------------------------------------

==============================================================================


      Code (inc. data)   RO Data    RW Data    ZI Data      Debug   

     63874       1310        498        196       1964     403979   Grand Totals
     63874       1310        498        196       1964     403979   ELF Image Totals
     63874       1310        498        196          0          0   ROM Totals

==============================================================================

    Total RO  Size (Code + RO Data)                64372 (  62.86kB)
    Total RW  Size (RW Data + ZI Data)              2160 (   2.11kB)
    Total ROM Size (Code + RO Data + RW Data)      64568 (  63.05kB)

==============================================================================

